Component: ARM Compiler 6.14 Tool: armlink [5db06800]

==============================================================================

Section Cross References

    main.o(.text) refers (Special) to _printf_d.o(.ARM.Collect$$_printf_percent$$00000009) for _printf_d
    main.o(.text) refers (Special) to _printf_f.o(.ARM.Collect$$_printf_percent$$00000003) for _printf_f
    main.o(.text) refers (Special) to printf1.o(x$fpl$printf1) for _printf_fp_dec
    main.o(.text) refers (Special) to _printf_dec.o(.text) for _printf_int_dec
    main.o(.text) refers (Special) to _printf_hex_int.o(.text) for _printf_longlong_hex
    main.o(.text) refers (Special) to _printf_percent.o(.ARM.Collect$$_printf_percent$$00000000) for _printf_percent
    main.o(.text) refers (Special) to _printf_pad.o(.text) for _printf_pre_padding
    main.o(.text) refers (Special) to _printf_s.o(.ARM.Collect$$_printf_percent$$00000014) for _printf_s
    main.o(.text) refers (Special) to _printf_str.o(.text) for _printf_str
    main.o(.text) refers (Special) to _printf_x.o(.ARM.Collect$$_printf_percent$$0000000C) for _printf_x
    main.o(.text.main) refers (Special) to _printf_d.o(.ARM.Collect$$_printf_percent$$00000009) for _printf_d
    main.o(.text.main) refers (Special) to _printf_f.o(.ARM.Collect$$_printf_percent$$00000003) for _printf_f
    main.o(.text.main) refers (Special) to printf1.o(x$fpl$printf1) for _printf_fp_dec
    main.o(.text.main) refers (Special) to _printf_dec.o(.text) for _printf_int_dec
    main.o(.text.main) refers (Special) to _printf_hex_int.o(.text) for _printf_longlong_hex
    main.o(.text.main) refers (Special) to _printf_percent.o(.ARM.Collect$$_printf_percent$$00000000) for _printf_percent
    main.o(.text.main) refers (Special) to _printf_pad.o(.text) for _printf_pre_padding
    main.o(.text.main) refers (Special) to _printf_s.o(.ARM.Collect$$_printf_percent$$00000014) for _printf_s
    main.o(.text.main) refers (Special) to _printf_str.o(.text) for _printf_str
    main.o(.text.main) refers (Special) to _printf_x.o(.ARM.Collect$$_printf_percent$$0000000C) for _printf_x
    main.o(.text.main) refers to main.o(.text.SysTick_Config) for SysTick_Config
    main.o(.text.main) refers to led.o(.text.LED_Init) for LED_Init
    main.o(.text.main) refers to led.o(.text.LED_Welcome) for LED_Welcome
    main.o(.text.main) refers to uart.o(.text.UART_Init) for UART_Init
    main.o(.text.main) refers to uart.o(.text.UART_Println) for UART_Println
    main.o(.text.main) refers to i2c.o(.text.I2C_Init) for I2C_Init
    main.o(.text.main) refers to main.o(.text.bus_scan) for bus_scan
    main.o(.text.main) refers to main.o(.text.expander_looptest) for expander_looptest
    main.o(.text.main) refers to i2c.o(.text.I2C_Write) for I2C_Write
    main.o(.text.main) refers to i2c.o(.text.I2C_ReadReg) for I2C_ReadReg
    main.o(.text.main) refers to noretval__2sprintf.o(.text) for __2sprintf
    main.o(.text.main) refers to i2c.o(.text.I2C_WriteReg) for I2C_WriteReg
    main.o(.text.main) refers to dflti.o(.text) for __aeabi_i2d
    main.o(.text.main) refers to dmul.o(.text) for __aeabi_dmul
    main.o(.text.main) refers to i2c.o(.text.I2C_ReadRegBlock) for I2C_ReadRegBlock
    main.o(.text.main) refers to uart.o(.text.UART_Print) for UART_Print
    main.o(.text.main) refers to led.o(.text.LED_Ctrl) for LED_Ctrl
    main.o(.text.main) refers to main.o(.rodata.str1.1) for .L.str
    main.o(.text.main) refers to main.o(.bss.readout) for [Anonymous Symbol]
    main.o(.text.main) refers to main.o(.bss.temp) for [Anonymous Symbol]
    main.o(.text.main) refers to main.o(.bss.arrayXYZ) for [Anonymous Symbol]
    main.o(.text.main) refers to main.o(.bss.newTick) for [Anonymous Symbol]
    main.o(.text.main) refers to main.o(.bss.msTicks) for [Anonymous Symbol]
    main.o(.ARM.exidx.text.main) refers (Special) to _printf_d.o(.ARM.Collect$$_printf_percent$$00000009) for _printf_d
    main.o(.ARM.exidx.text.main) refers (Special) to _printf_f.o(.ARM.Collect$$_printf_percent$$00000003) for _printf_f
    main.o(.ARM.exidx.text.main) refers (Special) to printf1.o(x$fpl$printf1) for _printf_fp_dec
    main.o(.ARM.exidx.text.main) refers (Special) to _printf_dec.o(.text) for _printf_int_dec
    main.o(.ARM.exidx.text.main) refers (Special) to _printf_hex_int.o(.text) for _printf_longlong_hex
    main.o(.ARM.exidx.text.main) refers (Special) to _printf_percent.o(.ARM.Collect$$_printf_percent$$00000000) for _printf_percent
    main.o(.ARM.exidx.text.main) refers (Special) to _printf_pad.o(.text) for _printf_pre_padding
    main.o(.ARM.exidx.text.main) refers (Special) to _printf_s.o(.ARM.Collect$$_printf_percent$$00000014) for _printf_s
    main.o(.ARM.exidx.text.main) refers (Special) to _printf_str.o(.text) for _printf_str
    main.o(.ARM.exidx.text.main) refers (Special) to _printf_x.o(.ARM.Collect$$_printf_percent$$0000000C) for _printf_x
    main.o(.ARM.exidx.text.main) refers to main.o(.text.main) for [Anonymous Symbol]
[...]
    lc_numeric_c.o(locale$$code) refers (Special) to libinit2.o(.ARM.Collect$$libinit$$00000016) for __rt_lib_init_lc_numeric_2
    lc_numeric_c.o(locale$$code) refers to strcmpv6m.o(.text) for strcmp
    lc_numeric_c.o(locale$$code) refers to lc_numeric_c.o(locale$$data) for __lcnum_c_name
    ieee_status.o(.text) refers (Special) to usenofp.o(x$fpl$usenofp) for __I$use$fp
    fpclassify.o(i.__ARM_fpclassify) refers (Special) to usenofp.o(x$fpl$usenofp) for __I$use$fp
    libspace.o(.text) refers to libspace.o(.bss) for __libspace_start
    sys_stackheap_outer.o(.text) refers to libspace.o(.text) for __user_perproc_libspace
    sys_stackheap_outer.o(.text) refers to startup_mkl05z4.o(.text) for __user_initial_stackheap
    sys_stackheap_outer.o(__vectab_stack_and_reset_area) refers to tempstk.o(.text) for __temporary_stack_top
    sys_stackheap_outer.o(__vectab_stack_and_reset_area) refers to __main.o(!!!main) for __main
    btod_accurate_common.o(.text) refers to aeabi_sdivfast.o(.text) for __aeabi_uidivmod
    btod_accurate_common.o(.text) refers to llushr.o(.text) for __aeabi_llsr
    exit.o(.text) refers to rtexit.o(.ARM.Collect$$rtexit$$00000000) for __rt_exit
    defsig_fpe_outer.o(.text) refers to defsig_fpe_inner.o(.text) for __rt_SIGFPE_inner
    defsig_fpe_outer.o(.text) refers to defsig_exit.o(.text) for __sig_exit
    defsig_fpe_formal.o(.text) refers to rt_raise.o(.text) for __rt_raise
    libinit.o(.ARM.Collect$$libinit$$00000000) refers (Special) to libinit2.o(.ARM.Collect$$libinit$$0000002E) for __rt_lib_init_alloca_1
    libinit.o(.ARM.Collect$$libinit$$00000000) refers (Special) to libinit2.o(.ARM.Collect$$libinit$$0000002C) for __rt_lib_init_argv_1
    libinit.o(.ARM.Collect$$libinit$$00000000) refers (Special) to libinit2.o(.ARM.Collect$$libinit$$0000001B) for __rt_lib_init_atexit_1
    libinit.o(.ARM.Collect$$libinit$$00000000) refers (Special) to libinit2.o(.ARM.Collect$$libinit$$00000021) for __rt_lib_init_clock_1
    libinit.o(.ARM.Collect$$libinit$$00000000) refers (Special) to libinit2.o(.ARM.Collect$$libinit$$00000032) for __rt_lib_init_cpp_1
    libinit.o(.ARM.Collect$$libinit$$00000000) refers (Special) to libinit2.o(.ARM.Collect$$libinit$$00000030) for __rt_lib_init_exceptions_1
    libinit.o(.ARM.Collect$$libinit$$00000000) refers (Special) to libinit2.o(.ARM.Collect$$libinit$$00000002) for __rt_lib_init_fp_1
    libinit.o(.ARM.Collect$$libinit$$00000000) refers (Special) to libinit2.o(.ARM.Collect$$libinit$$0000001F) for __rt_lib_init_fp_trap_1
    libinit.o(.ARM.Collect$$libinit$$00000000) refers (Special) to libinit2.o(.ARM.Collect$$libinit$$00000023) for __rt_lib_init_getenv_1
    libinit.o(.ARM.Collect$$libinit$$00000000) refers (Special) to libinit2.o(.ARM.Collect$$libinit$$0000000A) for __rt_lib_init_heap_1
    libinit.o(.ARM.Collect$$libinit$$00000000) refers (Special) to libinit2.o(.ARM.Collect$$libinit$$00000011) for __rt_lib_init_lc_collate_1
    libinit.o(.ARM.Collect$$libinit$$00000000) refers (Special) to libinit2.o(.ARM.Collect$$libinit$$00000013) for __rt_lib_init_lc_ctype_1
    libinit.o(.ARM.Collect$$libinit$$00000000) refers (Special) to libinit2.o(.ARM.Collect$$libinit$$00000015) for __rt_lib_init_lc_monetary_1
    libinit.o(.ARM.Collect$$libinit$$00000000) refers (Special) to libinit2.o(.ARM.Collect$$libinit$$00000017) for __rt_lib_init_lc_numeric_1
    libinit.o(.ARM.Collect$$libinit$$00000000) refers (Special) to libinit2.o(.ARM.Collect$$libinit$$00000019) for __rt_lib_init_lc_time_1
    libinit.o(.ARM.Collect$$libinit$$00000000) refers (Special) to libinit2.o(.ARM.Collect$$libinit$$00000004) for __rt_lib_init_preinit_1
    libinit.o(.ARM.Collect$$libinit$$00000000) refers (Special) to libinit2.o(.ARM.Collect$$libinit$$0000000E) for __rt_lib_init_rand_1
    libinit.o(.ARM.Collect$$libinit$$00000000) refers (Special) to libinit2.o(.ARM.Collect$$libinit$$00000033) for __rt_lib_init_return
    libinit.o(.ARM.Collect$$libinit$$00000000) refers (Special) to libinit2.o(.ARM.Collect$$libinit$$0000001D) for __rt_lib_init_signal_1
    libinit.o(.ARM.Collect$$libinit$$00000000) refers (Special) to libinit2.o(.ARM.Collect$$libinit$$00000025) for __rt_lib_init_stdio_1
    libinit.o(.ARM.Collect$$libinit$$00000000) refers (Special) to libinit2.o(.ARM.Collect$$libinit$$0000000C) for __rt_lib_init_user_alloc_1
    libinit2.o(.ARM.Collect$$libinit$$0000000F) refers (Weak) to rt_locale_intlibspace.o(.text) for __rt_locale
    libinit2.o(.ARM.Collect$$libinit$$00000010) refers to libinit2.o(.ARM.Collect$$libinit$$0000000F) for .ARM.Collect$$libinit$$0000000F
    libinit2.o(.ARM.Collect$$libinit$$00000012) refers to libinit2.o(.ARM.Collect$$libinit$$0000000F) for .ARM.Collect$$libinit$$0000000F
    libinit2.o(.ARM.Collect$$libinit$$00000014) refers to libinit2.o(.ARM.Collect$$libinit$$0000000F) for .ARM.Collect$$libinit$$0000000F
    libinit2.o(.ARM.Collect$$libinit$$00000016) refers to libinit2.o(.ARM.Collect$$libinit$$0000000F) for .ARM.Collect$$libinit$$0000000F
    libinit2.o(.ARM.Collect$$libinit$$00000016) refers (Weak) to lc_numeric_c.o(locale$$code) for _get_lc_numeric
    libinit2.o(.ARM.Collect$$libinit$$00000018) refers to libinit2.o(.ARM.Collect$$libinit$$0000000F) for .ARM.Collect$$libinit$$0000000F
    libinit2.o(.ARM.Collect$$libinit$$00000026) refers to argv_veneer.o(.text) for __ARM_argv_veneer
    libinit2.o(.ARM.Collect$$libinit$$00000027) refers to argv_veneer.o(.text) for __ARM_argv_veneer
    rtexit.o(.ARM.Collect$$rtexit$$00000000) refers (Special) to rtexit2.o(.ARM.Collect$$rtexit$$00000004) for __rt_exit_exit
    rtexit.o(.ARM.Collect$$rtexit$$00000000) refers (Special) to rtexit2.o(.ARM.Collect$$rtexit$$00000003) for __rt_exit_ls
    rtexit.o(.ARM.Collect$$rtexit$$00000000) refers (Special) to rtexit2.o(.ARM.Collect$$rtexit$$00000002) for __rt_exit_prels_1
    rtexit.o(.ARM.exidx) refers (Special) to rtexit2.o(.ARM.Collect$$rtexit$$00000004) for __rt_exit_exit
    rtexit.o(.ARM.exidx) refers (Special) to rtexit2.o(.ARM.Collect$$rtexit$$00000003) for __rt_exit_ls
    rtexit.o(.ARM.exidx) refers (Special) to rtexit2.o(.ARM.Collect$$rtexit$$00000002) for __rt_exit_prels_1
    rtexit.o(.ARM.exidx) refers to rtexit.o(.ARM.Collect$$rtexit$$00000000) for .ARM.Collect$$rtexit$$00000000
    rt_raise.o(.text) refers to __raise.o(.text) for __raise
    rt_raise.o(.text) refers to sys_exit.o(.text) for _sys_exit
    defsig_exit.o(.text) refers to sys_exit.o(.text) for _sys_exit
    defsig_fpe_inner.o(.text) refers to defsig_general.o(.text) for __default_signal_display
    sys_exit.o(.text) refers (Special) to use_no_semi.o(.text) for __I$use$semihosting
    sys_exit.o(.text) refers (Special) to indicate_semi.o(.text) for __semihosting_library_function
    sys_exit_hlt.o(.text) refers (Special) to use_no_semi.o(.text) for __I$use$semihosting
    sys_exit_hlt.o(.text) refers (Special) to indicate_semi.o(.text) for __semihosting_library_function
    rtexit2.o(.ARM.Collect$$rtexit$$00000003) refers to libshutdown.o(.ARM.Collect$$libshutdown$$00000000) for __rt_lib_shutdown
    rtexit2.o(.ARM.Collect$$rtexit$$00000004) refers to sys_exit.o(.text) for _sys_exit
    rtexit2.o(.ARM.exidx) refers to rtexit2.o(.ARM.Collect$$rtexit$$00000001) for .ARM.Collect$$rtexit$$00000001
    rtexit2.o(.ARM.exidx) refers to rtexit2.o(.ARM.Collect$$rtexit$$00000003) for .ARM.Collect$$rtexit$$00000003
    rtexit2.o(.ARM.exidx) refers to rtexit2.o(.ARM.Collect$$rtexit$$00000004) for .ARM.Collect$$rtexit$$00000004
    __raise.o(.text) refers to defsig.o(CL$$defsig) for __default_signal_handler
    defsig_general.o(.text) refers to sys_wrch.o(.text) for _ttywrch
    _get_argv_nomalloc.o(.text) refers (Special) to hrguard.o(.text) for __heap_region$guard
    _get_argv_nomalloc.o(.text) refers to defsig_rtmem_outer.o(.text) for __rt_SIGRTMEM
    _get_argv_nomalloc.o(.text) refers to sys_command.o(.text) for _sys_command_string
    sys_wrch.o(.text) refers (Special) to use_no_semi.o(.text) for __I$use$semihosting
    sys_wrch.o(.text) refers (Special) to indicate_semi.o(.text) for __semihosting_library_function
    sys_command.o(.text) refers (Special) to use_no_semi.o(.text) for __I$use$semihosting
    sys_command.o(.text) refers (Special) to indicate_semi.o(.text) for __semihosting_library_function
    sys_wrch_hlt.o(.text) refers (Special) to use_no_semi.o(.text) for __I$use$semihosting
    sys_wrch_hlt.o(.text) refers (Special) to indicate_semi.o(.text) for __semihosting_library_function
    sys_command_hlt.o(.text) refers (Special) to use_no_semi.o(.text) for __I$use$semihosting
    sys_command_hlt.o(.text) refers (Special) to indicate_semi.o(.text) for __semihosting_library_function
    defsig_rtmem_outer.o(.text) refers to defsig_rtmem_inner.o(.text) for __rt_SIGRTMEM_inner
    defsig_rtmem_outer.o(.text) refers to defsig_exit.o(.text) for __sig_exit
    defsig_rtmem_formal.o(.text) refers to rt_raise.o(.text) for __rt_raise
    defsig.o(CL$$defsig) refers to defsig_fpe_inner.o(.text) for __rt_SIGFPE_inner
    defsig.o(CL$$defsig) refers to defsig_rtmem_inner.o(.text) for __rt_SIGRTMEM_inner
    libshutdown.o(.ARM.Collect$$libshutdown$$00000000) refers (Special) to libshutdown2.o(.ARM.Collect$$libshutdown$$00000002) for __rt_lib_shutdown_cpp_1
    libshutdown.o(.ARM.Collect$$libshutdown$$00000000) refers (Special) to libshutdown2.o(.ARM.Collect$$libshutdown$$00000007) for __rt_lib_shutdown_fp_trap_1
    libshutdown.o(.ARM.Collect$$libshutdown$$00000000) refers (Special) to libshutdown2.o(.ARM.Collect$$libshutdown$$0000000F) for __rt_lib_shutdown_heap_1
    libshutdown.o(.ARM.Collect$$libshutdown$$00000000) refers (Special) to libshutdown2.o(.ARM.Collect$$libshutdown$$00000010) for __rt_lib_shutdown_return
    libshutdown.o(.ARM.Collect$$libshutdown$$00000000) refers (Special) to libshutdown2.o(.ARM.Collect$$libshutdown$$0000000A) for __rt_lib_shutdown_signal_1
    libshutdown.o(.ARM.Collect$$libshutdown$$00000000) refers (Special) to libshutdown2.o(.ARM.Collect$$libshutdown$$00000004) for __rt_lib_shutdown_stdio_1
    libshutdown.o(.ARM.Collect$$libshutdown$$00000000) refers (Special) to libshutdown2.o(.ARM.Collect$$libshutdown$$0000000C) for __rt_lib_shutdown_user_alloc_1
    defsig_abrt_inner.o(.text) refers to defsig_general.o(.text) for __default_signal_display
    defsig_rtred_inner.o(.text) refers to defsig_general.o(.text) for __default_signal_display
    defsig_rtmem_inner.o(.text) refers to defsig_general.o(.text) for __default_signal_display
    defsig_stak_inner.o(.text) refers to defsig_general.o(.text) for __default_signal_display
    defsig_pvfn_inner.o(.text) refers to defsig_general.o(.text) for __default_signal_display
    defsig_cppl_inner.o(.text) refers to defsig_general.o(.text) for __default_signal_display
    defsig_segv_inner.o(.text) refers to defsig_general.o(.text) for __default_signal_display
    defsig_other.o(.text) refers to defsig_general.o(.text) for __default_signal_display


==============================================================================

Removing Unused input sections from the image.

    Removing main.o(.text), (0 bytes).
    Removing main.o(.ARM.exidx.text.main), (8 bytes).
    Removing main.o(.ARM.exidx.text.SysTick_Config), (8 bytes).
    Removing main.o(.ARM.exidx.text.bus_scan), (8 bytes).
    Removing main.o(.ARM.exidx.text.expander_looptest), (8 bytes).
    Removing main.o(.ARM.exidx.text.SysTick_Handler), (8 bytes).
    Removing main.o(.ARM.exidx.text.__NVIC_SetPriority), (8 bytes).
    Removing main.o(.ARM.use_no_argv), (4 bytes).
    Removing i2c.o(.text), (0 bytes).
    Removing i2c.o(.ARM.exidx.text.I2C_Init), (8 bytes).
    Removing i2c.o(.ARM.exidx.text.I2C_Ping), (8 bytes).
    Removing i2c.o(.ARM.exidx.text.i2c_enable), (8 bytes).
    Removing i2c.o(.ARM.exidx.text.i2c_tran), (8 bytes).
    Removing i2c.o(.ARM.exidx.text.i2c_m_start), (8 bytes).
    Removing i2c.o(.ARM.exidx.text.i2c_send), (8 bytes).
    Removing i2c.o(.ARM.exidx.text.i2c_wait), (8 bytes).
    Removing i2c.o(.ARM.exidx.text.i2c_m_stop), (8 bytes).
    Removing i2c.o(.ARM.exidx.text.i2c_disable), (8 bytes).
    Removing i2c.o(.ARM.exidx.text.I2C_Write), (8 bytes).
    Removing i2c.o(.ARM.exidx.text.I2C_Read), (8 bytes).
    Removing i2c.o(.ARM.exidx.text.i2c_rec), (8 bytes).
    Removing i2c.o(.ARM.exidx.text.i2c_nack), (8 bytes).
    Removing i2c.o(.ARM.exidx.text.i2c_recv), (8 bytes).
    Removing i2c.o(.ARM.exidx.text.I2C_WriteReg), (8 bytes).
    Removing i2c.o(.ARM.exidx.text.I2C_ReadReg), (8 bytes).
    Removing i2c.o(.ARM.exidx.text.i2c_m_rstart), (8 bytes).
    Removing i2c.o(.ARM.exidx.text.I2C_ReadRegBlock), (8 bytes).
    Removing i2c.o(.ARM.exidx.text.i2c_ack), (8 bytes).
    Removing led.o(.text), (0 bytes).
    Removing led.o(.ARM.exidx.text.LED_Init), (8 bytes).
    Removing led.o(.ARM.exidx.text.LED_Ctrl), (8 bytes).
    Removing led.o(.ARM.exidx.text.LED_Blink), (8 bytes).
    Removing led.o(.ARM.exidx.text.LED_Welcome), (8 bytes).
    Removing uart.o(.text), (0 bytes).
    Removing uart.o(.ARM.exidx.text.UART_Init), (8 bytes).
    Removing uart.o(.ARM.exidx.text.UART_Print), (8 bytes).
    Removing uart.o(.ARM.exidx.text.uart_send), (8 bytes).
    Removing uart.o(.ARM.exidx.text.UART_Println), (8 bytes).
    Removing system_mkl05z4.o(.text), (0 bytes).
    Removing system_mkl05z4.o(.ARM.exidx.text.SystemInit), (8 bytes).
    Removing system_mkl05z4.o(.text.SystemCoreClockUpdate), (184 bytes).
    Removing system_mkl05z4.o(.ARM.exidx.text.SystemCoreClockUpdate), (8 bytes).

42 unused section(s) (total 468 bytes) removed from the image.

==============================================================================

Image Symbol Table

    Local Symbols

    Symbol Name                              Value     Ov Type        Size  Object(Section)

    ../clib/angel/boardlib.s                 0x00000000   Number         0  boardinit1.o ABSOLUTE
    ../clib/angel/boardlib.s                 0x00000000   Number         0  boardinit2.o ABSOLUTE
    ../clib/angel/boardlib.s                 0x00000000   Number         0  boardinit3.o ABSOLUTE
    ../clib/angel/boardlib.s                 0x00000000   Number         0  boardshut.o ABSOLUTE
    ../clib/angel/handlers.s                 0x00000000   Number         0  __scatter_copy.o ABSOLUTE
    ../clib/angel/handlers.s                 0x00000000   Number         0  __scatter_zi.o ABSOLUTE
    ../clib/angel/kernel.s                   0x00000000   Number         0  __rtentry.o ABSOLUTE
    ../clib/angel/kernel.s                   0x00000000   Number         0  __rtentry2.o ABSOLUTE
    ../clib/angel/kernel.s                   0x00000000   Number         0  __rtentry4.o ABSOLUTE
    ../clib/angel/kernel.s                   0x00000000   Number         0  rtexit.o ABSOLUTE
    ../clib/angel/kernel.s                   0x00000000   Number         0  rtexit2.o ABSOLUTE
    ../clib/angel/rt.s                       0x00000000   Number         0  aeabi_idiv0.o ABSOLUTE
    ../clib/angel/rt.s                       0x00000000   Number         0  aeabi_idiv0_sigfpe.o ABSOLUTE
    ../clib/angel/rt.s                       0x00000000   Number         0  rt_div0.o ABSOLUTE
    ../clib/angel/rt.s                       0x00000000   Number         0  rt_locale.o ABSOLUTE
    ../clib/angel/rt.s                       0x00000000   Number         0  rt_locale_intlibspace.o ABSOLUTE
    ../clib/angel/rt.s                       0x00000000   Number         0  rt_raise.o ABSOLUTE
    ../clib/angel/scatterp.s                 0x00000000   Number         0  __scatter.o ABSOLUTE
    ../clib/angel/startup.s                  0x00000000   Number         0  __main.o ABSOLUTE
    ../clib/angel/sys.s                      0x00000000   Number         0  libspace.o ABSOLUTE
    ../clib/angel/sys.s                      0x00000000   Number         0  sys_stackheap_outer.o ABSOLUTE
    ../clib/angel/sys.s                      0x00000000   Number         0  tempstk.o ABSOLUTE
    ../clib/angel/sys.s                      0x00000000   Number         0  use_no_semi.o ABSOLUTE
    ../clib/angel/sys.s                      0x00000000   Number         0  indicate_semi.o ABSOLUTE
    ../clib/angel/sysapp.c                   0x00000000   Number         0  sys_exit.o ABSOLUTE
    ../clib/angel/sysapp.c                   0x00000000   Number         0  sys_exit_hlt.o ABSOLUTE
    ../clib/angel/sysapp.c                   0x00000000   Number         0  sys_wrch.o ABSOLUTE
    ../clib/angel/sysapp.c                   0x00000000   Number         0  sys_command.o ABSOLUTE
    ../clib/angel/sysapp.c                   0x00000000   Number         0  sys_wrch_hlt.o ABSOLUTE
    ../clib/angel/sysapp.c                   0x00000000   Number         0  sys_command_hlt.o ABSOLUTE
    ../clib/armsys.c                         0x00000000   Number         0  argv_veneer.o ABSOLUTE
    ../clib/armsys.c                         0x00000000   Number         0  _get_argv_nomalloc.o ABSOLUTE
    ../clib/armsys.c                         0x00000000   Number         0  no_argv.o ABSOLUTE
    ../clib/bigflt.c                         0x00000000   Number         0  bigflt0.o ABSOLUTE
    ../clib/btod.c                           0x00000000   Number         0  btod.o ABSOLUTE
    ../clib/btod_accurate.c                  0x00000000   Number         0  btod_accurate.o ABSOLUTE
    ../clib/btod_accurate.c                  0x00000000   Number         0  btod_accurate_common.o ABSOLUTE
    ../clib/division.c                       0x00000000   Number         0  rtudiv10.o ABSOLUTE
    ../clib/division.c                       0x00000000   Number         0  lludiv10.o ABSOLUTE
    ../clib/division.s                       0x00000000   Number         0  aeabi_sdivfast.o ABSOLUTE
    ../clib/division.s                       0x00000000   Number         0  aeabi_sdivfast_div0.o ABSOLUTE
    ../clib/heapalloc.c                      0x00000000   Number         0  hrguard.o ABSOLUTE
    ../clib/heapaux.c                        0x00000000   Number         0  heapauxi.o ABSOLUTE
    ../clib/libinit.s                        0x00000000   Number         0  libinit.o ABSOLUTE
    ../clib/libinit.s                        0x00000000   Number         0  libinit2.o ABSOLUTE
    ../clib/libinit.s                        0x00000000   Number         0  libshutdown.o ABSOLUTE
    ../clib/libinit.s                        0x00000000   Number         0  libshutdown2.o ABSOLUTE
    ../clib/locale.s                         0x00000000   Number         0  lc_numeric_c.o ABSOLUTE
    ../clib/longlong.c                       0x00000000   Number         0  llushr.o ABSOLUTE
    ../clib/memcpset.s                       0x00000000   Number         0  strcmpv6m.o ABSOLUTE
    ../clib/misc.s                           0x00000000   Number         0  printf_stubs.o ABSOLUTE
    ../clib/printf.c                         0x00000000   Number         0  __2sprintf.o ABSOLUTE
    ../clib/printf.c                         0x00000000   Number         0  noretval__2sprintf.o ABSOLUTE
    ../clib/printf.c                         0x00000000   Number         0  __printf.o ABSOLUTE
    ../clib/printf.c                         0x00000000   Number         0  _printf_pad.o ABSOLUTE
    ../clib/printf.c                         0x00000000   Number         0  _printf_str.o ABSOLUTE
    ../clib/printf.c                         0x00000000   Number         0  _printf_dec.o ABSOLUTE
    ../clib/printf.c                         0x00000000   Number         0  _printf_hex_ll.o ABSOLUTE
    ../clib/printf.c                         0x00000000   Number         0  _printf_hex_int.o ABSOLUTE
    ../clib/printf.c                         0x00000000   Number         0  _printf_hex_int_ll.o ABSOLUTE
    ../clib/printf.c                         0x00000000   Number         0  _printf_hex_ptr.o ABSOLUTE
    ../clib/printf.c                         0x00000000   Number         0  _printf_hex_int_ptr.o ABSOLUTE
    ../clib/printf.c                         0x00000000   Number         0  _printf_hex_ll_ptr.o ABSOLUTE
    ../clib/printf.c                         0x00000000   Number         0  _printf_hex_int_ll_ptr.o ABSOLUTE
    ../clib/printf.c                         0x00000000   Number         0  __printf_flags.o ABSOLUTE
    ../clib/printf.c                         0x00000000   Number         0  __printf_ss.o ABSOLUTE
    ../clib/printf.c                         0x00000000   Number         0  __printf_flags_ss.o ABSOLUTE
    ../clib/printf.c                         0x00000000   Number         0  __printf_wp.o ABSOLUTE
    ../clib/printf.c                         0x00000000   Number         0  __printf_flags_wp.o ABSOLUTE
    ../clib/printf.c                         0x00000000   Number         0  __printf_ss_wp.o ABSOLUTE
    ../clib/printf.c                         0x00000000   Number         0  __printf_flags_ss_wp.o ABSOLUTE
    ../clib/printf.c                         0x00000000   Number         0  _printf_intcommon.o ABSOLUTE
    ../clib/printf.c                         0x00000000   Number         0  _printf_fp_dec.o ABSOLUTE
    ../clib/printf.c                         0x00000000   Number         0  _printf_fp_dec_accurate.o ABSOLUTE
    ../clib/printf.c                         0x00000000   Number         0  _printf_char_common.o ABSOLUTE
    ../clib/printf.c                         0x00000000   Number         0  _sputc.o ABSOLUTE
    ../clib/printf.c                         0x00000000   Number         0  _printf_char.o ABSOLUTE
    ../clib/printf.c                         0x00000000   Number         0  _printf_fp_infnan.o ABSOLUTE
    ../clib/printf.c                         0x00000000   Number         0  __printf_nopercent.o ABSOLUTE
    ../clib/printf_percent.s                 0x00000000   Number         0  _printf_s.o ABSOLUTE
    ../clib/printf_percent.s                 0x00000000   Number         0  _printf_x.o ABSOLUTE
    ../clib/printf_percent.s                 0x00000000   Number         0  _printf_d.o ABSOLUTE
    ../clib/printf_percent.s                 0x00000000   Number         0  _printf_f.o ABSOLUTE
    ../clib/printf_percent.s                 0x00000000   Number         0  _printf_percent.o ABSOLUTE
    ../clib/printf_percent.s                 0x00000000   Number         0  _printf_percent_end.o ABSOLUTE
    ../clib/signal.c                         0x00000000   Number         0  defsig_fpe_outer.o ABSOLUTE
    ../clib/signal.c                         0x00000000   Number         0  defsig_fpe_formal.o ABSOLUTE
    ../clib/signal.c                         0x00000000   Number         0  defsig_exit.o ABSOLUTE
    ../clib/signal.c                         0x00000000   Number         0  defsig_fpe_inner.o ABSOLUTE
    ../clib/signal.c                         0x00000000   Number         0  __raise.o ABSOLUTE
    ../clib/signal.c                         0x00000000   Number         0  defsig_general.o ABSOLUTE
    ../clib/signal.c                         0x00000000   Number         0  defsig_rtmem_outer.o ABSOLUTE
    ../clib/signal.c                         0x00000000   Number         0  defsig_rtmem_formal.o ABSOLUTE
    ../clib/signal.c                         0x00000000   Number         0  defsig_abrt_inner.o ABSOLUTE
    ../clib/signal.c                         0x00000000   Number         0  defsig_rtred_inner.o ABSOLUTE
    ../clib/signal.c                         0x00000000   Number         0  defsig_rtmem_inner.o ABSOLUTE
    ../clib/signal.c                         0x00000000   Number         0  defsig_stak_inner.o ABSOLUTE
    ../clib/signal.c                         0x00000000   Number         0  defsig_pvfn_inner.o ABSOLUTE
    ../clib/signal.c                         0x00000000   Number         0  defsig_cppl_inner.o ABSOLUTE
    ../clib/signal.c                         0x00000000   Number         0  defsig_segv_inner.o ABSOLUTE
    ../clib/signal.c                         0x00000000   Number         0  defsig_other.o ABSOLUTE
    ../clib/signal.s                         0x00000000   Number         0  defsig.o ABSOLUTE
    ../clib/stdlib.c                         0x00000000   Number         0  exit.o ABSOLUTE
    ../fplib/cfplib/dmul.c                   0x00000000   Number         0  dmul.o ABSOLUTE
    ../fplib/cfplib/fflt.c                   0x00000000   Number         0  dflti.o ABSOLUTE
    ../fplib/cfplib/fpinit.c                 0x00000000   Number         0  fpinit.o ABSOLUTE
    ../fplib/cfplib/ieee_status.c            0x00000000   Number         0  ieee_status.o ABSOLUTE
    ../fplib/printf1.s                       0x00000000   Number         0  printf1.o ABSOLUTE
    ../fplib/usenofp.s                       0x00000000   Number         0  usenofp.o ABSOLUTE
    ../mathlib/fpclassify.c                  0x00000000   Number         0  fpclassify.o ABSOLUTE
    RTE/Device/MKL05Z32xxx4/startup_MKL05Z4.s 0x00000000   Number         0  startup_mkl05z4.o ABSOLUTE
    dc.s                                     0x00000000   Number         0  dc.o ABSOLUTE
    i2c.c                                    0x00000000   Number         0  i2c.o ABSOLUTE
    led.c                                    0x00000000   Number         0  led.o ABSOLUTE
    main.c                                   0x00000000   Number         0  main.o ABSOLUTE
    system_MKL05Z4.c                         0x00000000   Number         0  system_mkl05z4.o ABSOLUTE
    uart.c                                   0x00000000   Number         0  uart.o ABSOLUTE
    RESET                                    0x00000000   Section      192  startup_mkl05z4.o(RESET)
    !!!main                                  0x000000c0   Section        8  __main.o(!!!main)
    !!!scatter                               0x000000c8   Section       60  __scatter.o(!!!scatter)
    !!handler_copy                           0x00000104   Section       26  __scatter_copy.o(!!handler_copy)
    !!handler_zi                             0x00000120   Section       28  __scatter_zi.o(!!handler_zi)
    .ARM.Collect$$_printf_percent$$00000000  0x0000013c   Section        2  _printf_percent.o(.ARM.Collect$$_printf_percent$$00000000)
    .ARM.Collect$$_printf_percent$$00000003  0x0000013e   Section       10  _printf_f.o(.ARM.Collect$$_printf_percent$$00000003)
    .ARM.Collect$$_printf_percent$$00000009  0x00000148   Section       10  _printf_d.o(.ARM.Collect$$_printf_percent$$00000009)
    .ARM.Collect$$_printf_percent$$0000000C  0x00000152   Section       10  _printf_x.o(.ARM.Collect$$_printf_percent$$0000000C)
    .ARM.Collect$$_printf_percent$$00000014  0x0000015c   Section       10  _printf_s.o(.ARM.Collect$$_printf_percent$$00000014)
    .ARM.Collect$$_printf_percent$$00000017  0x00000166   Section        4  _printf_percent_end.o(.ARM.Collect$$_printf_percent$$00000017)
    .ARM.Collect$$libinit$$00000000          0x0000016a   Section        2  libinit.o(.ARM.Collect$$libinit$$00000000)
    .ARM.Collect$$libinit$$00000002          0x0000016c   Section        0  libinit2.o(.ARM.Collect$$libinit$$00000002)
    .ARM.Collect$$libinit$$00000004          0x0000016c   Section        0  libinit2.o(.ARM.Collect$$libinit$$00000004)
    .ARM.Collect$$libinit$$0000000A          0x0000016c   Section        0  libinit2.o(.ARM.Collect$$libinit$$0000000A)
    .ARM.Collect$$libinit$$0000000C          0x0000016c   Section        0  libinit2.o(.ARM.Collect$$libinit$$0000000C)
    .ARM.Collect$$libinit$$0000000E          0x0000016c   Section        0  libinit2.o(.ARM.Collect$$libinit$$0000000E)
    .ARM.Collect$$libinit$$0000000F          0x0000016c   Section        6  libinit2.o(.ARM.Collect$$libinit$$0000000F)
    .ARM.Collect$$libinit$$00000011          0x00000172   Section        0  libinit2.o(.ARM.Collect$$libinit$$00000011)
    .ARM.Collect$$libinit$$00000013          0x00000172   Section        0  libinit2.o(.ARM.Collect$$libinit$$00000013)
    .ARM.Collect$$libinit$$00000015          0x00000172   Section        0  libinit2.o(.ARM.Collect$$libinit$$00000015)
    .ARM.Collect$$libinit$$00000016          0x00000172   Section       10  libinit2.o(.ARM.Collect$$libinit$$00000016)
    .ARM.Collect$$libinit$$00000017          0x0000017c   Section        0  libinit2.o(.ARM.Collect$$libinit$$00000017)
    .ARM.Collect$$libinit$$00000019          0x0000017c   Section        0  libinit2.o(.ARM.Collect$$libinit$$00000019)
    .ARM.Collect$$libinit$$0000001B          0x0000017c   Section        0  libinit2.o(.ARM.Collect$$libinit$$0000001B)
    .ARM.Collect$$libinit$$0000001D          0x0000017c   Section        0  libinit2.o(.ARM.Collect$$libinit$$0000001D)
    .ARM.Collect$$libinit$$0000001F          0x0000017c   Section        0  libinit2.o(.ARM.Collect$$libinit$$0000001F)
    .ARM.Collect$$libinit$$00000021          0x0000017c   Section        0  libinit2.o(.ARM.Collect$$libinit$$00000021)
    .ARM.Collect$$libinit$$00000023          0x0000017c   Section        0  libinit2.o(.ARM.Collect$$libinit$$00000023)
    .ARM.Collect$$libinit$$00000025          0x0000017c   Section        0  libinit2.o(.ARM.Collect$$libinit$$00000025)
    .ARM.Collect$$libinit$$0000002C          0x0000017c   Section        0  libinit2.o(.ARM.Collect$$libinit$$0000002C)
    .ARM.Collect$$libinit$$0000002E          0x0000017c   Section        0  libinit2.o(.ARM.Collect$$libinit$$0000002E)
    .ARM.Collect$$libinit$$00000030          0x0000017c   Section        0  libinit2.o(.ARM.Collect$$libinit$$00000030)
    .ARM.Collect$$libinit$$00000032          0x0000017c   Section        0  libinit2.o(.ARM.Collect$$libinit$$00000032)
    .ARM.Collect$$libinit$$00000033          0x0000017c   Section        2  libinit2.o(.ARM.Collect$$libinit$$00000033)
    .ARM.Collect$$libshutdown$$00000000      0x0000017e   Section        2  libshutdown.o(.ARM.Collect$$libshutdown$$00000000)
    .ARM.Collect$$libshutdown$$00000002      0x00000180   Section        0  libshutdown2.o(.ARM.Collect$$libshutdown$$00000002)
    .ARM.Collect$$libshutdown$$00000004      0x00000180   Section        0  libshutdown2.o(.ARM.Collect$$libshutdown$$00000004)
    .ARM.Collect$$libshutdown$$00000007      0x00000180   Section        0  libshutdown2.o(.ARM.Collect$$libshutdown$$00000007)
    .ARM.Collect$$libshutdown$$0000000A      0x00000180   Section        0  libshutdown2.o(.ARM.Collect$$libshutdown$$0000000A)
    .ARM.Collect$$libshutdown$$0000000C      0x00000180   Section        0  libshutdown2.o(.ARM.Collect$$libshutdown$$0000000C)
    .ARM.Collect$$libshutdown$$0000000F      0x00000180   Section        0  libshutdown2.o(.ARM.Collect$$libshutdown$$0000000F)
    .ARM.Collect$$libshutdown$$00000010      0x00000180   Section        2  libshutdown2.o(.ARM.Collect$$libshutdown$$00000010)
    .ARM.Collect$$rtentry$$00000000          0x00000182   Section        0  __rtentry.o(.ARM.Collect$$rtentry$$00000000)
    .ARM.Collect$$rtentry$$00000002          0x00000182   Section        0  __rtentry2.o(.ARM.Collect$$rtentry$$00000002)
    .ARM.Collect$$rtentry$$00000004          0x00000182   Section        6  __rtentry4.o(.ARM.Collect$$rtentry$$00000004)
    .ARM.Collect$$rtentry$$00000009          0x00000188   Section        0  __rtentry2.o(.ARM.Collect$$rtentry$$00000009)
    .ARM.Collect$$rtentry$$0000000A          0x00000188   Section        4  __rtentry2.o(.ARM.Collect$$rtentry$$0000000A)
    .ARM.Collect$$rtentry$$0000000C          0x0000018c   Section        0  __rtentry2.o(.ARM.Collect$$rtentry$$0000000C)
    .ARM.Collect$$rtentry$$0000000D          0x0000018c   Section        8  __rtentry2.o(.ARM.Collect$$rtentry$$0000000D)
    .ARM.Collect$$rtexit$$00000000           0x00000194   Section        2  rtexit.o(.ARM.Collect$$rtexit$$00000000)
    .ARM.Collect$$rtexit$$00000002           0x00000196   Section        0  rtexit2.o(.ARM.Collect$$rtexit$$00000002)
    .ARM.Collect$$rtexit$$00000003           0x00000196   Section        4  rtexit2.o(.ARM.Collect$$rtexit$$00000003)
    .ARM.Collect$$rtexit$$00000004           0x0000019a   Section        6  rtexit2.o(.ARM.Collect$$rtexit$$00000004)
    .text                                    0x000001a0   Section       52  startup_mkl05z4.o(.text)
    .text                                    0x000001d4   Section        0  noretval__2sprintf.o(.text)
    .text                                    0x000001fc   Section        0  _printf_pad.o(.text)
    .text                                    0x0000024a   Section        0  _printf_str.o(.text)
    .text                                    0x0000029c   Section        0  _printf_dec.o(.text)
    .text                                    0x00000308   Section        0  _printf_hex_int.o(.text)
    .text                                    0x00000360   Section        0  heapauxi.o(.text)
    .text                                    0x00000366   Section        0  dflti.o(.text)
    _printf_input_char                       0x000003c1   Thumb Code    10  _printf_char_common.o(.text)
    .text                                    0x000003c0   Section        0  _printf_char_common.o(.text)
    .text                                    0x000003f0   Section        0  _sputc.o(.text)
    .text                                    0x000003fa   Section        2  use_no_semi.o(.text)
    .text                                    0x000003fc   Section        0  indicate_semi.o(.text)
    x$fpl$usenofp                            0x000003fc   Section        0  usenofp.o(x$fpl$usenofp)
    .ARM.__at_0x400                          0x00000400   Section       16  startup_mkl05z4.o(.ARM.__at_0x400)
    .text                                    0x00000410   Section        0  __printf_flags_wp.o(.text)
    .text                                    0x00000548   Section      504  aeabi_sdivfast.o(.text)
    .text                                    0x00000740   Section        0  dmul.o(.text)
    .text                                    0x00000988   Section        0  _printf_intcommon.o(.text)
    _fp_digits                               0x00000a39   Thumb Code   412  _printf_fp_dec.o(.text)
    .text                                    0x00000a38   Section        0  _printf_fp_dec.o(.text)
    .text                                    0x00000e4c   Section        0  _printf_char.o(.text)
    .text                                    0x00000e7a   Section        0  rtudiv10.o(.text)
    .text                                    0x00000ea4   Section        8  rt_locale_intlibspace.o(.text)
    .text                                    0x00000eac   Section        0  lludiv10.o(.text)
    .text                                    0x00000f28   Section        0  _printf_fp_infnan.o(.text)
    .text                                    0x00000fb0   Section        0  bigflt0.o(.text)
    .text                                    0x00001088   Section        0  btod.o(.text)
    btod_internal_mul                        0x000010c9   Thumb Code   492  btod.o(.text)
    btod_internal_div                        0x000012b5   Thumb Code   520  btod.o(.text)
    .text                                    0x00001608   Section        8  libspace.o(.text)
    .text                                    0x00001610   Section       62  sys_stackheap_outer.o(.text)
    .text                                    0x0000164e   Section        0  exit.o(.text)
    .text                                    0x00001660   Section      176  strcmpv6m.o(.text)
    .text                                    0x00001710   Section        0  sys_exit.o(.text)
    [Anonymous Symbol]                       0x0000171c   Section        0  i2c.o(.text.I2C_Init)
    __arm_cp.0_0                             0x00001764   Number         4  i2c.o(.text.I2C_Init)
    __arm_cp.0_1                             0x00001768   Number         4  i2c.o(.text.I2C_Init)
    __arm_cp.0_2                             0x0000176c   Number         4  i2c.o(.text.I2C_Init)
    [Anonymous Symbol]                       0x00001770   Section        0  i2c.o(.text.I2C_Ping)
    [Anonymous Symbol]                       0x000017a0   Section        0  i2c.o(.text.I2C_Read)
    [Anonymous Symbol]                       0x000017e8   Section        0  i2c.o(.text.I2C_ReadReg)
    [Anonymous Symbol]                       0x00001850   Section        0  i2c.o(.text.I2C_ReadRegBlock)
    [Anonymous Symbol]                       0x000018e0   Section        0  i2c.o(.text.I2C_Write)
    [Anonymous Symbol]                       0x0000191c   Section        0  i2c.o(.text.I2C_WriteReg)
    __arm_cp.14_0                            0x00001968   Number         4  i2c.o(.text.I2C_WriteReg)
    [Anonymous Symbol]                       0x0000196c   Section        0  led.o(.text.LED_Blink)
    __arm_cp.2_0                             0x0000199c   Number         4  led.o(.text.LED_Blink)
    [Anonymous Symbol]                       0x000019a0   Section        0  led.o(.text.LED_Ctrl)
    [Anonymous Symbol]                       0x000019dc   Section        0  led.o(.text.LED_Init)
    __arm_cp.0_0                             0x00001a14   Number         4  led.o(.text.LED_Init)
    __arm_cp.0_1                             0x00001a18   Number         4  led.o(.text.LED_Init)
    [Anonymous Symbol]                       0x00001a1c   Section        0  led.o(.text.LED_Welcome)
    SysTick_Config                           0x00001a31   Thumb Code    32  main.o(.text.SysTick_Config)
    [Anonymous Symbol]                       0x00001a30   Section        0  main.o(.text.SysTick_Config)
    __arm_cp.1_0                             0x00001a48   Number         4  main.o(.text.SysTick_Config)
    __arm_cp.1_1                             0x00001a4c   Number         4  main.o(.text.SysTick_Config)
    [Anonymous Symbol]                       0x00001a50   Section        0  main.o(.text.SysTick_Handler)
    __arm_cp.4_0                             0x00001a60   Number         4  main.o(.text.SysTick_Handler)
    __arm_cp.4_1                             0x00001a64   Number         4  main.o(.text.SysTick_Handler)
    [Anonymous Symbol]                       0x00001a68   Section        0  system_mkl05z4.o(.text.SystemInit)
    __arm_cp.0_0                             0x00001aa4   Number         4  system_mkl05z4.o(.text.SystemInit)
    __arm_cp.0_1                             0x00001aa8   Number         4  system_mkl05z4.o(.text.SystemInit)
    __arm_cp.0_2                             0x00001aac   Number         4  system_mkl05z4.o(.text.SystemInit)
    __arm_cp.0_3                             0x00001ab0   Number         4  system_mkl05z4.o(.text.SystemInit)
    [Anonymous Symbol]                       0x00001ab4   Section        0  uart.o(.text.UART_Init)
    __arm_cp.0_0                             0x00001b0c   Number         4  uart.o(.text.UART_Init)
    __arm_cp.0_1                             0x00001b10   Number         4  uart.o(.text.UART_Init)
    __arm_cp.0_2                             0x00001b14   Number         4  uart.o(.text.UART_Init)
    __arm_cp.0_3                             0x00001b18   Number         4  uart.o(.text.UART_Init)
    [Anonymous Symbol]                       0x00001b1c   Section        0  uart.o(.text.UART_Print)
    [Anonymous Symbol]                       0x00001b3c   Section        0  uart.o(.text.UART_Println)
    __NVIC_SetPriority                       0x00001b51   Thumb Code    24  main.o(.text.__NVIC_SetPriority)
    [Anonymous Symbol]                       0x00001b50   Section        0  main.o(.text.__NVIC_SetPriority)
    __arm_cp.5_0                             0x00001b64   Number         4  main.o(.text.__NVIC_SetPriority)
    [Anonymous Symbol]                       0x00001b68   Section        0  main.o(.text.bus_scan)
    __arm_cp.2_0                             0x00001ba0   Number         4  main.o(.text.bus_scan)
    [Anonymous Symbol]                       0x00001bc0   Section        0  main.o(.text.expander_looptest)
    __arm_cp.3_0                             0x00001bfc   Number         4  main.o(.text.expander_looptest)
    __arm_cp.3_1                             0x00001c00   Number         4  main.o(.text.expander_looptest)
    [Anonymous Symbol]                       0x00001c2c   Section        0  i2c.o(.text.i2c_ack)
    [Anonymous Symbol]                       0x00001c38   Section        0  i2c.o(.text.i2c_disable)
    [Anonymous Symbol]                       0x00001c44   Section        0  i2c.o(.text.i2c_enable)
    [Anonymous Symbol]                       0x00001c50   Section        0  i2c.o(.text.i2c_m_rstart)
    __arm_cp.16_0                            0x00001c64   Number         4  i2c.o(.text.i2c_m_rstart)
    [Anonymous Symbol]                       0x00001c68   Section        0  i2c.o(.text.i2c_m_start)
    [Anonymous Symbol]                       0x00001c74   Section        0  i2c.o(.text.i2c_m_stop)
    [Anonymous Symbol]                       0x00001c80   Section        0  i2c.o(.text.i2c_nack)
    [Anonymous Symbol]                       0x00001c8c   Section        0  i2c.o(.text.i2c_rec)
    [Anonymous Symbol]                       0x00001c98   Section        0  i2c.o(.text.i2c_recv)
    [Anonymous Symbol]                       0x00001ca0   Section        0  i2c.o(.text.i2c_send)
    __arm_cp.5_0                             0x00001ca8   Number         4  i2c.o(.text.i2c_send)
    [Anonymous Symbol]                       0x00001cac   Section        0  i2c.o(.text.i2c_tran)
    __arm_cp.3_0                             0x00001cb8   Number         4  i2c.o(.text.i2c_tran)
    [Anonymous Symbol]                       0x00001cbc   Section        0  i2c.o(.text.i2c_wait)
    __arm_cp.6_0                             0x00001cfc   Number         4  i2c.o(.text.i2c_wait)
    __arm_cp.6_1                             0x00001d00   Number         4  i2c.o(.text.i2c_wait)
    __arm_cp.6_2                             0x00001d04   Number         4  i2c.o(.text.i2c_wait)
    [Anonymous Symbol]                       0x00001d08   Section        0  main.o(.text.main)
    __arm_cp.0_0                             0x00001e94   Number         4  main.o(.text.main)
    __arm_cp.0_1                             0x00001e98   Number         4  main.o(.text.main)
    __arm_cp.0_2                             0x00001e9c   Number         4  main.o(.text.main)
    __arm_cp.0_3                             0x00001ea0   Number         4  main.o(.text.main)
    __arm_cp.0_4                             0x00001ea4   Number         4  main.o(.text.main)
    __arm_cp.0_5                             0x00001ea8   Number         4  main.o(.text.main)
    __arm_cp.0_6                             0x00001eac   Number         4  main.o(.text.main)
    __arm_cp.0_9                             0x00001ed4   Number         4  main.o(.text.main)
    __arm_cp.0_12                            0x00001f04   Number         4  main.o(.text.main)
    __arm_cp.0_17                            0x00001f54   Number         4  main.o(.text.main)
    __arm_cp.0_18                            0x00001f58   Number         4  main.o(.text.main)
    __arm_cp.0_19                            0x00001f5c   Number         4  main.o(.text.main)
    __arm_cp.0_20                            0x00001f60   Number         4  main.o(.text.main)
    [Anonymous Symbol]                       0x00001f64   Section        0  uart.o(.text.uart_send)
    __arm_cp.2_0                             0x00001f74   Number         4  uart.o(.text.uart_send)
    .text_divfast                            0x00001f78   Section      502  aeabi_sdivfast.o(.text_divfast)
    i.__ARM_common_ll_muluu                  0x0000216e   Section        0  btod.o(i.__ARM_common_ll_muluu)
    i.__ARM_fpclassify                       0x000021a0   Section        0  fpclassify.o(i.__ARM_fpclassify)
    i._is_digit                              0x000021cc   Section        0  __printf_wp.o(i._is_digit)
    locale$$code                             0x000021dc   Section       44  lc_numeric_c.o(locale$$code)
    x$fpl$printf1                            0x00002208   Section       16  printf1.o(x$fpl$printf1)
    uc_hextab                                0x00002218   Data          20  _printf_hex_int.o(.constdata)
    .constdata                               0x00002218   Section       40  _printf_hex_int.o(.constdata)
    lc_hextab                                0x0000222c   Data          20  _printf_hex_int.o(.constdata)
    maptable                                 0x00002240   Data          17  __printf_flags_wp.o(.constdata)
    .constdata                               0x00002240   Section       17  __printf_flags_wp.o(.constdata)
    tenpwrs_x                                0x00002254   Data          60  bigflt0.o(.constdata)
    .constdata                               0x00002254   Section      148  bigflt0.o(.constdata)
    tenpwrs_i                                0x00002290   Data          64  bigflt0.o(.constdata)
    led                                      0x000022e8   Data          48  led.o(.rodata.led)
    [Anonymous Symbol]                       0x000022e8   Section        0  led.o(.rodata.led)
    .L.str                                   0x00002318   Data          53  main.o(.rodata.str1.1)
    [Anonymous Symbol]                       0x00002318   Section        0  main.o(.rodata.str1.1)
    .L.str.3                                 0x0000234d   Data          32  main.o(.rodata.str1.1)
    .L.str.2                                 0x0000236d   Data          32  main.o(.rodata.str1.1)
    .L.str.1                                 0x0000238d   Data          42  main.o(.rodata.str1.1)
    .L.str.4                                 0x000023b7   Data          26  main.o(.rodata.str1.1)
    locale$$data                             0x000023f4   Section       28  lc_numeric_c.o(locale$$data)
    __lcnum_c_name                           0x000023f8   Data           2  lc_numeric_c.o(locale$$data)
    __lcnum_c_start                          0x00002400   Data           0  lc_numeric_c.o(locale$$data)
    __lcnum_c_point                          0x0000240c   Data           0  lc_numeric_c.o(locale$$data)
    __lcnum_c_thousands                      0x0000240e   Data           0  lc_numeric_c.o(locale$$data)
    __lcnum_c_grouping                       0x0000240f   Data           0  lc_numeric_c.o(locale$$data)
    __lcnum_c_end                            0x00002410   Data           0  lc_numeric_c.o(locale$$data)
    .bss                                     0x1ffffc08   Section       96  libspace.o(.bss)
    arrayXYZ                                 0x1ffffc68   Data           6  main.o(.bss.arrayXYZ)
    [Anonymous Symbol]                       0x1ffffc68   Section        0  main.o(.bss.arrayXYZ)
    error                                    0x1ffffc6e   Data           1  i2c.o(.bss.error)
    [Anonymous Symbol]                       0x1ffffc6e   Section        0  i2c.o(.bss.error)
    msTicks                                  0x1ffffc6f   Data           1  main.o(.bss.msTicks)
    [Anonymous Symbol]                       0x1ffffc6f   Section        0  main.o(.bss.msTicks)
    newTick                                  0x1ffffc70   Data           1  main.o(.bss.newTick)
    [Anonymous Symbol]                       0x1ffffc70   Section        0  main.o(.bss.newTick)
    readout                                  0x1ffffc71   Data           1  main.o(.bss.readout)
    [Anonymous Symbol]                       0x1ffffc71   Section        0  main.o(.bss.readout)
    temp                                     0x1ffffc72   Data          99  main.o(.bss.temp)
    [Anonymous Symbol]                       0x1ffffc72   Section        0  main.o(.bss.temp)
    Heap_Mem                                 0x1ffffcd8   Data           0  startup_mkl05z4.o(HEAP)
    Stack_Mem                                0x1ffffcd8   Data        1280  startup_mkl05z4.o(STACK)
    HEAP                                     0x1ffffcd8   Section        0  startup_mkl05z4.o(HEAP)
    STACK                                    0x1ffffcd8   Section     1280  startup_mkl05z4.o(STACK)
    __initial_sp                             0x200001d8   Data           0  startup_mkl05z4.o(STACK)

    Global Symbols

    Symbol Name                              Value     Ov Type        Size  Object(Section)

    BuildAttributes$$THM_ISAv3M$S$PE$A:L22$X:L11$S22$IEEE1$IW$~IW$USESV6$~STKCKD$USESV7$~SHL$OTIME$ROPI$IEEEJ$EBA8$UX$STANDARDLIB$REQ8$PRES8$EABIv2 0x00000000   Number         0  anon$$obj.o ABSOLUTE
    __Vectors                                0x00000000   Data           4  startup_mkl05z4.o(RESET)
    _printf_flags                            0x00000000   Number         0  printf_stubs.o ABSOLUTE
    _printf_return_value                     0x00000000   Number         0  printf_stubs.o ABSOLUTE
    _printf_sizespec                         0x00000000   Number         0  printf_stubs.o ABSOLUTE
    _printf_widthprec                        0x00000000   Number         0  printf_stubs.o ABSOLUTE
    __ARM_exceptions_init                     - Undefined Weak Reference
    __alloca_initialize                       - Undefined Weak Reference
    __arm_preinit_                            - Undefined Weak Reference
    __cpp_initialize__aeabi_                  - Undefined Weak Reference
    __cxa_finalize                            - Undefined Weak Reference
    __sigvec_lookup                           - Undefined Weak Reference
    _atexit_init                              - Undefined Weak Reference
    _call_atexit_fns                          - Undefined Weak Reference
    _clock_init                               - Undefined Weak Reference
    _fp_trap_init                             - Undefined Weak Reference
    _fp_trap_shutdown                         - Undefined Weak Reference
    _get_lc_collate                           - Undefined Weak Reference
    _get_lc_ctype                             - Undefined Weak Reference
    _get_lc_monetary                          - Undefined Weak Reference
    _get_lc_time                              - Undefined Weak Reference
    _getenv_init                              - Undefined Weak Reference
    _handle_redirection                       - Undefined Weak Reference
    _init_alloc                               - Undefined Weak Reference
    _init_user_alloc                          - Undefined Weak Reference
    _initio                                   - Undefined Weak Reference
    _printf_mbtowc                            - Undefined Weak Reference
    _printf_truncate_signed                   - Undefined Weak Reference
    _printf_truncate_unsigned                 - Undefined Weak Reference
    _rand_init                                - Undefined Weak Reference
    _signal_finish                            - Undefined Weak Reference
    _signal_init                              - Undefined Weak Reference
    _terminate_alloc                          - Undefined Weak Reference
    _terminate_user_alloc                     - Undefined Weak Reference
    _terminateio                              - Undefined Weak Reference
    __Vectors_End                            0x000000c0   Data           0  startup_mkl05z4.o(RESET)
    __Vectors_Size                           0x000000c0   Number         0  startup_mkl05z4.o ABSOLUTE
    __main                                   0x000000c1   Thumb Code     8  __main.o(!!!main)
    __scatterload                            0x000000c9   Thumb Code     0  __scatter.o(!!!scatter)
    __scatterload_rt2                        0x000000c9   Thumb Code    52  __scatter.o(!!!scatter)
    __scatterload_rt2_thumb_only             0x000000c9   Thumb Code     0  __scatter.o(!!!scatter)
    __scatterload_null                       0x000000d9   Thumb Code     0  __scatter.o(!!!scatter)
    __scatterload_copy                       0x00000105   Thumb Code    26  __scatter_copy.o(!!handler_copy)
    __scatterload_zeroinit                   0x00000121   Thumb Code    28  __scatter_zi.o(!!handler_zi)
    _printf_percent                          0x0000013d   Thumb Code     0  _printf_percent.o(.ARM.Collect$$_printf_percent$$00000000)
    _printf_f                                0x0000013f   Thumb Code     0  _printf_f.o(.ARM.Collect$$_printf_percent$$00000003)
    _printf_d                                0x00000149   Thumb Code     0  _printf_d.o(.ARM.Collect$$_printf_percent$$00000009)
    _printf_x                                0x00000153   Thumb Code     0  _printf_x.o(.ARM.Collect$$_printf_percent$$0000000C)
    _printf_s                                0x0000015d   Thumb Code     0  _printf_s.o(.ARM.Collect$$_printf_percent$$00000014)
    _printf_percent_end                      0x00000167   Thumb Code     0  _printf_percent_end.o(.ARM.Collect$$_printf_percent$$00000017)
    __rt_lib_init                            0x0000016b   Thumb Code     0  libinit.o(.ARM.Collect$$libinit$$00000000)
    __rt_lib_init_fp_1                       0x0000016d   Thumb Code     0  libinit2.o(.ARM.Collect$$libinit$$00000002)
    __rt_lib_init_heap_1                     0x0000016d   Thumb Code     0  libinit2.o(.ARM.Collect$$libinit$$0000000A)
    __rt_lib_init_lc_common                  0x0000016d   Thumb Code     0  libinit2.o(.ARM.Collect$$libinit$$0000000F)
    __rt_lib_init_preinit_1                  0x0000016d   Thumb Code     0  libinit2.o(.ARM.Collect$$libinit$$00000004)
    __rt_lib_init_rand_1                     0x0000016d   Thumb Code     0  libinit2.o(.ARM.Collect$$libinit$$0000000E)
    __rt_lib_init_user_alloc_1               0x0000016d   Thumb Code     0  libinit2.o(.ARM.Collect$$libinit$$0000000C)
    __rt_lib_init_lc_collate_1               0x00000173   Thumb Code     0  libinit2.o(.ARM.Collect$$libinit$$00000011)
    __rt_lib_init_lc_ctype_1                 0x00000173   Thumb Code     0  libinit2.o(.ARM.Collect$$libinit$$00000013)
    __rt_lib_init_lc_monetary_1              0x00000173   Thumb Code     0  libinit2.o(.ARM.Collect$$libinit$$00000015)
    __rt_lib_init_lc_numeric_2               0x00000173   Thumb Code     0  libinit2.o(.ARM.Collect$$libinit$$00000016)
    __rt_lib_init_alloca_1                   0x0000017d   Thumb Code     0  libinit2.o(.ARM.Collect$$libinit$$0000002E)
    __rt_lib_init_argv_1                     0x0000017d   Thumb Code     0  libinit2.o(.ARM.Collect$$libinit$$0000002C)
    __rt_lib_init_atexit_1                   0x0000017d   Thumb Code     0  libinit2.o(.ARM.Collect$$libinit$$0000001B)
    __rt_lib_init_clock_1                    0x0000017d   Thumb Code     0  libinit2.o(.ARM.Collect$$libinit$$00000021)
    __rt_lib_init_cpp_1                      0x0000017d   Thumb Code     0  libinit2.o(.ARM.Collect$$libinit$$00000032)
    __rt_lib_init_exceptions_1               0x0000017d   Thumb Code     0  libinit2.o(.ARM.Collect$$libinit$$00000030)
    __rt_lib_init_fp_trap_1                  0x0000017d   Thumb Code     0  libinit2.o(.ARM.Collect$$libinit$$0000001F)
    __rt_lib_init_getenv_1                   0x0000017d   Thumb Code     0  libinit2.o(.ARM.Collect$$libinit$$00000023)
    __rt_lib_init_lc_numeric_1               0x0000017d   Thumb Code     0  libinit2.o(.ARM.Collect$$libinit$$00000017)
    __rt_lib_init_lc_time_1                  0x0000017d   Thumb Code     0  libinit2.o(.ARM.Collect$$libinit$$00000019)
    __rt_lib_init_return                     0x0000017d   Thumb Code     0  libinit2.o(.ARM.Collect$$libinit$$00000033)
    __rt_lib_init_signal_1                   0x0000017d   Thumb Code     0  libinit2.o(.ARM.Collect$$libinit$$0000001D)
    __rt_lib_init_stdio_1                    0x0000017d   Thumb Code     0  libinit2.o(.ARM.Collect$$libinit$$00000025)
    __rt_lib_shutdown                        0x0000017f   Thumb Code     0  libshutdown.o(.ARM.Collect$$libshutdown$$00000000)
    __rt_lib_shutdown_cpp_1                  0x00000181   Thumb Code     0  libshutdown2.o(.ARM.Collect$$libshutdown$$00000002)
    __rt_lib_shutdown_fp_trap_1              0x00000181   Thumb Code     0  libshutdown2.o(.ARM.Collect$$libshutdown$$00000007)
    __rt_lib_shutdown_heap_1                 0x00000181   Thumb Code     0  libshutdown2.o(.ARM.Collect$$libshutdown$$0000000F)
    __rt_lib_shutdown_return                 0x00000181   Thumb Code     0  libshutdown2.o(.ARM.Collect$$libshutdown$$00000010)
    __rt_lib_shutdown_signal_1               0x00000181   Thumb Code     0  libshutdown2.o(.ARM.Collect$$libshutdown$$0000000A)
    __rt_lib_shutdown_stdio_1                0x00000181   Thumb Code     0  libshutdown2.o(.ARM.Collect$$libshutdown$$00000004)
    __rt_lib_shutdown_user_alloc_1           0x00000181   Thumb Code     0  libshutdown2.o(.ARM.Collect$$libshutdown$$0000000C)
    __rt_entry                               0x00000183   Thumb Code     0  __rtentry.o(.ARM.Collect$$rtentry$$00000000)
    __rt_entry_presh_1                       0x00000183   Thumb Code     0  __rtentry2.o(.ARM.Collect$$rtentry$$00000002)
    __rt_entry_sh                            0x00000183   Thumb Code     0  __rtentry4.o(.ARM.Collect$$rtentry$$00000004)
    __rt_entry_li                            0x00000189   Thumb Code     0  __rtentry2.o(.ARM.Collect$$rtentry$$0000000A)
    __rt_entry_postsh_1                      0x00000189   Thumb Code     0  __rtentry2.o(.ARM.Collect$$rtentry$$00000009)
    __rt_entry_main                          0x0000018d   Thumb Code     0  __rtentry2.o(.ARM.Collect$$rtentry$$0000000D)
    __rt_entry_postli_1                      0x0000018d   Thumb Code     0  __rtentry2.o(.ARM.Collect$$rtentry$$0000000C)
    __rt_exit                                0x00000195   Thumb Code     0  rtexit.o(.ARM.Collect$$rtexit$$00000000)
    __rt_exit_ls                             0x00000197   Thumb Code     0  rtexit2.o(.ARM.Collect$$rtexit$$00000003)
    __rt_exit_prels_1                        0x00000197   Thumb Code     0  rtexit2.o(.ARM.Collect$$rtexit$$00000002)
    __rt_exit_exit                           0x0000019b   Thumb Code     0  rtexit2.o(.ARM.Collect$$rtexit$$00000004)
    Reset_Handler                            0x000001a1   Thumb Code     8  startup_mkl05z4.o(.text)
    NMI_Handler                              0x000001a9   Thumb Code     2  startup_mkl05z4.o(.text)
    HardFault_Handler                        0x000001ab   Thumb Code     2  startup_mkl05z4.o(.text)
    SVC_Handler                              0x000001ad   Thumb Code     2  startup_mkl05z4.o(.text)
    PendSV_Handler                           0x000001af   Thumb Code     2  startup_mkl05z4.o(.text)
    ADC0_IRQHandler                          0x000001b3   Thumb Code     0  startup_mkl05z4.o(.text)
    CMP0_IRQHandler                          0x000001b3   Thumb Code     0  startup_mkl05z4.o(.text)
    DAC0_IRQHandler                          0x000001b3   Thumb Code     0  startup_mkl05z4.o(.text)
    DMA0_IRQHandler                          0x000001b3   Thumb Code     0  startup_mkl05z4.o(.text)
    DMA1_IRQHandler                          0x000001b3   Thumb Code     0  startup_mkl05z4.o(.text)
    DMA2_IRQHandler                          0x000001b3   Thumb Code     0  startup_mkl05z4.o(.text)
    DMA3_IRQHandler                          0x000001b3   Thumb Code     0  startup_mkl05z4.o(.text)
    DefaultISR                               0x000001b3   Thumb Code     0  startup_mkl05z4.o(.text)
    FTFA_IRQHandler                          0x000001b3   Thumb Code     0  startup_mkl05z4.o(.text)
    I2C0_IRQHandler                          0x000001b3   Thumb Code     0  startup_mkl05z4.o(.text)
    LLW_IRQHandler                           0x000001b3   Thumb Code     0  startup_mkl05z4.o(.text)
    LPTimer_IRQHandler                       0x000001b3   Thumb Code     0  startup_mkl05z4.o(.text)
    LVD_LVW_IRQHandler                       0x000001b3   Thumb Code     0  startup_mkl05z4.o(.text)
    MCG_IRQHandler                           0x000001b3   Thumb Code     0  startup_mkl05z4.o(.text)
    PIT_IRQHandler                           0x000001b3   Thumb Code     0  startup_mkl05z4.o(.text)
    PORTA_IRQHandler                         0x000001b3   Thumb Code     0  startup_mkl05z4.o(.text)
    PORTB_IRQHandler                         0x000001b3   Thumb Code     0  startup_mkl05z4.o(.text)
    RTC_IRQHandler                           0x000001b3   Thumb Code     0  startup_mkl05z4.o(.text)
    RTC_Seconds_IRQHandler                   0x000001b3   Thumb Code     0  startup_mkl05z4.o(.text)
    Reserved20_IRQHandler                    0x000001b3   Thumb Code     0  startup_mkl05z4.o(.text)
    Reserved25_IRQHandler                    0x000001b3   Thumb Code     0  startup_mkl05z4.o(.text)
    Reserved27_IRQHandler                    0x000001b3   Thumb Code     0  startup_mkl05z4.o(.text)
    Reserved29_IRQHandler                    0x000001b3   Thumb Code     0  startup_mkl05z4.o(.text)
    Reserved30_IRQHandler                    0x000001b3   Thumb Code     0  startup_mkl05z4.o(.text)
    Reserved35_IRQHandler                    0x000001b3   Thumb Code     0  startup_mkl05z4.o(.text)
    Reserved39_IRQHandler                    0x000001b3   Thumb Code     0  startup_mkl05z4.o(.text)
    Reserved40_IRQHandler                    0x000001b3   Thumb Code     0  startup_mkl05z4.o(.text)
    Reserved45_IRQHandler                    0x000001b3   Thumb Code     0  startup_mkl05z4.o(.text)
    SPI0_IRQHandler                          0x000001b3   Thumb Code     0  startup_mkl05z4.o(.text)
    TPM0_IRQHandler                          0x000001b3   Thumb Code     0  startup_mkl05z4.o(.text)
    TPM1_IRQHandler                          0x000001b3   Thumb Code     0  startup_mkl05z4.o(.text)
    TSI0_IRQHandler                          0x000001b3   Thumb Code     0  startup_mkl05z4.o(.text)
    UART0_IRQHandler                         0x000001b3   Thumb Code     0  startup_mkl05z4.o(.text)
    __user_initial_stackheap                 0x000001b5   Thumb Code     0  startup_mkl05z4.o(.text)
    __2sprintf                               0x000001d5   Thumb Code    36  noretval__2sprintf.o(.text)
    _printf_pre_padding                      0x000001fd   Thumb Code    44  _printf_pad.o(.text)
    _printf_post_padding                     0x00000229   Thumb Code    34  _printf_pad.o(.text)
    _printf_str                              0x0000024b   Thumb Code    82  _printf_str.o(.text)
    _printf_int_dec                          0x0000029d   Thumb Code    90  _printf_dec.o(.text)
    _printf_int_hex                          0x00000309   Thumb Code    84  _printf_hex_int.o(.text)
    _printf_longlong_hex                     0x00000309   Thumb Code     0  _printf_hex_int.o(.text)
    __use_two_region_memory                  0x00000361   Thumb Code     2  heapauxi.o(.text)
    __rt_heap_escrow$2region                 0x00000363   Thumb Code     2  heapauxi.o(.text)
    __rt_heap_expand$2region                 0x00000365   Thumb Code     2  heapauxi.o(.text)
    __aeabi_i2d_normalise                    0x00000367   Thumb Code    66  dflti.o(.text)
    __aeabi_i2d                              0x000003a9   Thumb Code    16  dflti.o(.text)
    _dflt                                    0x000003a9   Thumb Code     0  dflti.o(.text)
    __aeabi_ui2d                             0x000003b9   Thumb Code     6  dflti.o(.text)
    _dfltu                                   0x000003b9   Thumb Code     0  dflti.o(.text)
    _printf_char_common                      0x000003cb   Thumb Code    32  _printf_char_common.o(.text)
    _sputc                                   0x000003f1   Thumb Code    10  _sputc.o(.text)
    __I$use$semihosting                      0x000003fb   Thumb Code     0  use_no_semi.o(.text)
    __use_no_semihosting_swi                 0x000003fb   Thumb Code     2  use_no_semi.o(.text)
    __I$use$fp                               0x000003fc   Number         0  usenofp.o(x$fpl$usenofp)
    __semihosting_library_function           0x000003fd   Thumb Code     0  indicate_semi.o(.text)
    __printf                                 0x00000411   Thumb Code   306  __printf_flags_wp.o(.text)
    __aeabi_uidivmod                         0x00000549   Thumb Code    28  aeabi_sdivfast.o(.text)
    __aeabi_idivmod                          0x00000565   Thumb Code   472  aeabi_sdivfast.o(.text)
    __aeabi_dmul                             0x00000741   Thumb Code     0  dmul.o(.text)
    _dmul                                    0x00000741   Thumb Code   558  dmul.o(.text)
    _printf_int_common                       0x00000989   Thumb Code   176  _printf_intcommon.o(.text)
    _printf_fp_dec_real                      0x00000bd5   Thumb Code   620  _printf_fp_dec.o(.text)
    _printf_cs_common                        0x00000e4d   Thumb Code    22  _printf_char.o(.text)
    _printf_char                             0x00000e63   Thumb Code    16  _printf_char.o(.text)
    _printf_string                           0x00000e73   Thumb Code     8  _printf_char.o(.text)
    __rt_udiv10                              0x00000e7b   Thumb Code    40  rtudiv10.o(.text)
    __rt_locale                              0x00000ea5   Thumb Code     8  rt_locale_intlibspace.o(.text)
    _ll_udiv10                               0x00000ead   Thumb Code   122  lludiv10.o(.text)
    _printf_fp_infnan                        0x00000f29   Thumb Code   120  _printf_fp_infnan.o(.text)
    _btod_etento                             0x00000fb1   Thumb Code   210  bigflt0.o(.text)
    _btod_d2e                                0x00001089   Thumb Code    64  btod.o(.text)
    _btod_emul                               0x000014bd   Thumb Code    28  btod.o(.text)
    _btod_emuld                              0x000014d9   Thumb Code   144  btod.o(.text)
    _btod_ediv                               0x00001569   Thumb Code    26  btod.o(.text)
    _btod_edivd                              0x00001583   Thumb Code   124  btod.o(.text)
    __user_libspace                          0x00001609   Thumb Code     8  libspace.o(.text)
    __user_perproc_libspace                  0x00001609   Thumb Code     0  libspace.o(.text)
    __user_perthread_libspace                0x00001609   Thumb Code     0  libspace.o(.text)
    __user_setup_stackheap                   0x00001611   Thumb Code    62  sys_stackheap_outer.o(.text)
    exit                                     0x0000164f   Thumb Code    16  exit.o(.text)
    strcmp                                   0x00001661   Thumb Code   176  strcmpv6m.o(.text)
    _sys_exit                                0x00001711   Thumb Code     8  sys_exit.o(.text)
    I2C_Init                                 0x0000171d   Thumb Code    84  i2c.o(.text.I2C_Init)
    I2C_Ping                                 0x00001771   Thumb Code    48  i2c.o(.text.I2C_Ping)
    I2C_Read                                 0x000017a1   Thumb Code    72  i2c.o(.text.I2C_Read)
    I2C_ReadReg                              0x000017e9   Thumb Code   104  i2c.o(.text.I2C_ReadReg)
    I2C_ReadRegBlock                         0x00001851   Thumb Code   144  i2c.o(.text.I2C_ReadRegBlock)
    I2C_Write                                0x000018e1   Thumb Code    60  i2c.o(.text.I2C_Write)
    I2C_WriteReg                             0x0000191d   Thumb Code    80  i2c.o(.text.I2C_WriteReg)
    LED_Blink                                0x0000196d   Thumb Code    52  led.o(.text.LED_Blink)
    LED_Ctrl                                 0x000019a1   Thumb Code    60  led.o(.text.LED_Ctrl)
    LED_Init                                 0x000019dd   Thumb Code    64  led.o(.text.LED_Init)
    LED_Welcome                              0x00001a1d   Thumb Code    20  led.o(.text.LED_Welcome)
    SysTick_Handler                          0x00001a51   Thumb Code    24  main.o(.text.SysTick_Handler)
    SystemInit                               0x00001a69   Thumb Code    76  system_mkl05z4.o(.text.SystemInit)
    UART_Init                                0x00001ab5   Thumb Code   104  uart.o(.text.UART_Init)
    UART_Print                               0x00001b1d   Thumb Code    30  uart.o(.text.UART_Print)
    UART_Println                             0x00001b3d   Thumb Code    20  uart.o(.text.UART_Println)
    bus_scan                                 0x00001b69   Thumb Code    88  main.o(.text.bus_scan)
    expander_looptest                        0x00001bc1   Thumb Code   108  main.o(.text.expander_looptest)
    i2c_ack                                  0x00001c2d   Thumb Code    12  i2c.o(.text.i2c_ack)
    i2c_disable                              0x00001c39   Thumb Code    12  i2c.o(.text.i2c_disable)
    i2c_enable                               0x00001c45   Thumb Code    12  i2c.o(.text.i2c_enable)
    i2c_m_rstart                             0x00001c51   Thumb Code    24  i2c.o(.text.i2c_m_rstart)
    i2c_m_start                              0x00001c69   Thumb Code    12  i2c.o(.text.i2c_m_start)
    i2c_m_stop                               0x00001c75   Thumb Code    12  i2c.o(.text.i2c_m_stop)
    i2c_nack                                 0x00001c81   Thumb Code    12  i2c.o(.text.i2c_nack)
    i2c_rec                                  0x00001c8d   Thumb Code    12  i2c.o(.text.i2c_rec)
    i2c_recv                                 0x00001c99   Thumb Code     8  i2c.o(.text.i2c_recv)
    i2c_send                                 0x00001ca1   Thumb Code    12  i2c.o(.text.i2c_send)
    i2c_tran                                 0x00001cad   Thumb Code    16  i2c.o(.text.i2c_tran)
    i2c_wait                                 0x00001cbd   Thumb Code    76  i2c.o(.text.i2c_wait)
    main                                     0x00001d09   Thumb Code   604  main.o(.text.main)
    uart_send                                0x00001f65   Thumb Code    20  uart.o(.text.uart_send)
    __aeabi_uidiv                            0x00001f79   Thumb Code    68  aeabi_sdivfast.o(.text_divfast)
    __aeabi_idiv                             0x00001fbd   Thumb Code   434  aeabi_sdivfast.o(.text_divfast)
    __ARM_common_ll_muluu                    0x0000216f   Thumb Code    48  btod.o(i.__ARM_common_ll_muluu)
    __ARM_fpclassify                         0x000021a1   Thumb Code    40  fpclassify.o(i.__ARM_fpclassify)
    _is_digit                                0x000021cd   Thumb Code    14  __printf_wp.o(i._is_digit)
    _get_lc_numeric                          0x000021dd   Thumb Code    44  lc_numeric_c.o(locale$$code)
    _printf_fp_dec                           0x00002209   Thumb Code    16  printf1.o(x$fpl$printf1)
    Region$$Table$$Base                      0x000023d4   Number         0  anon$$obj.o(Region$$Table)
    Region$$Table$$Limit                     0x000023f4   Number         0  anon$$obj.o(Region$$Table)
    SystemCoreClock                          0x1ffffc00   Data           4  system_mkl05z4.o(.data.SystemCoreClock)
    __libspace_start                         0x1ffffc08   Data          96  libspace.o(.bss)
    __temporary_stack_top$libspace           0x1ffffc68   Data           0  libspace.o(.bss)



==============================================================================

Memory Map of the image

  Image Entry point : 0x000000c1

  Load Region LR_IROM1 (Base: 0x00000000, Size: 0x00002418, Max: 0x00008000, ABSOLUTE)

    Execution Region ER_IROM1 (Exec base: 0x00000000, Load base: 0x00000000, Size: 0x00002410, Max: 0x00008000, ABSOLUTE)

    Exec Addr    Load Addr    Size         Type   Attr      Idx    E Section Name        Object

    0x00000000   0x00000000   0x000000c0   Data   RO          110    RESET               startup_mkl05z4.o
    0x000000c0   0x000000c0   0x00000008   Code   RO          203  * !!!main             c_p.l(__main.o)
    0x000000c8   0x000000c8   0x0000003c   Code   RO          433    !!!scatter          c_p.l(__scatter.o)
    0x00000104   0x00000104   0x0000001a   Code   RO          435    !!handler_copy      c_p.l(__scatter_copy.o)
    0x0000011e   0x0000011e   0x00000002   PAD
    0x00000120   0x00000120   0x0000001c   Code   RO          437    !!handler_zi        c_p.l(__scatter_zi.o)
    0x0000013c   0x0000013c   0x00000002   Code   RO          192    .ARM.Collect$$_printf_percent$$00000000  c_p.l(_printf_percent.o)
    0x0000013e   0x0000013e   0x0000000a   Code   RO          191    .ARM.Collect$$_printf_percent$$00000003  c_p.l(_printf_f.o)
    0x00000148   0x00000148   0x0000000a   Code   RO          190    .ARM.Collect$$_printf_percent$$00000009  c_p.l(_printf_d.o)
    0x00000152   0x00000152   0x0000000a   Code   RO          189    .ARM.Collect$$_printf_percent$$0000000C  c_p.l(_printf_x.o)
    0x0000015c   0x0000015c   0x0000000a   Code   RO          188    .ARM.Collect$$_printf_percent$$00000014  c_p.l(_printf_s.o)
    0x00000166   0x00000166   0x00000004   Code   RO          228    .ARM.Collect$$_printf_percent$$00000017  c_p.l(_printf_percent_end.o)
    0x0000016a   0x0000016a   0x00000002   Code   RO          297    .ARM.Collect$$libinit$$00000000  c_p.l(libinit.o)
    0x0000016c   0x0000016c   0x00000000   Code   RO          299    .ARM.Collect$$libinit$$00000002  c_p.l(libinit2.o)
    0x0000016c   0x0000016c   0x00000000   Code   RO          301    .ARM.Collect$$libinit$$00000004  c_p.l(libinit2.o)
    0x0000016c   0x0000016c   0x00000000   Code   RO          304    .ARM.Collect$$libinit$$0000000A  c_p.l(libinit2.o)
    0x0000016c   0x0000016c   0x00000000   Code   RO          306    .ARM.Collect$$libinit$$0000000C  c_p.l(libinit2.o)
    0x0000016c   0x0000016c   0x00000000   Code   RO          308    .ARM.Collect$$libinit$$0000000E  c_p.l(libinit2.o)
    0x0000016c   0x0000016c   0x00000006   Code   RO          309    .ARM.Collect$$libinit$$0000000F  c_p.l(libinit2.o)
    0x00000172   0x00000172   0x00000000   Code   RO          311    .ARM.Collect$$libinit$$00000011  c_p.l(libinit2.o)
    0x00000172   0x00000172   0x00000000   Code   RO          313    .ARM.Collect$$libinit$$00000013  c_p.l(libinit2.o)
    0x00000172   0x00000172   0x00000000   Code   RO          315    .ARM.Collect$$libinit$$00000015  c_p.l(libinit2.o)
    0x00000172   0x00000172   0x0000000a   Code   RO          316    .ARM.Collect$$libinit$$00000016  c_p.l(libinit2.o)
    0x0000017c   0x0000017c   0x00000000   Code   RO          317    .ARM.Collect$$libinit$$00000017  c_p.l(libinit2.o)
    0x0000017c   0x0000017c   0x00000000   Code   RO          319    .ARM.Collect$$libinit$$00000019  c_p.l(libinit2.o)
    0x0000017c   0x0000017c   0x00000000   Code   RO          321    .ARM.Collect$$libinit$$0000001B  c_p.l(libinit2.o)
    0x0000017c   0x0000017c   0x00000000   Code   RO          323    .ARM.Collect$$libinit$$0000001D  c_p.l(libinit2.o)
    0x0000017c   0x0000017c   0x00000000   Code   RO          325    .ARM.Collect$$libinit$$0000001F  c_p.l(libinit2.o)
    0x0000017c   0x0000017c   0x00000000   Code   RO          327    .ARM.Collect$$libinit$$00000021  c_p.l(libinit2.o)
    0x0000017c   0x0000017c   0x00000000   Code   RO          329    .ARM.Collect$$libinit$$00000023  c_p.l(libinit2.o)
    0x0000017c   0x0000017c   0x00000000   Code   RO          331    .ARM.Collect$$libinit$$00000025  c_p.l(libinit2.o)
    0x0000017c   0x0000017c   0x00000000   Code   RO          335    .ARM.Collect$$libinit$$0000002C  c_p.l(libinit2.o)
    0x0000017c   0x0000017c   0x00000000   Code   RO          337    .ARM.Collect$$libinit$$0000002E  c_p.l(libinit2.o)
    0x0000017c   0x0000017c   0x00000000   Code   RO          339    .ARM.Collect$$libinit$$00000030  c_p.l(libinit2.o)
    0x0000017c   0x0000017c   0x00000000   Code   RO          341    .ARM.Collect$$libinit$$00000032  c_p.l(libinit2.o)
    0x0000017c   0x0000017c   0x00000002   Code   RO          342    .ARM.Collect$$libinit$$00000033  c_p.l(libinit2.o)
    0x0000017e   0x0000017e   0x00000002   Code   RO          398    .ARM.Collect$$libshutdown$$00000000  c_p.l(libshutdown.o)
    0x00000180   0x00000180   0x00000000   Code   RO          416    .ARM.Collect$$libshutdown$$00000002  c_p.l(libshutdown2.o)
    0x00000180   0x00000180   0x00000000   Code   RO          418    .ARM.Collect$$libshutdown$$00000004  c_p.l(libshutdown2.o)
    0x00000180   0x00000180   0x00000000   Code   RO          421    .ARM.Collect$$libshutdown$$00000007  c_p.l(libshutdown2.o)
    0x00000180   0x00000180   0x00000000   Code   RO          424    .ARM.Collect$$libshutdown$$0000000A  c_p.l(libshutdown2.o)
    0x00000180   0x00000180   0x00000000   Code   RO          426    .ARM.Collect$$libshutdown$$0000000C  c_p.l(libshutdown2.o)
    0x00000180   0x00000180   0x00000000   Code   RO          429    .ARM.Collect$$libshutdown$$0000000F  c_p.l(libshutdown2.o)
    0x00000180   0x00000180   0x00000002   Code   RO          430    .ARM.Collect$$libshutdown$$00000010  c_p.l(libshutdown2.o)
    0x00000182   0x00000182   0x00000000   Code   RO          211    .ARM.Collect$$rtentry$$00000000  c_p.l(__rtentry.o)
    0x00000182   0x00000182   0x00000000   Code   RO          233    .ARM.Collect$$rtentry$$00000002  c_p.l(__rtentry2.o)
    0x00000182   0x00000182   0x00000006   Code   RO          245    .ARM.Collect$$rtentry$$00000004  c_p.l(__rtentry4.o)
    0x00000188   0x00000188   0x00000000   Code   RO          235    .ARM.Collect$$rtentry$$00000009  c_p.l(__rtentry2.o)
    0x00000188   0x00000188   0x00000004   Code   RO          236    .ARM.Collect$$rtentry$$0000000A  c_p.l(__rtentry2.o)
    0x0000018c   0x0000018c   0x00000000   Code   RO          238    .ARM.Collect$$rtentry$$0000000C  c_p.l(__rtentry2.o)
    0x0000018c   0x0000018c   0x00000008   Code   RO          239    .ARM.Collect$$rtentry$$0000000D  c_p.l(__rtentry2.o)
    0x00000194   0x00000194   0x00000002   Code   RO          344    .ARM.Collect$$rtexit$$00000000  c_p.l(rtexit.o)
    0x00000196   0x00000196   0x00000000   Code   RO          363    .ARM.Collect$$rtexit$$00000002  c_p.l(rtexit2.o)
    0x00000196   0x00000196   0x00000004   Code   RO          364    .ARM.Collect$$rtexit$$00000003  c_p.l(rtexit2.o)
    0x0000019a   0x0000019a   0x00000006   Code   RO          365    .ARM.Collect$$rtexit$$00000004  c_p.l(rtexit2.o)
    0x000001a0   0x000001a0   0x00000034   Code   RO          112    .text               startup_mkl05z4.o
    0x000001d4   0x000001d4   0x00000028   Code   RO          137    .text               c_p.l(noretval__2sprintf.o)
    0x000001fc   0x000001fc   0x0000004e   Code   RO          141    .text               c_p.l(_printf_pad.o)
    0x0000024a   0x0000024a   0x00000052   Code   RO          143    .text               c_p.l(_printf_str.o)
    0x0000029c   0x0000029c   0x0000006c   Code   RO          145    .text               c_p.l(_printf_dec.o)
    0x00000308   0x00000308   0x00000058   Code   RO          150    .text               c_p.l(_printf_hex_int.o)
    0x00000360   0x00000360   0x00000006   Code   RO          201    .text               c_p.l(heapauxi.o)
    0x00000366   0x00000366   0x00000058   Code   RO          205    .text               fz_ps.l(dflti.o)
    0x000003be   0x000003be   0x00000002   PAD
    0x000003c0   0x000003c0   0x00000030   Code   RO          222    .text               c_p.l(_printf_char_common.o)
    0x000003f0   0x000003f0   0x0000000a   Code   RO          224    .text               c_p.l(_sputc.o)
    0x000003fa   0x000003fa   0x00000002   Code   RO          385    .text               c_p.l(use_no_semi.o)
    0x000003fc   0x000003fc   0x00000000   Code   RO          387    .text               c_p.l(indicate_semi.o)
    0x000003fc   0x000003fc   0x00000000   Code   RO          231    x$fpl$usenofp       fz_ps.l(usenofp.o)
    0x000003fc   0x000003fc   0x00000004   PAD
    0x00000400   0x00000400   0x00000010   Code   RO          111    .ARM.__at_0x400     startup_mkl05z4.o
    0x00000410   0x00000410   0x00000138   Code   RO          180    .text               c_p.l(__printf_flags_wp.o)
    0x00000548   0x00000548   0x000001f8   Code   RO          193    .text               c_p.l(aeabi_sdivfast.o)
    0x00000740   0x00000740   0x00000248   Code   RO          207    .text               fz_ps.l(dmul.o)
    0x00000988   0x00000988   0x000000b0   Code   RO          216    .text               c_p.l(_printf_intcommon.o)
    0x00000a38   0x00000a38   0x00000414   Code   RO          218    .text               c_p.l(_printf_fp_dec.o)
    0x00000e4c   0x00000e4c   0x0000002e   Code   RO          226    .text               c_p.l(_printf_char.o)
    0x00000e7a   0x00000e7a   0x00000028   Code   RO          229    .text               c_p.l(rtudiv10.o)
    0x00000ea2   0x00000ea2   0x00000002   PAD
    0x00000ea4   0x00000ea4   0x00000008   Code   RO          252    .text               c_p.l(rt_locale_intlibspace.o)
    0x00000eac   0x00000eac   0x0000007a   Code   RO          254    .text               c_p.l(lludiv10.o)
    0x00000f26   0x00000f26   0x00000002   PAD
    0x00000f28   0x00000f28   0x00000088   Code   RO          256    .text               c_p.l(_printf_fp_infnan.o)
    0x00000fb0   0x00000fb0   0x000000d8   Code   RO          260    .text               c_p.l(bigflt0.o)
    0x00001088   0x00001088   0x00000580   Code   RO          263    .text               c_p.l(btod.o)
    0x00001608   0x00001608   0x00000008   Code   RO          276    .text               c_p.l(libspace.o)
    0x00001610   0x00001610   0x0000003e   Code   RO          279    .text               c_p.l(sys_stackheap_outer.o)
    0x0000164e   0x0000164e   0x00000010   Code   RO          284    .text               c_p.l(exit.o)
    0x0000165e   0x0000165e   0x00000002   PAD
    0x00001660   0x00001660   0x000000b0   Code   RO          290    .text               c_p.l(strcmpv6m.o)
    0x00001710   0x00001710   0x0000000c   Code   RO          358    .text               c_p.l(sys_exit.o)
    0x0000171c   0x0000171c   0x00000054   Code   RO           29    .text.I2C_Init      i2c.o
    0x00001770   0x00001770   0x00000030   Code   RO           31    .text.I2C_Ping      i2c.o
    0x000017a0   0x000017a0   0x00000048   Code   RO           49    .text.I2C_Read      i2c.o
    0x000017e8   0x000017e8   0x00000068   Code   RO           59    .text.I2C_ReadReg   i2c.o
    0x00001850   0x00001850   0x00000090   Code   RO           63    .text.I2C_ReadRegBlock  i2c.o
    0x000018e0   0x000018e0   0x0000003c   Code   RO           47    .text.I2C_Write     i2c.o
    0x0000191c   0x0000191c   0x00000050   Code   RO           57    .text.I2C_WriteReg  i2c.o
    0x0000196c   0x0000196c   0x00000034   Code   RO           80    .text.LED_Blink     led.o
    0x000019a0   0x000019a0   0x0000003c   Code   RO           78    .text.LED_Ctrl      led.o
    0x000019dc   0x000019dc   0x00000040   Code   RO           76    .text.LED_Init      led.o
    0x00001a1c   0x00001a1c   0x00000014   Code   RO           82    .text.LED_Welcome   led.o
    0x00001a30   0x00001a30   0x00000020   Code   RO            4    .text.SysTick_Config  main.o
    0x00001a50   0x00001a50   0x00000018   Code   RO           10    .text.SysTick_Handler  main.o
    0x00001a68   0x00001a68   0x0000004c   Code   RO          121    .text.SystemInit    system_mkl05z4.o
    0x00001ab4   0x00001ab4   0x00000068   Code   RO           93    .text.UART_Init     uart.o
    0x00001b1c   0x00001b1c   0x0000001e   Code   RO           95    .text.UART_Print    uart.o
    0x00001b3a   0x00001b3a   0x00000002   PAD
    0x00001b3c   0x00001b3c   0x00000014   Code   RO           99    .text.UART_Println  uart.o
    0x00001b50   0x00001b50   0x00000018   Code   RO           12    .text.__NVIC_SetPriority  main.o
    0x00001b68   0x00001b68   0x00000058   Code   RO            6    .text.bus_scan      main.o
    0x00001bc0   0x00001bc0   0x0000006c   Code   RO            8    .text.expander_looptest  main.o
    0x00001c2c   0x00001c2c   0x0000000c   Code   RO           65    .text.i2c_ack       i2c.o
    0x00001c38   0x00001c38   0x0000000c   Code   RO           45    .text.i2c_disable   i2c.o
    0x00001c44   0x00001c44   0x0000000c   Code   RO           33    .text.i2c_enable    i2c.o
    0x00001c50   0x00001c50   0x00000018   Code   RO           61    .text.i2c_m_rstart  i2c.o
    0x00001c68   0x00001c68   0x0000000c   Code   RO           37    .text.i2c_m_start   i2c.o
    0x00001c74   0x00001c74   0x0000000c   Code   RO           43    .text.i2c_m_stop    i2c.o
    0x00001c80   0x00001c80   0x0000000c   Code   RO           53    .text.i2c_nack      i2c.o
    0x00001c8c   0x00001c8c   0x0000000c   Code   RO           51    .text.i2c_rec       i2c.o
    0x00001c98   0x00001c98   0x00000008   Code   RO           55    .text.i2c_recv      i2c.o
    0x00001ca0   0x00001ca0   0x0000000c   Code   RO           39    .text.i2c_send      i2c.o
    0x00001cac   0x00001cac   0x00000010   Code   RO           35    .text.i2c_tran      i2c.o
    0x00001cbc   0x00001cbc   0x0000004c   Code   RO           41    .text.i2c_wait      i2c.o
    0x00001d08   0x00001d08   0x0000025c   Code   RO            2    .text.main          main.o
    0x00001f64   0x00001f64   0x00000014   Code   RO           97    .text.uart_send     uart.o
    0x00001f78   0x00001f78   0x000001f6   Code   RO          194    .text_divfast       c_p.l(aeabi_sdivfast.o)
    0x0000216e   0x0000216e   0x00000030   Code   RO          265    i.__ARM_common_ll_muluu  c_p.l(btod.o)
    0x0000219e   0x0000219e   0x00000002   PAD
    0x000021a0   0x000021a0   0x0000002c   Code   RO          274    i.__ARM_fpclassify  m_ps.l(fpclassify.o)
    0x000021cc   0x000021cc   0x0000000e   Code   RO          178    i._is_digit         c_p.l(__printf_wp.o)
    0x000021da   0x000021da   0x00000002   PAD
    0x000021dc   0x000021dc   0x0000002c   Code   RO          270    locale$$code        c_p.l(lc_numeric_c.o)
    0x00002208   0x00002208   0x00000010   Code   RO          209    x$fpl$printf1       fz_ps.l(printf1.o)
    0x00002218   0x00002218   0x00000028   Data   RO          151    .constdata          c_p.l(_printf_hex_int.o)
    0x00002240   0x00002240   0x00000011   Data   RO          181    .constdata          c_p.l(__printf_flags_wp.o)
    0x00002251   0x00002251   0x00000003   PAD
    0x00002254   0x00002254   0x00000094   Data   RO          261    .constdata          c_p.l(bigflt0.o)
    0x000022e8   0x000022e8   0x00000030   Data   RO           84    .rodata.led         led.o
    0x00002318   0x00002318   0x000000b9   Data   RO           14    .rodata.str1.1      main.o
    0x000023d1   0x000023d1   0x00000003   PAD
    0x000023d4   0x000023d4   0x00000020   Data   RO          432    Region$$Table       anon$$obj.o
    0x000023f4   0x000023f4   0x0000001c   Data   RO          269    locale$$data        c_p.l(lc_numeric_c.o)


    Execution Region RW_IRAM1 (Exec base: 0x1ffffc00, Load base: 0x00002410, Size: 0x000005d8, Max: 0x00001000, ABSOLUTE)

    Exec Addr    Load Addr    Size         Type   Attr      Idx    E Section Name        Object

    0x1ffffc00   0x00002410   0x00000004   Data   RW          125    .data.SystemCoreClock  system_mkl05z4.o
    0x1ffffc04   0x00002414   0x00000004   PAD
    0x1ffffc08        -       0x00000060   Zero   RW          277    .bss                c_p.l(libspace.o)
    0x1ffffc68        -       0x00000006   Zero   RW           17    .bss.arrayXYZ       main.o
    0x1ffffc6e        -       0x00000001   Zero   RW           67    .bss.error          i2c.o
    0x1ffffc6f        -       0x00000001   Zero   RW           19    .bss.msTicks        main.o
    0x1ffffc70        -       0x00000001   Zero   RW           18    .bss.newTick        main.o
    0x1ffffc71        -       0x00000001   Zero   RW           15    .bss.readout        main.o
    0x1ffffc72        -       0x00000063   Zero   RW           16    .bss.temp           main.o
    0x1ffffcd5   0x00002414   0x00000003   PAD
    0x1ffffcd8        -       0x00000000   Zero   RW          109    HEAP                startup_mkl05z4.o
    0x1ffffcd8        -       0x00000500   Zero   RW          108    STACK               startup_mkl05z4.o


==============================================================================

Image component sizes


      Code (inc. data)   RO Data    RW Data    ZI Data      Debug   Object Name

       812         40          0          0          1       5022   i2c.o
       196         12         48          0          0       2964   led.o
       880        308        185          0        108       3814   main.o
        68         38        192          0       1280        808   startup_mkl05z4.o
        76         16          0          4          0       2309   system_mkl05z4.o
       174         24          0          0          0       2545   uart.o

    ----------------------------------------------------------------------
      2208        438        460          4       1396      17462   Object Totals
         0          0         32          0          0          0   (incl. Generated)
         2          0          3          0          7          0   (incl. Padding)

    ----------------------------------------------------------------------

      Code (inc. data)   RO Data    RW Data    ZI Data      Debug   Library Member Name

         8          0          0          0          0         68   __main.o
       312          6         17          0          0         76   __printf_flags_wp.o
        14          0          0          0          0         60   __printf_wp.o
         0          0          0          0          0          0   __rtentry.o
        12          0          0          0          0          0   __rtentry2.o
         6          0          0          0          0          0   __rtentry4.o
        60          8          0          0          0          0   __scatter.o
        26          0          0          0          0          0   __scatter_copy.o
        28          0          0          0          0          0   __scatter_zi.o
        46          0          0          0          0        100   _printf_char.o
        48          6          0          0          0         88   _printf_char_common.o
        10          0          0          0          0          0   _printf_d.o
       108         18          0          0          0         76   _printf_dec.o
        10          0          0          0          0          0   _printf_f.o
      1044         12          0          0          0        116   _printf_fp_dec.o
       136         16          0          0          0         76   _printf_fp_infnan.o
        88          4         40          0          0         72   _printf_hex_int.o
       176          0          0          0          0         84   _printf_intcommon.o
        78          0          0          0          0        100   _printf_pad.o
         2          0          0          0          0          0   _printf_percent.o
         4          0          0          0          0          0   _printf_percent_end.o
        10          0          0          0          0          0   _printf_s.o
        82          0          0          0          0         72   _printf_str.o
        10          0          0          0          0          0   _printf_x.o
        10          0          0          0          0         60   _sputc.o
      1006          4          0          0          0        184   aeabi_sdivfast.o
       216          6        148          0          0         80   bigflt0.o
      1456         30          0          0          0        336   btod.o
        16          0          0          0          0         68   exit.o
         6          0          0          0          0        136   heapauxi.o
         0          0          0          0          0          0   indicate_semi.o
        44         10         28          0          0         76   lc_numeric_c.o
         2          0          0          0          0          0   libinit.o
        18          0          0          0          0          0   libinit2.o
         2          0          0          0          0          0   libshutdown.o
         2          0          0          0          0          0   libshutdown2.o
         8          4          0          0         96         68   libspace.o
       122          0          0          0          0         72   lludiv10.o
        40          4          0          0          0         84   noretval__2sprintf.o
         8          4          0          0          0         68   rt_locale_intlibspace.o
         2          0          0          0          0          0   rtexit.o
        10          0          0          0          0          0   rtexit2.o
        40          0          0          0          0         60   rtudiv10.o
       176          4          0          0          0         80   strcmpv6m.o
        12          4          0          0          0         60   sys_exit.o
        62          0          0          0          0         80   sys_stackheap_outer.o
         2          0          0          0          0         68   use_no_semi.o
        88          0          0          0          0         92   dflti.o
       584         26          0          0          0         84   dmul.o
        16          4          0          0          0         76   printf1.o
         0          0          0          0          0          0   usenofp.o
        44          4          0          0          0         60   fpclassify.o

    ----------------------------------------------------------------------
      6328        174        236          0         96       2880   Library Totals
        18          0          3          0          0          0   (incl. Padding)

    ----------------------------------------------------------------------

      Code (inc. data)   RO Data    RW Data    ZI Data      Debug   Library Name

      5578        140        233          0         96       2568   c_p.l
       688         30          0          0          0        252   fz_ps.l
        44          4          0          0          0         60   m_ps.l

    ----------------------------------------------------------------------
      6328        174        236          0         96       2880   Library Totals

    ----------------------------------------------------------------------

==============================================================================


      Code (inc. data)   RO Data    RW Data    ZI Data      Debug   

      8536        612        696          4       1492      18950   Grand Totals
      8536        612        696          4       1492      18950   ELF Image Totals
      8536        612        696          4          0          0   ROM Totals

==============================================================================

    Total RO  Size (Code + RO Data)                 9232 (   9.02kB)
    Total RW  Size (RW Data + ZI Data)              1496 (   1.46kB)
    Total ROM Size (Code + RO Data + RW Data)       9236 (   9.02kB)

==============================================================================

