Component: ARM Compiler 6.14 Tool: armlink [5db06800]

==============================================================================

Section Cross References

    i2c.o(.ARM.exidx.text.I2C_Init) refers to i2c.o(.text.I2C_Init) for [Anonymous Symbol]
    i2c.o(.text.I2C_Write) refers to i2c.o(.text.i2c_enable) for i2c_enable
    i2c.o(.text.I2C_Write) refers to i2c.o(.text.i2c_tran) for i2c_tran
    i2c.o(.text.I2C_Write) refers to i2c.o(.text.i2c_m_start) for i2c_m_start
    i2c.o(.text.I2C_Write) refers to i2c.o(.text.i2c_send) for i2c_send
    i2c.o(.text.I2C_Write) refers to i2c.o(.text.i2c_wait) for i2c_wait
    i2c.o(.text.I2C_Write) refers to i2c.o(.text.i2c_m_stop) for i2c_m_stop
    i2c.o(.text.I2C_Write) refers to i2c.o(.text.i2c_disable) for i2c_disable
    i2c.o(.text.I2C_Write) refers to i2c.o(.bss.error) for [Anonymous Symbol]
    i2c.o(.ARM.exidx.text.I2C_Write) refers to i2c.o(.text.I2C_Write) for [Anonymous Symbol]
    i2c.o(.ARM.exidx.text.i2c_enable) refers to i2c.o(.text.i2c_enable) for [Anonymous Symbol]
    i2c.o(.ARM.exidx.text.i2c_tran) refers to i2c.o(.text.i2c_tran) for [Anonymous Symbol]
    i2c.o(.ARM.exidx.text.i2c_m_start) refers to i2c.o(.text.i2c_m_start) for [Anonymous Symbol]
    i2c.o(.ARM.exidx.text.i2c_send) refers to i2c.o(.text.i2c_send) for [Anonymous Symbol]
    i2c.o(.text.i2c_wait) refers to i2c.o(.bss.error) for [Anonymous Symbol]
    i2c.o(.ARM.exidx.text.i2c_wait) refers to i2c.o(.text.i2c_wait) for [Anonymous Symbol]
    i2c.o(.ARM.exidx.text.i2c_m_stop) refers to i2c.o(.text.i2c_m_stop) for [Anonymous Symbol]
    i2c.o(.ARM.exidx.text.i2c_disable) refers to i2c.o(.text.i2c_disable) for [Anonymous Symbol]
    i2c.o(.ARM.exidx.text.i2c_m_rstart) refers to i2c.o(.text.i2c_m_rstart) for [Anonymous Symbol]
    lcd1602.o(.text.LCD1602_Init) refers to i2c.o(.text.I2C_Init) for I2C_Init
    lcd1602.o(.text.LCD1602_Init) refers to lcd1602.o(.text.PCF8574_Write) for PCF8574_Write
    lcd1602.o(.text.LCD1602_Init) refers to lcd1602.o(.text.LCD1602_Write8) for LCD1602_Write8
    lcd1602.o(.ARM.exidx.text.LCD1602_Init) refers to lcd1602.o(.text.LCD1602_Init) for [Anonymous Symbol]
    lcd1602.o(.text.PCF8574_Write) refers to i2c.o(.text.I2C_Write) for I2C_Write
    lcd1602.o(.text.PCF8574_Write) refers to lcd1602.o(.data.lcd_backlight) for [Anonymous Symbol]
    lcd1602.o(.ARM.exidx.text.PCF8574_Write) refers to lcd1602.o(.text.PCF8574_Write) for [Anonymous Symbol]
    lcd1602.o(.text.LCD1602_Write8) refers to lcd1602.o(.text.LCD1602_Write4) for LCD1602_Write4
    lcd1602.o(.ARM.exidx.text.LCD1602_Write8) refers to lcd1602.o(.text.LCD1602_Write8) for [Anonymous Symbol]
    lcd1602.o(.text.LCD1602_SetCursor) refers to lcd1602.o(.text.LCD1602_Write8) for LCD1602_Write8
    lcd1602.o(.ARM.exidx.text.LCD1602_SetCursor) refers to lcd1602.o(.text.LCD1602_SetCursor) for [Anonymous Symbol]
    lcd1602.o(.text.LCD1602_ClearAll) refers to lcd1602.o(.text.LCD1602_Write8) for LCD1602_Write8
    lcd1602.o(.ARM.exidx.text.LCD1602_ClearAll) refers to lcd1602.o(.text.LCD1602_ClearAll) for [Anonymous Symbol]
    lcd1602.o(.text.LCD1602_Print) refers to lcd1602.o(.text.LCD1602_Write8) for LCD1602_Write8
    lcd1602.o(.ARM.exidx.text.LCD1602_Print) refers to lcd1602.o(.text.LCD1602_Print) for [Anonymous Symbol]
    lcd1602.o(.text.LCD1602_PrintNum) refers to lcd1602.o(.text.itoa) for itoa
    lcd1602.o(.text.LCD1602_PrintNum) refers to lcd1602.o(.text.LCD1602_Print) for LCD1602_Print
    lcd1602.o(.ARM.exidx.text.LCD1602_PrintNum) refers to lcd1602.o(.text.LCD1602_PrintNum) for [Anonymous Symbol]
    lcd1602.o(.text.itoa) refers to aeabi_sdivfast.o(.text_divfast) for __aeabi_idiv
    lcd1602.o(.ARM.exidx.text.itoa) refers to lcd1602.o(.text.itoa) for [Anonymous Symbol]
    lcd1602.o(.text.LCD1602_Backlight) refers to lcd1602.o(.text.PCF8574_Write) for PCF8574_Write
    lcd1602.o(.text.LCD1602_Backlight) refers to lcd1602.o(.data.lcd_backlight) for [Anonymous Symbol]
    lcd1602.o(.ARM.exidx.text.LCD1602_Backlight) refers to lcd1602.o(.text.LCD1602_Backlight) for [Anonymous Symbol]
    lcd1602.o(.text.LCD1602_Write4) refers to lcd1602.o(.text.PCF8574_Write) for PCF8574_Write
    lcd1602.o(.ARM.exidx.text.LCD1602_Write4) refers to lcd1602.o(.text.LCD1602_Write4) for [Anonymous Symbol]
    led.o(.text.LED_Init) refers to led.o(.rodata.led) for [Anonymous Symbol]
    led.o(.ARM.exidx.text.LED_Init) refers to led.o(.text.LED_Init) for [Anonymous Symbol]
    led.o(.text.LED_Ctrl) refers to led.o(.rodata.led) for [Anonymous Symbol]
    led.o(.ARM.exidx.text.LED_Ctrl) refers to led.o(.text.LED_Ctrl) for [Anonymous Symbol]
    led.o(.text.LED_Blink) refers to led.o(.text.LED_Ctrl) for LED_Ctrl
    led.o(.ARM.exidx.text.LED_Blink) refers to led.o(.text.LED_Blink) for [Anonymous Symbol]
    led.o(.text.LED_Welcome) refers to led.o(.text.LED_Blink) for LED_Blink
    led.o(.ARM.exidx.text.LED_Welcome) refers to led.o(.text.LED_Welcome) for [Anonymous Symbol]
[...]
    main.o(.text.main) refers to tsi.o(.text.TSI_Init) for TSI_Init
    main.o(.text.main) refers to led.o(.text.LED_Init) for LED_Init
    main.o(.text.main) refers to led.o(.text.LED_Welcome) for LED_Welcome
    main.o(.text.main) refers to lcd1602.o(.text.LCD1602_Init) for LCD1602_Init
    main.o(.text.main) refers to main.o(.text.lcd_static) for lcd_static
    main.o(.text.main) refers to pit.o(.text.PIT_Init_Generator) for PIT_Init_Generator
    main.o(.text.main) refers to main.o(.text.SysTick_Config) for SysTick_Config
    main.o(.text.main) refers to tpm.o(.text.TPM1_Init_InputCapture) for TPM1_Init_InputCapture
    main.o(.text.main) refers to tsi.o(.text.TSI_ReadSlider) for TSI_ReadSlider
    main.o(.text.main) refers to pit.o(.text.PIT_SetTSV) for PIT_SetTSV
    main.o(.text.main) refers to main.o(.text.lcd_update) for lcd_update
    main.o(.text.main) refers to main.o(.bss.newTick) for [Anonymous Symbol]
    main.o(.text.main) refers to main.o(.bss.msTicks) for [Anonymous Symbol]
    main.o(.text.main) refers to main.o(.data.sliderVal) for [Anonymous Symbol]
    main.o(.ARM.exidx.text.main) refers to main.o(.text.main) for [Anonymous Symbol]
    main.o(.text.lcd_static) refers to lcd1602.o(.text.LCD1602_ClearAll) for LCD1602_ClearAll
    main.o(.text.lcd_static) refers to lcd1602.o(.text.LCD1602_SetCursor) for LCD1602_SetCursor
    main.o(.text.lcd_static) refers to lcd1602.o(.text.LCD1602_Print) for LCD1602_Print
    main.o(.text.lcd_static) refers to main.o(.text.lcd_update) for lcd_update
    main.o(.ARM.exidx.text.lcd_static) refers to main.o(.text.lcd_static) for [Anonymous Symbol]
    main.o(.text.SysTick_Config) refers to main.o(.text.__NVIC_SetPriority) for __NVIC_SetPriority
    main.o(.ARM.exidx.text.SysTick_Config) refers to main.o(.text.SysTick_Config) for [Anonymous Symbol]
    main.o(.text.lcd_update) refers to lcd1602.o(.text.LCD1602_SetCursor) for LCD1602_SetCursor
    main.o(.text.lcd_update) refers to lcd1602.o(.text.LCD1602_PrintNum) for LCD1602_PrintNum
    main.o(.text.lcd_update) refers to tpm.o(.text.TPM1_GetVal) for TPM1_GetVal
    main.o(.text.lcd_update) refers to dflti.o(.text) for __aeabi_ui2d
    main.o(.text.lcd_update) refers to dmul.o(.text) for __aeabi_dmul
    main.o(.text.lcd_update) refers to ddiv.o(.text) for __aeabi_ddiv
    main.o(.text.lcd_update) refers to dfixi.o(.text) for __aeabi_d2iz
    main.o(.text.lcd_update) refers to main.o(.data.sliderVal) for [Anonymous Symbol]
    main.o(.text.lcd_update) refers to main.o(.bss.sliderOld) for [Anonymous Symbol]
    main.o(.ARM.exidx.text.lcd_update) refers to main.o(.text.lcd_update) for [Anonymous Symbol]
    main.o(.text.SysTick_Handler) refers to main.o(.bss.newTick) for [Anonymous Symbol]
    main.o(.text.SysTick_Handler) refers to main.o(.bss.msTicks) for [Anonymous Symbol]
    main.o(.ARM.exidx.text.SysTick_Handler) refers to main.o(.text.SysTick_Handler) for [Anonymous Symbol]
    main.o(.ARM.exidx.text.__NVIC_SetPriority) refers to main.o(.text.__NVIC_SetPriority) for [Anonymous Symbol]
    pit.o(.text.PIT_Init_Generator) refers to pit.o(.text.__NVIC_SetPriority) for __NVIC_SetPriority
    pit.o(.text.PIT_Init_Generator) refers to pit.o(.text.__NVIC_ClearPendingIRQ) for __NVIC_ClearPendingIRQ
    pit.o(.text.PIT_Init_Generator) refers to pit.o(.text.__NVIC_EnableIRQ) for __NVIC_EnableIRQ
    pit.o(.text.PIT_Init_Generator) refers to pit.o(.bss.pitEnabled) for [Anonymous Symbol]
    pit.o(.ARM.exidx.text.PIT_Init_Generator) refers to pit.o(.text.PIT_Init_Generator) for [Anonymous Symbol]
    pit.o(.ARM.exidx.text.__NVIC_SetPriority) refers to pit.o(.text.__NVIC_SetPriority) for [Anonymous Symbol]
    pit.o(.ARM.exidx.text.__NVIC_ClearPendingIRQ) refers to pit.o(.text.__NVIC_ClearPendingIRQ) for [Anonymous Symbol]
    pit.o(.ARM.exidx.text.__NVIC_EnableIRQ) refers to pit.o(.text.__NVIC_EnableIRQ) for [Anonymous Symbol]
    pit.o(.text.PIT_SetTSV) refers to pit.o(.bss.pitEnabled) for [Anonymous Symbol]
    pit.o(.ARM.exidx.text.PIT_SetTSV) refers to pit.o(.text.PIT_SetTSV) for [Anonymous Symbol]
    pit.o(.text.PIT_IRQHandler) refers to led.o(.text.LED_Ctrl) for LED_Ctrl
    pit.o(.ARM.exidx.text.PIT_IRQHandler) refers to pit.o(.text.PIT_IRQHandler) for [Anonymous Symbol]
    tpm.o(.text.TPM1_Init_InputCapture) refers to tpm.o(.text.__NVIC_SetPriority) for __NVIC_SetPriority
    tpm.o(.text.TPM1_Init_InputCapture) refers to tpm.o(.text.__NVIC_ClearPendingIRQ) for __NVIC_ClearPendingIRQ
    tpm.o(.text.TPM1_Init_InputCapture) refers to tpm.o(.text.__NVIC_EnableIRQ) for __NVIC_EnableIRQ
    tpm.o(.ARM.exidx.text.TPM1_Init_InputCapture) refers to tpm.o(.text.TPM1_Init_InputCapture) for [Anonymous Symbol]
    tpm.o(.ARM.exidx.text.__NVIC_SetPriority) refers to tpm.o(.text.__NVIC_SetPriority) for [Anonymous Symbol]
    tpm.o(.ARM.exidx.text.__NVIC_ClearPendingIRQ) refers to tpm.o(.text.__NVIC_ClearPendingIRQ) for [Anonymous Symbol]
    tpm.o(.ARM.exidx.text.__NVIC_EnableIRQ) refers to tpm.o(.text.__NVIC_EnableIRQ) for [Anonymous Symbol]
    tpm.o(.text.TPM0_Init_PWM) refers to tpm.o(.bss.tpm0Enabled) for [Anonymous Symbol]
    tpm.o(.ARM.exidx.text.TPM0_Init_PWM) refers to tpm.o(.text.TPM0_Init_PWM) for [Anonymous Symbol]
    tpm.o(.text.TPM1_GetVal) refers to tpm.o(.bss.tpm1Diff) for [Anonymous Symbol]
    tpm.o(.ARM.exidx.text.TPM1_GetVal) refers to tpm.o(.text.TPM1_GetVal) for [Anonymous Symbol]
    tpm.o(.text.TPM0_SetVal) refers to tpm.o(.bss.tpm0Enabled) for [Anonymous Symbol]
    tpm.o(.ARM.exidx.text.TPM0_SetVal) refers to tpm.o(.text.TPM0_SetVal) for [Anonymous Symbol]
    tpm.o(.text.TPM1_IRQHandler) refers to led.o(.text.LED_Ctrl) for LED_Ctrl
    tpm.o(.text.TPM1_IRQHandler) refers to tpm.o(.bss.tpm1New) for [Anonymous Symbol]
    tpm.o(.text.TPM1_IRQHandler) refers to tpm.o(.bss.tpm1Diff) for [Anonymous Symbol]
    tpm.o(.ARM.exidx.text.TPM1_IRQHandler) refers to tpm.o(.text.TPM1_IRQHandler) for [Anonymous Symbol]
    startup_mkl05z4.o(STACK) refers (Special) to heapauxi.o(.text) for __use_two_region_memory
    startup_mkl05z4.o(HEAP) refers (Special) to heapauxi.o(.text) for __use_two_region_memory
    startup_mkl05z4.o(RESET) refers (Special) to heapauxi.o(.text) for __use_two_region_memory
    startup_mkl05z4.o(RESET) refers to startup_mkl05z4.o(STACK) for __initial_sp
    startup_mkl05z4.o(RESET) refers to startup_mkl05z4.o(.text) for Reset_Handler
    startup_mkl05z4.o(RESET) refers to main.o(.text.SysTick_Handler) for SysTick_Handler
    startup_mkl05z4.o(RESET) refers to tpm.o(.text.TPM1_IRQHandler) for TPM1_IRQHandler
    startup_mkl05z4.o(RESET) refers to pit.o(.text.PIT_IRQHandler) for PIT_IRQHandler
    startup_mkl05z4.o(RESET) refers to tsi.o(.text.TSI0_IRQHandler) for TSI0_IRQHandler
    startup_mkl05z4.o(.ARM.__at_0x400) refers (Special) to heapauxi.o(.text) for __use_two_region_memory
    startup_mkl05z4.o(.text) refers (Special) to heapauxi.o(.text) for __use_two_region_memory
    startup_mkl05z4.o(.text) refers to system_mkl05z4.o(.text.SystemInit) for SystemInit
    startup_mkl05z4.o(.text) refers to __main.o(!!!main) for __main
    startup_mkl05z4.o(.text) refers to startup_mkl05z4.o(HEAP) for Heap_Mem
    startup_mkl05z4.o(.text) refers to startup_mkl05z4.o(STACK) for Stack_Mem
    system_mkl05z4.o(.ARM.exidx.text.SystemInit) refers to system_mkl05z4.o(.text.SystemInit) for [Anonymous Symbol]
    system_mkl05z4.o(.text.SystemCoreClockUpdate) refers to aeabi_sdivfast.o(.text_divfast) for __aeabi_uidiv
    system_mkl05z4.o(.text.SystemCoreClockUpdate) refers to system_mkl05z4.o(.data.SystemCoreClock) for SystemCoreClock
    system_mkl05z4.o(.ARM.exidx.text.SystemCoreClockUpdate) refers to system_mkl05z4.o(.text.SystemCoreClockUpdate) for [Anonymous Symbol]
    __main.o(!!!main) refers to __rtentry.o(.ARM.Collect$$rtentry$$00000000) for __rt_entry
    ddiv.o(.text) refers (Special) to usenofp.o(x$fpl$usenofp) for __I$use$fp
    ddiv.o(.text) refers to ddiv.o(.constdata) for .constdata
    ddiv.o(.constdata) refers (Special) to usenofp.o(x$fpl$usenofp) for __I$use$fp
    dfixi.o(.text) refers (Special) to usenofp.o(x$fpl$usenofp) for __I$use$fp
    dflti.o(.text) refers (Special) to usenofp.o(x$fpl$usenofp) for __I$use$fp
    dmul.o(.text) refers (Special) to usenofp.o(x$fpl$usenofp) for __I$use$fp
    __rtentry.o(.ARM.Collect$$rtentry$$00000000) refers (Special) to __rtentry2.o(.ARM.Collect$$rtentry$$0000000A) for __rt_entry_li
    __rtentry.o(.ARM.Collect$$rtentry$$00000000) refers (Special) to __rtentry2.o(.ARM.Collect$$rtentry$$0000000D) for __rt_entry_main
    __rtentry.o(.ARM.Collect$$rtentry$$00000000) refers (Special) to __rtentry2.o(.ARM.Collect$$rtentry$$0000000C) for __rt_entry_postli_1
    __rtentry.o(.ARM.Collect$$rtentry$$00000000) refers (Special) to __rtentry2.o(.ARM.Collect$$rtentry$$00000009) for __rt_entry_postsh_1
    __rtentry.o(.ARM.Collect$$rtentry$$00000000) refers (Special) to __rtentry2.o(.ARM.Collect$$rtentry$$00000002) for __rt_entry_presh_1
    __rtentry.o(.ARM.Collect$$rtentry$$00000000) refers (Special) to __rtentry4.o(.ARM.Collect$$rtentry$$00000004) for __rt_entry_sh
    aeabi_idiv0_sigfpe.o(.text) refers to rt_div0.o(.text) for __rt_div0
    __rtentry2.o(.ARM.Collect$$rtentry$$00000008) refers to boardinit2.o(.text) for _platform_post_stackheap_init
    __rtentry2.o(.ARM.Collect$$rtentry$$0000000A) refers to libinit.o(.ARM.Collect$$libinit$$00000000) for __rt_lib_init
    __rtentry2.o(.ARM.Collect$$rtentry$$0000000B) refers to boardinit3.o(.text) for _platform_post_lib_init
    __rtentry2.o(.ARM.Collect$$rtentry$$0000000D) refers to main.o(.text.main) for main
    __rtentry2.o(.ARM.Collect$$rtentry$$0000000D) refers to exit.o(.text) for exit
    __rtentry2.o(.ARM.exidx) refers to __rtentry2.o(.ARM.Collect$$rtentry$$00000001) for .ARM.Collect$$rtentry$$00000001
    __rtentry2.o(.ARM.exidx) refers to __rtentry2.o(.ARM.Collect$$rtentry$$00000008) for .ARM.Collect$$rtentry$$00000008
    __rtentry2.o(.ARM.exidx) refers to __rtentry2.o(.ARM.Collect$$rtentry$$0000000A) for .ARM.Collect$$rtentry$$0000000A
    __rtentry2.o(.ARM.exidx) refers to __rtentry2.o(.ARM.Collect$$rtentry$$0000000B) for .ARM.Collect$$rtentry$$0000000B
    __rtentry2.o(.ARM.exidx) refers to __rtentry2.o(.ARM.Collect$$rtentry$$0000000D) for .ARM.Collect$$rtentry$$0000000D
    __rtentry4.o(.ARM.Collect$$rtentry$$00000004) refers to sys_stackheap_outer.o(.text) for __user_setup_stackheap
    __rtentry4.o(.ARM.exidx) refers to __rtentry4.o(.ARM.Collect$$rtentry$$00000004) for .ARM.Collect$$rtentry$$00000004
    rt_div0.o(.text) refers to defsig_fpe_outer.o(.text) for __rt_SIGFPE
    sys_stackheap_outer.o(.text) refers to libspace.o(.text) for __user_perproc_libspace
    sys_stackheap_outer.o(.text) refers to startup_mkl05z4.o(.text) for __user_initial_stackheap
    sys_stackheap_outer.o(__vectab_stack_and_reset_area) refers to tempstk.o(.text) for __temporary_stack_top
    sys_stackheap_outer.o(__vectab_stack_and_reset_area) refers to __main.o(!!!main) for __main
    exit.o(.text) refers to rtexit.o(.ARM.Collect$$rtexit$$00000000) for __rt_exit
    defsig_fpe_outer.o(.text) refers to defsig_fpe_inner.o(.text) for __rt_SIGFPE_inner
    defsig_fpe_outer.o(.text) refers to defsig_exit.o(.text) for __sig_exit
    defsig_fpe_formal.o(.text) refers to rt_raise.o(.text) for __rt_raise
    libinit.o(.ARM.Collect$$libinit$$00000000) refers (Special) to libinit2.o(.ARM.Collect$$libinit$$0000002E) for __rt_lib_init_alloca_1
    libinit.o(.ARM.Collect$$libinit$$00000000) refers (Special) to libinit2.o(.ARM.Collect$$libinit$$0000002C) for __rt_lib_init_argv_1
    libinit.o(.ARM.Collect$$libinit$$00000000) refers (Special) to libinit2.o(.ARM.Collect$$libinit$$0000001B) for __rt_lib_init_atexit_1
    libinit.o(.ARM.Collect$$libinit$$00000000) refers (Special) to libinit2.o(.ARM.Collect$$libinit$$00000021) for __rt_lib_init_clock_1
    libinit.o(.ARM.Collect$$libinit$$00000000) refers (Special) to libinit2.o(.ARM.Collect$$libinit$$00000032) for __rt_lib_init_cpp_1
    libinit.o(.ARM.Collect$$libinit$$00000000) refers (Special) to libinit2.o(.ARM.Collect$$libinit$$00000030) for __rt_lib_init_exceptions_1
    libinit.o(.ARM.Collect$$libinit$$00000000) refers (Special) to libinit2.o(.ARM.Collect$$libinit$$00000002) for __rt_lib_init_fp_1
    libinit.o(.ARM.Collect$$libinit$$00000000) refers (Special) to libinit2.o(.ARM.Collect$$libinit$$0000001F) for __rt_lib_init_fp_trap_1
    libinit.o(.ARM.Collect$$libinit$$00000000) refers (Special) to libinit2.o(.ARM.Collect$$libinit$$00000023) for __rt_lib_init_getenv_1
    libinit.o(.ARM.Collect$$libinit$$00000000) refers (Special) to libinit2.o(.ARM.Collect$$libinit$$0000000A) for __rt_lib_init_heap_1
    libinit.o(.ARM.Collect$$libinit$$00000000) refers (Special) to libinit2.o(.ARM.Collect$$libinit$$00000011) for __rt_lib_init_lc_collate_1
    libinit.o(.ARM.Collect$$libinit$$00000000) refers (Special) to libinit2.o(.ARM.Collect$$libinit$$00000013) for __rt_lib_init_lc_ctype_1
    libinit.o(.ARM.Collect$$libinit$$00000000) refers (Special) to libinit2.o(.ARM.Collect$$libinit$$00000015) for __rt_lib_init_lc_monetary_1
    libinit.o(.ARM.Collect$$libinit$$00000000) refers (Special) to libinit2.o(.ARM.Collect$$libinit$$00000017) for __rt_lib_init_lc_numeric_1
    libinit.o(.ARM.Collect$$libinit$$00000000) refers (Special) to libinit2.o(.ARM.Collect$$libinit$$00000019) for __rt_lib_init_lc_time_1
    libinit.o(.ARM.Collect$$libinit$$00000000) refers (Special) to libinit2.o(.ARM.Collect$$libinit$$00000004) for __rt_lib_init_preinit_1
    libinit.o(.ARM.Collect$$libinit$$00000000) refers (Special) to libinit2.o(.ARM.Collect$$libinit$$0000000E) for __rt_lib_init_rand_1
    libinit.o(.ARM.Collect$$libinit$$00000000) refers (Special) to libinit2.o(.ARM.Collect$$libinit$$00000033) for __rt_lib_init_return
    libinit.o(.ARM.Collect$$libinit$$00000000) refers (Special) to libinit2.o(.ARM.Collect$$libinit$$0000001D) for __rt_lib_init_signal_1
    libinit.o(.ARM.Collect$$libinit$$00000000) refers (Special) to libinit2.o(.ARM.Collect$$libinit$$00000025) for __rt_lib_init_stdio_1
    libinit.o(.ARM.Collect$$libinit$$00000000) refers (Special) to libinit2.o(.ARM.Collect$$libinit$$0000000C) for __rt_lib_init_user_alloc_1
    libspace.o(.text) refers to libspace.o(.bss) for __libspace_start
    rtexit.o(.ARM.Collect$$rtexit$$00000000) refers (Special) to rtexit2.o(.ARM.Collect$$rtexit$$00000004) for __rt_exit_exit
    rtexit.o(.ARM.Collect$$rtexit$$00000000) refers (Special) to rtexit2.o(.ARM.Collect$$rtexit$$00000003) for __rt_exit_ls
    rtexit.o(.ARM.Collect$$rtexit$$00000000) refers (Special) to rtexit2.o(.ARM.Collect$$rtexit$$00000002) for __rt_exit_prels_1
    rtexit.o(.ARM.exidx) refers (Special) to rtexit2.o(.ARM.Collect$$rtexit$$00000004) for __rt_exit_exit
    rtexit.o(.ARM.exidx) refers (Special) to rtexit2.o(.ARM.Collect$$rtexit$$00000003) for __rt_exit_ls
    rtexit.o(.ARM.exidx) refers (Special) to rtexit2.o(.ARM.Collect$$rtexit$$00000002) for __rt_exit_prels_1
    rtexit.o(.ARM.exidx) refers to rtexit.o(.ARM.Collect$$rtexit$$00000000) for .ARM.Collect$$rtexit$$00000000
    rt_raise.o(.text) refers to __raise.o(.text) for __raise
    rt_raise.o(.text) refers to sys_exit.o(.text) for _sys_exit
    defsig_exit.o(.text) refers to sys_exit.o(.text) for _sys_exit
    defsig_fpe_inner.o(.text) refers to defsig_general.o(.text) for __default_signal_display
    libinit2.o(.ARM.Collect$$libinit$$00000010) refers to libinit2.o(.ARM.Collect$$libinit$$0000000F) for .ARM.Collect$$libinit$$0000000F
    libinit2.o(.ARM.Collect$$libinit$$00000012) refers to libinit2.o(.ARM.Collect$$libinit$$0000000F) for .ARM.Collect$$libinit$$0000000F
    libinit2.o(.ARM.Collect$$libinit$$00000014) refers to libinit2.o(.ARM.Collect$$libinit$$0000000F) for .ARM.Collect$$libinit$$0000000F
    libinit2.o(.ARM.Collect$$libinit$$00000016) refers to libinit2.o(.ARM.Collect$$libinit$$0000000F) for .ARM.Collect$$libinit$$0000000F
    libinit2.o(.ARM.Collect$$libinit$$00000018) refers to libinit2.o(.ARM.Collect$$libinit$$0000000F) for .ARM.Collect$$libinit$$0000000F
    libinit2.o(.ARM.Collect$$libinit$$00000026) refers to argv_veneer.o(.text) for __ARM_argv_veneer
    libinit2.o(.ARM.Collect$$libinit$$00000027) refers to argv_veneer.o(.text) for __ARM_argv_veneer
    sys_exit.o(.text) refers (Special) to use_no_semi.o(.text) for __I$use$semihosting
    sys_exit.o(.text) refers (Special) to indicate_semi.o(.text) for __semihosting_library_function
    sys_exit_hlt.o(.text) refers (Special) to use_no_semi.o(.text) for __I$use$semihosting
    sys_exit_hlt.o(.text) refers (Special) to indicate_semi.o(.text) for __semihosting_library_function
    rtexit2.o(.ARM.Collect$$rtexit$$00000003) refers to libshutdown.o(.ARM.Collect$$libshutdown$$00000000) for __rt_lib_shutdown
    rtexit2.o(.ARM.Collect$$rtexit$$00000004) refers to sys_exit.o(.text) for _sys_exit
    rtexit2.o(.ARM.exidx) refers to rtexit2.o(.ARM.Collect$$rtexit$$00000001) for .ARM.Collect$$rtexit$$00000001
    rtexit2.o(.ARM.exidx) refers to rtexit2.o(.ARM.Collect$$rtexit$$00000003) for .ARM.Collect$$rtexit$$00000003
    rtexit2.o(.ARM.exidx) refers to rtexit2.o(.ARM.Collect$$rtexit$$00000004) for .ARM.Collect$$rtexit$$00000004
    __raise.o(.text) refers to defsig.o(CL$$defsig) for __default_signal_handler
    defsig_general.o(.text) refers to sys_wrch.o(.text) for _ttywrch
    sys_wrch.o(.text) refers (Special) to use_no_semi.o(.text) for __I$use$semihosting
    sys_wrch.o(.text) refers (Special) to indicate_semi.o(.text) for __semihosting_library_function
    sys_wrch_hlt.o(.text) refers (Special) to use_no_semi.o(.text) for __I$use$semihosting
    sys_wrch_hlt.o(.text) refers (Special) to indicate_semi.o(.text) for __semihosting_library_function
    defsig.o(CL$$defsig) refers to defsig_fpe_inner.o(.text) for __rt_SIGFPE_inner
    defsig.o(CL$$defsig) refers to defsig_rtmem_inner.o(.text) for __rt_SIGRTMEM_inner
    _get_argv_nomalloc.o(.text) refers (Special) to hrguard.o(.text) for __heap_region$guard
    _get_argv_nomalloc.o(.text) refers to defsig_rtmem_outer.o(.text) for __rt_SIGRTMEM
    _get_argv_nomalloc.o(.text) refers to sys_command.o(.text) for _sys_command_string
    libshutdown.o(.ARM.Collect$$libshutdown$$00000000) refers (Special) to libshutdown2.o(.ARM.Collect$$libshutdown$$00000002) for __rt_lib_shutdown_cpp_1
    libshutdown.o(.ARM.Collect$$libshutdown$$00000000) refers (Special) to libshutdown2.o(.ARM.Collect$$libshutdown$$00000007) for __rt_lib_shutdown_fp_trap_1
    libshutdown.o(.ARM.Collect$$libshutdown$$00000000) refers (Special) to libshutdown2.o(.ARM.Collect$$libshutdown$$0000000F) for __rt_lib_shutdown_heap_1
    libshutdown.o(.ARM.Collect$$libshutdown$$00000000) refers (Special) to libshutdown2.o(.ARM.Collect$$libshutdown$$00000010) for __rt_lib_shutdown_return
    libshutdown.o(.ARM.Collect$$libshutdown$$00000000) refers (Special) to libshutdown2.o(.ARM.Collect$$libshutdown$$0000000A) for __rt_lib_shutdown_signal_1
    libshutdown.o(.ARM.Collect$$libshutdown$$00000000) refers (Special) to libshutdown2.o(.ARM.Collect$$libshutdown$$00000004) for __rt_lib_shutdown_stdio_1
    libshutdown.o(.ARM.Collect$$libshutdown$$00000000) refers (Special) to libshutdown2.o(.ARM.Collect$$libshutdown$$0000000C) for __rt_lib_shutdown_user_alloc_1
    sys_command.o(.text) refers (Special) to use_no_semi.o(.text) for __I$use$semihosting
    sys_command.o(.text) refers (Special) to indicate_semi.o(.text) for __semihosting_library_function
    sys_command_hlt.o(.text) refers (Special) to use_no_semi.o(.text) for __I$use$semihosting
    sys_command_hlt.o(.text) refers (Special) to indicate_semi.o(.text) for __semihosting_library_function
    defsig_abrt_inner.o(.text) refers to defsig_general.o(.text) for __default_signal_display
    defsig_rtred_inner.o(.text) refers to defsig_general.o(.text) for __default_signal_display
    defsig_rtmem_inner.o(.text) refers to defsig_general.o(.text) for __default_signal_display
    defsig_rtmem_outer.o(.text) refers to defsig_rtmem_inner.o(.text) for __rt_SIGRTMEM_inner
    defsig_rtmem_outer.o(.text) refers to defsig_exit.o(.text) for __sig_exit
    defsig_rtmem_formal.o(.text) refers to rt_raise.o(.text) for __rt_raise
    defsig_stak_inner.o(.text) refers to defsig_general.o(.text) for __default_signal_display
    defsig_pvfn_inner.o(.text) refers to defsig_general.o(.text) for __default_signal_display
    defsig_cppl_inner.o(.text) refers to defsig_general.o(.text) for __default_signal_display
    defsig_segv_inner.o(.text) refers to defsig_general.o(.text) for __default_signal_display
    defsig_other.o(.text) refers to defsig_general.o(.text) for __default_signal_display


==============================================================================

Removing Unused input sections from the image.

    Removing i2c.o(.text), (0 bytes).
    Removing i2c.o(.ARM.exidx.text.I2C_Init), (8 bytes).
    Removing i2c.o(.ARM.exidx.text.I2C_Write), (8 bytes).
    Removing i2c.o(.ARM.exidx.text.i2c_enable), (8 bytes).
    Removing i2c.o(.ARM.exidx.text.i2c_tran), (8 bytes).
    Removing i2c.o(.ARM.exidx.text.i2c_m_start), (8 bytes).
    Removing i2c.o(.ARM.exidx.text.i2c_send), (8 bytes).
    Removing i2c.o(.ARM.exidx.text.i2c_wait), (8 bytes).
    Removing i2c.o(.ARM.exidx.text.i2c_m_stop), (8 bytes).
    Removing i2c.o(.ARM.exidx.text.i2c_disable), (8 bytes).
    Removing i2c.o(.text.i2c_m_rstart), (16 bytes).
    Removing i2c.o(.ARM.exidx.text.i2c_m_rstart), (8 bytes).
    Removing lcd1602.o(.text), (0 bytes).
    Removing lcd1602.o(.ARM.exidx.text.LCD1602_Init), (8 bytes).
    Removing lcd1602.o(.ARM.exidx.text.PCF8574_Write), (8 bytes).
    Removing lcd1602.o(.ARM.exidx.text.LCD1602_Write8), (8 bytes).
    Removing lcd1602.o(.ARM.exidx.text.LCD1602_SetCursor), (8 bytes).
    Removing lcd1602.o(.ARM.exidx.text.LCD1602_ClearAll), (8 bytes).
    Removing lcd1602.o(.ARM.exidx.text.LCD1602_Print), (8 bytes).
    Removing lcd1602.o(.ARM.exidx.text.LCD1602_PrintNum), (8 bytes).
    Removing lcd1602.o(.ARM.exidx.text.itoa), (8 bytes).
    Removing lcd1602.o(.text.LCD1602_Backlight), (20 bytes).
    Removing lcd1602.o(.ARM.exidx.text.LCD1602_Backlight), (8 bytes).
    Removing lcd1602.o(.ARM.exidx.text.LCD1602_Write4), (8 bytes).
    Removing led.o(.text), (0 bytes).
    Removing led.o(.ARM.exidx.text.LED_Init), (8 bytes).
    Removing led.o(.ARM.exidx.text.LED_Ctrl), (8 bytes).
    Removing led.o(.ARM.exidx.text.LED_Blink), (8 bytes).
    Removing led.o(.ARM.exidx.text.LED_Welcome), (8 bytes).
    Removing tsi.o(.text), (0 bytes).
    Removing tsi.o(.ARM.exidx.text.TSI_Init), (8 bytes).
    Removing tsi.o(.ARM.exidx.text.__NVIC_SetPriority), (8 bytes).
    Removing tsi.o(.ARM.exidx.text.__NVIC_ClearPendingIRQ), (8 bytes).
    Removing tsi.o(.ARM.exidx.text.__NVIC_EnableIRQ), (8 bytes).
    Removing tsi.o(.ARM.exidx.text.self_calibration), (8 bytes).
    Removing tsi.o(.ARM.exidx.text.TSI_ReadSlider), (8 bytes).
    Removing tsi.o(.ARM.exidx.text.change_electrode), (8 bytes).
    Removing tsi.o(.ARM.exidx.text.TSI0_IRQHandler), (8 bytes).
    Removing main.o(.text), (0 bytes).
    Removing main.o(.ARM.exidx.text.main), (8 bytes).
    Removing main.o(.ARM.exidx.text.lcd_static), (8 bytes).
    Removing main.o(.ARM.exidx.text.SysTick_Config), (8 bytes).
    Removing main.o(.ARM.exidx.text.lcd_update), (8 bytes).
    Removing main.o(.ARM.exidx.text.SysTick_Handler), (8 bytes).
    Removing main.o(.ARM.exidx.text.__NVIC_SetPriority), (8 bytes).
    Removing main.o(.ARM.use_no_argv), (4 bytes).
    Removing pit.o(.text), (0 bytes).
    Removing pit.o(.ARM.exidx.text.PIT_Init_Generator), (8 bytes).
    Removing pit.o(.ARM.exidx.text.__NVIC_SetPriority), (8 bytes).
    Removing pit.o(.ARM.exidx.text.__NVIC_ClearPendingIRQ), (8 bytes).
    Removing pit.o(.ARM.exidx.text.__NVIC_EnableIRQ), (8 bytes).
    Removing pit.o(.ARM.exidx.text.PIT_SetTSV), (8 bytes).
    Removing pit.o(.ARM.exidx.text.PIT_IRQHandler), (8 bytes).
    Removing tpm.o(.text), (0 bytes).
    Removing tpm.o(.ARM.exidx.text.TPM1_Init_InputCapture), (8 bytes).
    Removing tpm.o(.ARM.exidx.text.__NVIC_SetPriority), (8 bytes).
    Removing tpm.o(.ARM.exidx.text.__NVIC_ClearPendingIRQ), (8 bytes).
    Removing tpm.o(.ARM.exidx.text.__NVIC_EnableIRQ), (8 bytes).
    Removing tpm.o(.text.TPM0_Init_PWM), (92 bytes).
    Removing tpm.o(.ARM.exidx.text.TPM0_Init_PWM), (8 bytes).
    Removing tpm.o(.ARM.exidx.text.TPM1_GetVal), (8 bytes).
    Removing tpm.o(.text.TPM0_SetVal), (24 bytes).
    Removing tpm.o(.ARM.exidx.text.TPM0_SetVal), (8 bytes).
    Removing tpm.o(.ARM.exidx.text.TPM1_IRQHandler), (8 bytes).
    Removing tpm.o(.bss.tpm0Enabled), (1 bytes).
    Removing system_mkl05z4.o(.text), (0 bytes).
    Removing system_mkl05z4.o(.ARM.exidx.text.SystemInit), (8 bytes).
    Removing system_mkl05z4.o(.text.SystemCoreClockUpdate), (184 bytes).
    Removing system_mkl05z4.o(.ARM.exidx.text.SystemCoreClockUpdate), (8 bytes).
    Removing system_mkl05z4.o(.data.SystemCoreClock), (4 bytes).

70 unused section(s) (total 777 bytes) removed from the image.

==============================================================================

Image Symbol Table

    Local Symbols

    Symbol Name                              Value     Ov Type        Size  Object(Section)

    ../clib/angel/boardlib.s                 0x00000000   Number         0  boardinit1.o ABSOLUTE
    ../clib/angel/boardlib.s                 0x00000000   Number         0  boardinit2.o ABSOLUTE
    ../clib/angel/boardlib.s                 0x00000000   Number         0  boardinit3.o ABSOLUTE
    ../clib/angel/boardlib.s                 0x00000000   Number         0  boardshut.o ABSOLUTE
    ../clib/angel/handlers.s                 0x00000000   Number         0  __scatter_copy.o ABSOLUTE
    ../clib/angel/handlers.s                 0x00000000   Number         0  __scatter_zi.o ABSOLUTE
    ../clib/angel/kernel.s                   0x00000000   Number         0  __rtentry.o ABSOLUTE
    ../clib/angel/kernel.s                   0x00000000   Number         0  __rtentry2.o ABSOLUTE
    ../clib/angel/kernel.s                   0x00000000   Number         0  __rtentry4.o ABSOLUTE
    ../clib/angel/kernel.s                   0x00000000   Number         0  rtexit.o ABSOLUTE
    ../clib/angel/kernel.s                   0x00000000   Number         0  rtexit2.o ABSOLUTE
    ../clib/angel/rt.s                       0x00000000   Number         0  aeabi_idiv0.o ABSOLUTE
    ../clib/angel/rt.s                       0x00000000   Number         0  aeabi_idiv0_sigfpe.o ABSOLUTE
    ../clib/angel/rt.s                       0x00000000   Number         0  rt_div0.o ABSOLUTE
    ../clib/angel/rt.s                       0x00000000   Number         0  rt_raise.o ABSOLUTE
    ../clib/angel/scatterp.s                 0x00000000   Number         0  __scatter.o ABSOLUTE
    ../clib/angel/startup.s                  0x00000000   Number         0  __main.o ABSOLUTE
    ../clib/angel/sys.s                      0x00000000   Number         0  sys_stackheap_outer.o ABSOLUTE
    ../clib/angel/sys.s                      0x00000000   Number         0  libspace.o ABSOLUTE
    ../clib/angel/sys.s                      0x00000000   Number         0  tempstk.o ABSOLUTE
    ../clib/angel/sys.s                      0x00000000   Number         0  use_no_semi.o ABSOLUTE
    ../clib/angel/sys.s                      0x00000000   Number         0  indicate_semi.o ABSOLUTE
    ../clib/angel/sysapp.c                   0x00000000   Number         0  sys_exit.o ABSOLUTE
    ../clib/angel/sysapp.c                   0x00000000   Number         0  sys_exit_hlt.o ABSOLUTE
    ../clib/angel/sysapp.c                   0x00000000   Number         0  sys_wrch.o ABSOLUTE
    ../clib/angel/sysapp.c                   0x00000000   Number         0  sys_wrch_hlt.o ABSOLUTE
    ../clib/angel/sysapp.c                   0x00000000   Number         0  sys_command.o ABSOLUTE
    ../clib/angel/sysapp.c                   0x00000000   Number         0  sys_command_hlt.o ABSOLUTE
    ../clib/armsys.c                         0x00000000   Number         0  argv_veneer.o ABSOLUTE
    ../clib/armsys.c                         0x00000000   Number         0  _get_argv_nomalloc.o ABSOLUTE
    ../clib/armsys.c                         0x00000000   Number         0  no_argv.o ABSOLUTE
    ../clib/division.s                       0x00000000   Number         0  aeabi_sdivfast.o ABSOLUTE
    ../clib/division.s                       0x00000000   Number         0  aeabi_sdivfast_div0.o ABSOLUTE
    ../clib/heapalloc.c                      0x00000000   Number         0  hrguard.o ABSOLUTE
    ../clib/heapaux.c                        0x00000000   Number         0  heapauxi.o ABSOLUTE
    ../clib/libinit.s                        0x00000000   Number         0  libinit.o ABSOLUTE
    ../clib/libinit.s                        0x00000000   Number         0  libinit2.o ABSOLUTE
    ../clib/libinit.s                        0x00000000   Number         0  libshutdown.o ABSOLUTE
    ../clib/libinit.s                        0x00000000   Number         0  libshutdown2.o ABSOLUTE
    ../clib/signal.c                         0x00000000   Number         0  defsig_fpe_outer.o ABSOLUTE
    ../clib/signal.c                         0x00000000   Number         0  defsig_fpe_formal.o ABSOLUTE
    ../clib/signal.c                         0x00000000   Number         0  defsig_exit.o ABSOLUTE
    ../clib/signal.c                         0x00000000   Number         0  defsig_fpe_inner.o ABSOLUTE
    ../clib/signal.c                         0x00000000   Number         0  __raise.o ABSOLUTE
    ../clib/signal.c                         0x00000000   Number         0  defsig_general.o ABSOLUTE
    ../clib/signal.c                         0x00000000   Number         0  defsig_abrt_inner.o ABSOLUTE
    ../clib/signal.c                         0x00000000   Number         0  defsig_rtred_inner.o ABSOLUTE
    ../clib/signal.c                         0x00000000   Number         0  defsig_rtmem_inner.o ABSOLUTE
    ../clib/signal.c                         0x00000000   Number         0  defsig_rtmem_outer.o ABSOLUTE
    ../clib/signal.c                         0x00000000   Number         0  defsig_rtmem_formal.o ABSOLUTE
    ../clib/signal.c                         0x00000000   Number         0  defsig_stak_inner.o ABSOLUTE
    ../clib/signal.c                         0x00000000   Number         0  defsig_pvfn_inner.o ABSOLUTE
    ../clib/signal.c                         0x00000000   Number         0  defsig_cppl_inner.o ABSOLUTE
    ../clib/signal.c                         0x00000000   Number         0  defsig_segv_inner.o ABSOLUTE
    ../clib/signal.c                         0x00000000   Number         0  defsig_other.o ABSOLUTE
    ../clib/signal.s                         0x00000000   Number         0  defsig.o ABSOLUTE
    ../clib/stdlib.c                         0x00000000   Number         0  exit.o ABSOLUTE
    ../fplib/cfplib/ddiv.c                   0x00000000   Number         0  ddiv.o ABSOLUTE
    ../fplib/cfplib/dmul.c                   0x00000000   Number         0  dmul.o ABSOLUTE
    ../fplib/cfplib/ffix.c                   0x00000000   Number         0  dfixi.o ABSOLUTE
    ../fplib/cfplib/fflt.c                   0x00000000   Number         0  dflti.o ABSOLUTE
    ../fplib/cfplib/fpinit.c                 0x00000000   Number         0  fpinit.o ABSOLUTE
    ../fplib/usenofp.s                       0x00000000   Number         0  usenofp.o ABSOLUTE
    RTE/Device/MKL05Z32xxx4/startup_MKL05Z4.s 0x00000000   Number         0  startup_mkl05z4.o ABSOLUTE
    dc.s                                     0x00000000   Number         0  dc.o ABSOLUTE
    i2c.c                                    0x00000000   Number         0  i2c.o ABSOLUTE
    lcd1602.c                                0x00000000   Number         0  lcd1602.o ABSOLUTE
    led.c                                    0x00000000   Number         0  led.o ABSOLUTE
    main.c                                   0x00000000   Number         0  main.o ABSOLUTE
    pit.c                                    0x00000000   Number         0  pit.o ABSOLUTE
    system_MKL05Z4.c                         0x00000000   Number         0  system_mkl05z4.o ABSOLUTE
    tpm.c                                    0x00000000   Number         0  tpm.o ABSOLUTE
    tsi.c                                    0x00000000   Number         0  tsi.o ABSOLUTE
    RESET                                    0x00000000   Section      192  startup_mkl05z4.o(RESET)
    !!!main                                  0x000000c0   Section        8  __main.o(!!!main)
    !!!scatter                               0x000000c8   Section       60  __scatter.o(!!!scatter)
    !!handler_copy                           0x00000104   Section       26  __scatter_copy.o(!!handler_copy)
    !!handler_zi                             0x00000120   Section       28  __scatter_zi.o(!!handler_zi)
    .ARM.Collect$$libinit$$00000000          0x0000013c   Section        2  libinit.o(.ARM.Collect$$libinit$$00000000)
    .ARM.Collect$$libinit$$00000002          0x0000013e   Section        0  libinit2.o(.ARM.Collect$$libinit$$00000002)
    .ARM.Collect$$libinit$$00000004          0x0000013e   Section        0  libinit2.o(.ARM.Collect$$libinit$$00000004)
    .ARM.Collect$$libinit$$0000000A          0x0000013e   Section        0  libinit2.o(.ARM.Collect$$libinit$$0000000A)
    .ARM.Collect$$libinit$$0000000C          0x0000013e   Section        0  libinit2.o(.ARM.Collect$$libinit$$0000000C)
    .ARM.Collect$$libinit$$0000000E          0x0000013e   Section        0  libinit2.o(.ARM.Collect$$libinit$$0000000E)
    .ARM.Collect$$libinit$$00000011          0x0000013e   Section        0  libinit2.o(.ARM.Collect$$libinit$$00000011)
    .ARM.Collect$$libinit$$00000013          0x0000013e   Section        0  libinit2.o(.ARM.Collect$$libinit$$00000013)
    .ARM.Collect$$libinit$$00000015          0x0000013e   Section        0  libinit2.o(.ARM.Collect$$libinit$$00000015)
    .ARM.Collect$$libinit$$00000017          0x0000013e   Section        0  libinit2.o(.ARM.Collect$$libinit$$00000017)
    .ARM.Collect$$libinit$$00000019          0x0000013e   Section        0  libinit2.o(.ARM.Collect$$libinit$$00000019)
    .ARM.Collect$$libinit$$0000001B          0x0000013e   Section        0  libinit2.o(.ARM.Collect$$libinit$$0000001B)
    .ARM.Collect$$libinit$$0000001D          0x0000013e   Section        0  libinit2.o(.ARM.Collect$$libinit$$0000001D)
    .ARM.Collect$$libinit$$0000001F          0x0000013e   Section        0  libinit2.o(.ARM.Collect$$libinit$$0000001F)
    .ARM.Collect$$libinit$$00000021          0x0000013e   Section        0  libinit2.o(.ARM.Collect$$libinit$$00000021)
    .ARM.Collect$$libinit$$00000023          0x0000013e   Section        0  libinit2.o(.ARM.Collect$$libinit$$00000023)
    .ARM.Collect$$libinit$$00000025          0x0000013e   Section        0  libinit2.o(.ARM.Collect$$libinit$$00000025)
    .ARM.Collect$$libinit$$0000002C          0x0000013e   Section        0  libinit2.o(.ARM.Collect$$libinit$$0000002C)
    .ARM.Collect$$libinit$$0000002E          0x0000013e   Section        0  libinit2.o(.ARM.Collect$$libinit$$0000002E)
    .ARM.Collect$$libinit$$00000030          0x0000013e   Section        0  libinit2.o(.ARM.Collect$$libinit$$00000030)
    .ARM.Collect$$libinit$$00000032          0x0000013e   Section        0  libinit2.o(.ARM.Collect$$libinit$$00000032)
    .ARM.Collect$$libinit$$00000033          0x0000013e   Section        2  libinit2.o(.ARM.Collect$$libinit$$00000033)
    .ARM.Collect$$libshutdown$$00000000      0x00000140   Section        2  libshutdown.o(.ARM.Collect$$libshutdown$$00000000)
    .ARM.Collect$$libshutdown$$00000002      0x00000142   Section        0  libshutdown2.o(.ARM.Collect$$libshutdown$$00000002)
    .ARM.Collect$$libshutdown$$00000004      0x00000142   Section        0  libshutdown2.o(.ARM.Collect$$libshutdown$$00000004)
    .ARM.Collect$$libshutdown$$00000007      0x00000142   Section        0  libshutdown2.o(.ARM.Collect$$libshutdown$$00000007)
    .ARM.Collect$$libshutdown$$0000000A      0x00000142   Section        0  libshutdown2.o(.ARM.Collect$$libshutdown$$0000000A)
    .ARM.Collect$$libshutdown$$0000000C      0x00000142   Section        0  libshutdown2.o(.ARM.Collect$$libshutdown$$0000000C)
    .ARM.Collect$$libshutdown$$0000000F      0x00000142   Section        0  libshutdown2.o(.ARM.Collect$$libshutdown$$0000000F)
    .ARM.Collect$$libshutdown$$00000010      0x00000142   Section        2  libshutdown2.o(.ARM.Collect$$libshutdown$$00000010)
    .ARM.Collect$$rtentry$$00000000          0x00000144   Section        0  __rtentry.o(.ARM.Collect$$rtentry$$00000000)
    .ARM.Collect$$rtentry$$00000002          0x00000144   Section        0  __rtentry2.o(.ARM.Collect$$rtentry$$00000002)
    .ARM.Collect$$rtentry$$00000004          0x00000144   Section        6  __rtentry4.o(.ARM.Collect$$rtentry$$00000004)
    .ARM.Collect$$rtentry$$00000009          0x0000014a   Section        0  __rtentry2.o(.ARM.Collect$$rtentry$$00000009)
    .ARM.Collect$$rtentry$$0000000A          0x0000014a   Section        4  __rtentry2.o(.ARM.Collect$$rtentry$$0000000A)
    .ARM.Collect$$rtentry$$0000000C          0x0000014e   Section        0  __rtentry2.o(.ARM.Collect$$rtentry$$0000000C)
    .ARM.Collect$$rtentry$$0000000D          0x0000014e   Section        8  __rtentry2.o(.ARM.Collect$$rtentry$$0000000D)
    .ARM.Collect$$rtexit$$00000000           0x00000156   Section        2  rtexit.o(.ARM.Collect$$rtexit$$00000000)
    .ARM.Collect$$rtexit$$00000002           0x00000158   Section        0  rtexit2.o(.ARM.Collect$$rtexit$$00000002)
    .ARM.Collect$$rtexit$$00000003           0x00000158   Section        4  rtexit2.o(.ARM.Collect$$rtexit$$00000003)
    .ARM.Collect$$rtexit$$00000004           0x0000015c   Section        6  rtexit2.o(.ARM.Collect$$rtexit$$00000004)
    .text                                    0x00000164   Section       52  startup_mkl05z4.o(.text)
    .text                                    0x00000198   Section        0  heapauxi.o(.text)
    .text                                    0x000001a0   Section        0  dfixi.o(.text)
    .text                                    0x0000020c   Section        0  dflti.o(.text)
    .text                                    0x00000264   Section       62  sys_stackheap_outer.o(.text)
    .text                                    0x000002a2   Section        0  exit.o(.text)
    .text                                    0x000002b4   Section        8  libspace.o(.text)
    .text                                    0x000002bc   Section        0  sys_exit.o(.text)
    .text                                    0x000002c8   Section        2  use_no_semi.o(.text)
    .text                                    0x000002ca   Section        0  indicate_semi.o(.text)
    [Anonymous Symbol]                       0x000002cc   Section        0  i2c.o(.text.I2C_Init)
    __arm_cp.0_0                             0x00000328   Number         4  i2c.o(.text.I2C_Init)
    __arm_cp.0_1                             0x0000032c   Number         4  i2c.o(.text.I2C_Init)
    __arm_cp.0_2                             0x00000330   Number         4  i2c.o(.text.I2C_Init)
    [Anonymous Symbol]                       0x00000334   Section        0  i2c.o(.text.I2C_Write)
    __arm_cp.1_0                             0x00000370   Number         4  i2c.o(.text.I2C_Write)
    [Anonymous Symbol]                       0x00000374   Section        0  lcd1602.o(.text.LCD1602_ClearAll)
    [Anonymous Symbol]                       0x00000380   Section        0  lcd1602.o(.text.LCD1602_Init)
    __arm_cp.0_0                             0x000003c8   Number         4  lcd1602.o(.text.LCD1602_Init)
    [Anonymous Symbol]                       0x000003cc   Section        0  lcd1602.o(.text.LCD1602_Print)
    [Anonymous Symbol]                       0x000003ec   Section        0  led.o(.text.LED_Welcome)
    .ARM.__at_0x400                          0x00000400   Section       16  startup_mkl05z4.o(.ARM.__at_0x400)
    .text                                    0x00000410   Section        0  ddiv.o(.text)
    .text                                    0x00000858   Section        0  dmul.o(.text)
    [Anonymous Symbol]                       0x00000aa0   Section        0  lcd1602.o(.text.LCD1602_PrintNum)
    [Anonymous Symbol]                       0x00000acc   Section        0  lcd1602.o(.text.LCD1602_SetCursor)
    [Anonymous Symbol]                       0x00000ae4   Section        0  lcd1602.o(.text.LCD1602_Write4)
    __arm_cp.9_0                             0x00000b08   Number         4  lcd1602.o(.text.LCD1602_Write4)
    [Anonymous Symbol]                       0x00000b0c   Section        0  lcd1602.o(.text.LCD1602_Write8)
    [Anonymous Symbol]                       0x00000b28   Section        0  led.o(.text.LED_Blink)
    __arm_cp.2_0                             0x00000b58   Number         4  led.o(.text.LED_Blink)
    [Anonymous Symbol]                       0x00000b5c   Section        0  led.o(.text.LED_Ctrl)
    [Anonymous Symbol]                       0x00000b98   Section        0  led.o(.text.LED_Init)
    __arm_cp.0_1                             0x00000bd0   Number         4  led.o(.text.LED_Init)
    [Anonymous Symbol]                       0x00000bd4   Section        0  lcd1602.o(.text.PCF8574_Write)
    __arm_cp.1_0                             0x00000bec   Number         4  lcd1602.o(.text.PCF8574_Write)
    [Anonymous Symbol]                       0x00000bf0   Section        0  pit.o(.text.PIT_IRQHandler)
    __arm_cp.5_0                             0x00000c0c   Number         4  pit.o(.text.PIT_IRQHandler)
    [Anonymous Symbol]                       0x00000c10   Section        0  pit.o(.text.PIT_Init_Generator)
    __arm_cp.0_0                             0x00000c58   Number         4  pit.o(.text.PIT_Init_Generator)
    __arm_cp.0_1                             0x00000c5c   Number         4  pit.o(.text.PIT_Init_Generator)
    __arm_cp.0_2                             0x00000c60   Number         4  pit.o(.text.PIT_Init_Generator)
    __arm_cp.0_3                             0x00000c64   Number         4  pit.o(.text.PIT_Init_Generator)
    [Anonymous Symbol]                       0x00000c68   Section        0  pit.o(.text.PIT_SetTSV)
    __arm_cp.4_0                             0x00000c7c   Number         4  pit.o(.text.PIT_SetTSV)
    __arm_cp.4_1                             0x00000c80   Number         4  pit.o(.text.PIT_SetTSV)
    __arm_cp.4_2                             0x00000c84   Number         4  pit.o(.text.PIT_SetTSV)
    SysTick_Config                           0x00000c89   Thumb Code    32  main.o(.text.SysTick_Config)
    [Anonymous Symbol]                       0x00000c88   Section        0  main.o(.text.SysTick_Config)
    __arm_cp.2_0                             0x00000ca0   Number         4  main.o(.text.SysTick_Config)
    __arm_cp.2_1                             0x00000ca4   Number         4  main.o(.text.SysTick_Config)
    [Anonymous Symbol]                       0x00000ca8   Section        0  main.o(.text.SysTick_Handler)
    __arm_cp.4_0                             0x00000cb8   Number         4  main.o(.text.SysTick_Handler)
    __arm_cp.4_1                             0x00000cbc   Number         4  main.o(.text.SysTick_Handler)
    [Anonymous Symbol]                       0x00000cc0   Section        0  system_mkl05z4.o(.text.SystemInit)
    __arm_cp.0_0                             0x00000cfc   Number         4  system_mkl05z4.o(.text.SystemInit)
    __arm_cp.0_1                             0x00000d00   Number         4  system_mkl05z4.o(.text.SystemInit)
    __arm_cp.0_2                             0x00000d04   Number         4  system_mkl05z4.o(.text.SystemInit)
    __arm_cp.0_3                             0x00000d08   Number         4  system_mkl05z4.o(.text.SystemInit)
    [Anonymous Symbol]                       0x00000d0c   Section        0  tpm.o(.text.TPM1_GetVal)
    [Anonymous Symbol]                       0x00000d14   Section        0  tpm.o(.text.TPM1_IRQHandler)
    __arm_cp.7_0                             0x00000d38   Number         4  tpm.o(.text.TPM1_IRQHandler)
    __arm_cp.7_1                             0x00000d3c   Number         4  tpm.o(.text.TPM1_IRQHandler)
    __arm_cp.7_2                             0x00000d40   Number         4  tpm.o(.text.TPM1_IRQHandler)
    [Anonymous Symbol]                       0x00000d44   Section        0  tpm.o(.text.TPM1_Init_InputCapture)
    __arm_cp.0_0                             0x00000da8   Number         4  tpm.o(.text.TPM1_Init_InputCapture)
    __arm_cp.0_1                             0x00000dac   Number         4  tpm.o(.text.TPM1_Init_InputCapture)
    __arm_cp.0_2                             0x00000db0   Number         4  tpm.o(.text.TPM1_Init_InputCapture)
    [Anonymous Symbol]                       0x00000db4   Section        0  tsi.o(.text.TSI0_IRQHandler)
    [Anonymous Symbol]                       0x00000dcc   Section        0  tsi.o(.text.TSI_Init)
    __arm_cp.0_0                             0x00000e08   Number         4  tsi.o(.text.TSI_Init)
    __arm_cp.0_1                             0x00000e0c   Number         4  tsi.o(.text.TSI_Init)
    __arm_cp.0_2                             0x00000e10   Number         4  tsi.o(.text.TSI_Init)
    __arm_cp.0_3                             0x00000e14   Number         4  tsi.o(.text.TSI_Init)
    __arm_cp.0_4                             0x00000e18   Number         4  tsi.o(.text.TSI_Init)
    [Anonymous Symbol]                       0x00000e1c   Section        0  tsi.o(.text.TSI_ReadSlider)
    __arm_cp.5_0                             0x00000e68   Number         4  tsi.o(.text.TSI_ReadSlider)
    __NVIC_ClearPendingIRQ                   0x00000e6d   Thumb Code    12  tsi.o(.text.__NVIC_ClearPendingIRQ)
    [Anonymous Symbol]                       0x00000e6c   Section        0  tsi.o(.text.__NVIC_ClearPendingIRQ)
    __NVIC_ClearPendingIRQ                   0x00000e79   Thumb Code    12  pit.o(.text.__NVIC_ClearPendingIRQ)
    [Anonymous Symbol]                       0x00000e78   Section        0  pit.o(.text.__NVIC_ClearPendingIRQ)
    __NVIC_ClearPendingIRQ                   0x00000e85   Thumb Code    16  tpm.o(.text.__NVIC_ClearPendingIRQ)
    [Anonymous Symbol]                       0x00000e84   Section        0  tpm.o(.text.__NVIC_ClearPendingIRQ)
    __arm_cp.2_0                             0x00000e90   Number         4  tpm.o(.text.__NVIC_ClearPendingIRQ)
    __NVIC_EnableIRQ                         0x00000e95   Thumb Code    12  tsi.o(.text.__NVIC_EnableIRQ)
    [Anonymous Symbol]                       0x00000e94   Section        0  tsi.o(.text.__NVIC_EnableIRQ)
    __NVIC_EnableIRQ                         0x00000ea1   Thumb Code    12  pit.o(.text.__NVIC_EnableIRQ)
    [Anonymous Symbol]                       0x00000ea0   Section        0  pit.o(.text.__NVIC_EnableIRQ)
    __NVIC_EnableIRQ                         0x00000ead   Thumb Code    16  tpm.o(.text.__NVIC_EnableIRQ)
    [Anonymous Symbol]                       0x00000eac   Section        0  tpm.o(.text.__NVIC_EnableIRQ)
    __arm_cp.3_0                             0x00000eb8   Number         4  tpm.o(.text.__NVIC_EnableIRQ)
    __NVIC_SetPriority                       0x00000ebd   Thumb Code    24  tsi.o(.text.__NVIC_SetPriority)
    [Anonymous Symbol]                       0x00000ebc   Section        0  tsi.o(.text.__NVIC_SetPriority)
    __arm_cp.1_0                             0x00000ed0   Number         4  tsi.o(.text.__NVIC_SetPriority)
    __NVIC_SetPriority                       0x00000ed5   Thumb Code    24  main.o(.text.__NVIC_SetPriority)
    [Anonymous Symbol]                       0x00000ed4   Section        0  main.o(.text.__NVIC_SetPriority)
    __arm_cp.5_0                             0x00000ee8   Number         4  main.o(.text.__NVIC_SetPriority)
    __NVIC_SetPriority                       0x00000eed   Thumb Code    24  pit.o(.text.__NVIC_SetPriority)
    [Anonymous Symbol]                       0x00000eec   Section        0  pit.o(.text.__NVIC_SetPriority)
    __arm_cp.1_0                             0x00000f00   Number         4  pit.o(.text.__NVIC_SetPriority)
    __NVIC_SetPriority                       0x00000f05   Thumb Code    24  tpm.o(.text.__NVIC_SetPriority)
    [Anonymous Symbol]                       0x00000f04   Section        0  tpm.o(.text.__NVIC_SetPriority)
    __arm_cp.1_0                             0x00000f18   Number         4  tpm.o(.text.__NVIC_SetPriority)
    [Anonymous Symbol]                       0x00000f1c   Section        0  tsi.o(.text.change_electrode)
    __arm_cp.6_0                             0x00000f5c   Number         4  tsi.o(.text.change_electrode)
    __arm_cp.6_2                             0x00000f60   Number         4  tsi.o(.text.change_electrode)
    __arm_cp.6_3                             0x00000f64   Number         4  tsi.o(.text.change_electrode)
    [Anonymous Symbol]                       0x00000f68   Section        0  i2c.o(.text.i2c_disable)
    [Anonymous Symbol]                       0x00000f74   Section        0  i2c.o(.text.i2c_enable)
    [Anonymous Symbol]                       0x00000f80   Section        0  i2c.o(.text.i2c_m_start)
    [Anonymous Symbol]                       0x00000f8c   Section        0  i2c.o(.text.i2c_m_stop)
    [Anonymous Symbol]                       0x00000f98   Section        0  i2c.o(.text.i2c_send)
    __arm_cp.5_0                             0x00000fa0   Number         4  i2c.o(.text.i2c_send)
    [Anonymous Symbol]                       0x00000fa4   Section        0  i2c.o(.text.i2c_tran)
    __arm_cp.3_0                             0x00000fb0   Number         4  i2c.o(.text.i2c_tran)
    [Anonymous Symbol]                       0x00000fb4   Section        0  i2c.o(.text.i2c_wait)
    __arm_cp.6_0                             0x00000fec   Number         4  i2c.o(.text.i2c_wait)
    __arm_cp.6_1                             0x00000ff0   Number         4  i2c.o(.text.i2c_wait)
    __arm_cp.6_2                             0x00000ff4   Number         4  i2c.o(.text.i2c_wait)
    [Anonymous Symbol]                       0x00000ff8   Section        0  lcd1602.o(.text.itoa)
    [Anonymous Symbol]                       0x00001070   Section        0  main.o(.text.lcd_static)
    [Anonymous Symbol]                       0x000010b4   Section        0  main.o(.text.lcd_update)
    __arm_cp.3_1                             0x00001100   Number         4  main.o(.text.lcd_update)
    __arm_cp.3_2                             0x00001104   Number         4  main.o(.text.lcd_update)
    __arm_cp.3_3                             0x00001108   Number         4  main.o(.text.lcd_update)
    __arm_cp.3_4                             0x0000110c   Number         4  main.o(.text.lcd_update)
    [Anonymous Symbol]                       0x00001110   Section        0  main.o(.text.main)
    __arm_cp.0_0                             0x00001168   Number         4  main.o(.text.main)
    __arm_cp.0_1                             0x0000116c   Number         4  main.o(.text.main)
    __arm_cp.0_2                             0x00001170   Number         4  main.o(.text.main)
    __arm_cp.0_3                             0x00001174   Number         4  main.o(.text.main)
    __arm_cp.0_4                             0x00001178   Number         4  main.o(.text.main)
    [Anonymous Symbol]                       0x0000117c   Section        0  tsi.o(.text.self_calibration)
    __arm_cp.4_0                             0x0000121c   Number         4  tsi.o(.text.self_calibration)
    __arm_cp.4_1                             0x00001220   Number         4  tsi.o(.text.self_calibration)
    __arm_cp.4_2                             0x00001224   Number         4  tsi.o(.text.self_calibration)
    .text_divfast                            0x00001228   Section      502  aeabi_sdivfast.o(.text_divfast)
    ddiv_reciptbl                            0x0000141e   Data         128  ddiv.o(.constdata)
    .constdata                               0x0000141e   Section      128  ddiv.o(.constdata)
    x$fpl$usenofp                            0x0000141e   Section        0  usenofp.o(x$fpl$usenofp)
    elec_array                               0x0000149e   Data           2  tsi.o(.rodata.elec_array)
    [Anonymous Symbol]                       0x0000149e   Section        0  tsi.o(.rodata.elec_array)
    led                                      0x000014a0   Data          48  led.o(.rodata.led)
    [Anonymous Symbol]                       0x000014a0   Section        0  led.o(.rodata.led)
    lcd_backlight                            0x1ffffc00   Data           1  lcd1602.o(.data.lcd_backlight)
    [Anonymous Symbol]                       0x1ffffc00   Section        0  lcd1602.o(.data.lcd_backlight)
    sliderVal                                0x1ffffc01   Data           1  main.o(.data.sliderVal)
    [Anonymous Symbol]                       0x1ffffc01   Section        0  main.o(.data.sliderVal)
    .bss                                     0x1ffffc08   Section       96  libspace.o(.bss)
    end_flag                                 0x1ffffc68   Data           1  tsi.o(.bss.end_flag)
    [Anonymous Symbol]                       0x1ffffc68   Section        0  tsi.o(.bss.end_flag)
    error                                    0x1ffffc69   Data           1  i2c.o(.bss.error)
    [Anonymous Symbol]                       0x1ffffc69   Section        0  i2c.o(.bss.error)
    gu16Baseline                             0x1ffffc6a   Data           4  tsi.o(.bss.gu16Baseline)
    [Anonymous Symbol]                       0x1ffffc6a   Section        0  tsi.o(.bss.gu16Baseline)
    gu16Delta                                0x1ffffc6e   Data           4  tsi.o(.bss.gu16Delta)
    [Anonymous Symbol]                       0x1ffffc6e   Section        0  tsi.o(.bss.gu16Delta)
    msTicks                                  0x1ffffc72   Data           1  main.o(.bss.msTicks)
    [Anonymous Symbol]                       0x1ffffc72   Section        0  main.o(.bss.msTicks)
    newTick                                  0x1ffffc73   Data           1  main.o(.bss.newTick)
    [Anonymous Symbol]                       0x1ffffc73   Section        0  main.o(.bss.newTick)
    ongoing_elec                             0x1ffffc74   Data           1  tsi.o(.bss.ongoing_elec)
    [Anonymous Symbol]                       0x1ffffc74   Section        0  tsi.o(.bss.ongoing_elec)
    pitEnabled                               0x1ffffc75   Data           1  pit.o(.bss.pitEnabled)
    [Anonymous Symbol]                       0x1ffffc75   Section        0  pit.o(.bss.pitEnabled)
    sliderOld                                0x1ffffc76   Data           1  main.o(.bss.sliderOld)
    [Anonymous Symbol]                       0x1ffffc76   Section        0  main.o(.bss.sliderOld)
    tpm1Diff                                 0x1ffffc78   Data           2  tpm.o(.bss.tpm1Diff)
    [Anonymous Symbol]                       0x1ffffc78   Section        0  tpm.o(.bss.tpm1Diff)
    tpm1New                                  0x1ffffc7a   Data           2  tpm.o(.bss.tpm1New)
    [Anonymous Symbol]                       0x1ffffc7a   Section        0  tpm.o(.bss.tpm1New)
    Heap_Mem                                 0x1ffffc80   Data           0  startup_mkl05z4.o(HEAP)
    Stack_Mem                                0x1ffffc80   Data         256  startup_mkl05z4.o(STACK)
    HEAP                                     0x1ffffc80   Section        0  startup_mkl05z4.o(HEAP)
    STACK                                    0x1ffffc80   Section      256  startup_mkl05z4.o(STACK)
    __initial_sp                             0x1ffffd80   Data           0  startup_mkl05z4.o(STACK)

    Global Symbols

    Symbol Name                              Value     Ov Type        Size  Object(Section)

    BuildAttributes$$THM_ISAv3M$S$PE$A:L22$X:L11$S22$IEEE1$IW$~IW$USESV6$~STKCKD$USESV7$~SHL$OTIME$ROPI$EBA8$UX$STANDARDLIB$REQ8$PRES8$EABIv2 0x00000000   Number         0  anon$$obj.o ABSOLUTE
    __Vectors                                0x00000000   Data           4  startup_mkl05z4.o(RESET)
    __ARM_exceptions_init                     - Undefined Weak Reference
    __alloca_initialize                       - Undefined Weak Reference
    __arm_preinit_                            - Undefined Weak Reference
    __cpp_initialize__aeabi_                  - Undefined Weak Reference
    __cxa_finalize                            - Undefined Weak Reference
    __rt_locale                               - Undefined Weak Reference
    __sigvec_lookup                           - Undefined Weak Reference
    _atexit_init                              - Undefined Weak Reference
    _call_atexit_fns                          - Undefined Weak Reference
    _clock_init                               - Undefined Weak Reference
    _fp_trap_init                             - Undefined Weak Reference
    _fp_trap_shutdown                         - Undefined Weak Reference
    _get_lc_collate                           - Undefined Weak Reference
    _get_lc_ctype                             - Undefined Weak Reference
    _get_lc_monetary                          - Undefined Weak Reference
    _get_lc_numeric                           - Undefined Weak Reference
    _get_lc_time                              - Undefined Weak Reference
    _getenv_init                              - Undefined Weak Reference
    _handle_redirection                       - Undefined Weak Reference
    _init_alloc                               - Undefined Weak Reference
    _init_user_alloc                          - Undefined Weak Reference
    _initio                                   - Undefined Weak Reference
    _rand_init                                - Undefined Weak Reference
    _signal_finish                            - Undefined Weak Reference
    _signal_init                              - Undefined Weak Reference
    _terminate_alloc                          - Undefined Weak Reference
    _terminate_user_alloc                     - Undefined Weak Reference
    _terminateio                              - Undefined Weak Reference
    __Vectors_End                            0x000000c0   Data           0  startup_mkl05z4.o(RESET)
    __Vectors_Size                           0x000000c0   Number         0  startup_mkl05z4.o ABSOLUTE
    __main                                   0x000000c1   Thumb Code     8  __main.o(!!!main)
    __scatterload                            0x000000c9   Thumb Code     0  __scatter.o(!!!scatter)
    __scatterload_rt2                        0x000000c9   Thumb Code    52  __scatter.o(!!!scatter)
    __scatterload_rt2_thumb_only             0x000000c9   Thumb Code     0  __scatter.o(!!!scatter)
    __scatterload_null                       0x000000d9   Thumb Code     0  __scatter.o(!!!scatter)
    __scatterload_copy                       0x00000105   Thumb Code    26  __scatter_copy.o(!!handler_copy)
    __scatterload_zeroinit                   0x00000121   Thumb Code    28  __scatter_zi.o(!!handler_zi)
    __rt_lib_init                            0x0000013d   Thumb Code     0  libinit.o(.ARM.Collect$$libinit$$00000000)
    __rt_lib_init_alloca_1                   0x0000013f   Thumb Code     0  libinit2.o(.ARM.Collect$$libinit$$0000002E)
    __rt_lib_init_argv_1                     0x0000013f   Thumb Code     0  libinit2.o(.ARM.Collect$$libinit$$0000002C)
    __rt_lib_init_atexit_1                   0x0000013f   Thumb Code     0  libinit2.o(.ARM.Collect$$libinit$$0000001B)
    __rt_lib_init_clock_1                    0x0000013f   Thumb Code     0  libinit2.o(.ARM.Collect$$libinit$$00000021)
    __rt_lib_init_cpp_1                      0x0000013f   Thumb Code     0  libinit2.o(.ARM.Collect$$libinit$$00000032)
    __rt_lib_init_exceptions_1               0x0000013f   Thumb Code     0  libinit2.o(.ARM.Collect$$libinit$$00000030)
    __rt_lib_init_fp_1                       0x0000013f   Thumb Code     0  libinit2.o(.ARM.Collect$$libinit$$00000002)
    __rt_lib_init_fp_trap_1                  0x0000013f   Thumb Code     0  libinit2.o(.ARM.Collect$$libinit$$0000001F)
    __rt_lib_init_getenv_1                   0x0000013f   Thumb Code     0  libinit2.o(.ARM.Collect$$libinit$$00000023)
    __rt_lib_init_heap_1                     0x0000013f   Thumb Code     0  libinit2.o(.ARM.Collect$$libinit$$0000000A)
    __rt_lib_init_lc_collate_1               0x0000013f   Thumb Code     0  libinit2.o(.ARM.Collect$$libinit$$00000011)
    __rt_lib_init_lc_ctype_1                 0x0000013f   Thumb Code     0  libinit2.o(.ARM.Collect$$libinit$$00000013)
    __rt_lib_init_lc_monetary_1              0x0000013f   Thumb Code     0  libinit2.o(.ARM.Collect$$libinit$$00000015)
    __rt_lib_init_lc_numeric_1               0x0000013f   Thumb Code     0  libinit2.o(.ARM.Collect$$libinit$$00000017)
    __rt_lib_init_lc_time_1                  0x0000013f   Thumb Code     0  libinit2.o(.ARM.Collect$$libinit$$00000019)
    __rt_lib_init_preinit_1                  0x0000013f   Thumb Code     0  libinit2.o(.ARM.Collect$$libinit$$00000004)
    __rt_lib_init_rand_1                     0x0000013f   Thumb Code     0  libinit2.o(.ARM.Collect$$libinit$$0000000E)
    __rt_lib_init_return                     0x0000013f   Thumb Code     0  libinit2.o(.ARM.Collect$$libinit$$00000033)
    __rt_lib_init_signal_1                   0x0000013f   Thumb Code     0  libinit2.o(.ARM.Collect$$libinit$$0000001D)
    __rt_lib_init_stdio_1                    0x0000013f   Thumb Code     0  libinit2.o(.ARM.Collect$$libinit$$00000025)
    __rt_lib_init_user_alloc_1               0x0000013f   Thumb Code     0  libinit2.o(.ARM.Collect$$libinit$$0000000C)
    __rt_lib_shutdown                        0x00000141   Thumb Code     0  libshutdown.o(.ARM.Collect$$libshutdown$$00000000)
    __rt_lib_shutdown_cpp_1                  0x00000143   Thumb Code     0  libshutdown2.o(.ARM.Collect$$libshutdown$$00000002)
    __rt_lib_shutdown_fp_trap_1              0x00000143   Thumb Code     0  libshutdown2.o(.ARM.Collect$$libshutdown$$00000007)
    __rt_lib_shutdown_heap_1                 0x00000143   Thumb Code     0  libshutdown2.o(.ARM.Collect$$libshutdown$$0000000F)
    __rt_lib_shutdown_return                 0x00000143   Thumb Code     0  libshutdown2.o(.ARM.Collect$$libshutdown$$00000010)
    __rt_lib_shutdown_signal_1               0x00000143   Thumb Code     0  libshutdown2.o(.ARM.Collect$$libshutdown$$0000000A)
    __rt_lib_shutdown_stdio_1                0x00000143   Thumb Code     0  libshutdown2.o(.ARM.Collect$$libshutdown$$00000004)
    __rt_lib_shutdown_user_alloc_1           0x00000143   Thumb Code     0  libshutdown2.o(.ARM.Collect$$libshutdown$$0000000C)
    __rt_entry                               0x00000145   Thumb Code     0  __rtentry.o(.ARM.Collect$$rtentry$$00000000)
    __rt_entry_presh_1                       0x00000145   Thumb Code     0  __rtentry2.o(.ARM.Collect$$rtentry$$00000002)
    __rt_entry_sh                            0x00000145   Thumb Code     0  __rtentry4.o(.ARM.Collect$$rtentry$$00000004)
    __rt_entry_li                            0x0000014b   Thumb Code     0  __rtentry2.o(.ARM.Collect$$rtentry$$0000000A)
    __rt_entry_postsh_1                      0x0000014b   Thumb Code     0  __rtentry2.o(.ARM.Collect$$rtentry$$00000009)
    __rt_entry_main                          0x0000014f   Thumb Code     0  __rtentry2.o(.ARM.Collect$$rtentry$$0000000D)
    __rt_entry_postli_1                      0x0000014f   Thumb Code     0  __rtentry2.o(.ARM.Collect$$rtentry$$0000000C)
    __rt_exit                                0x00000157   Thumb Code     0  rtexit.o(.ARM.Collect$$rtexit$$00000000)
    __rt_exit_ls                             0x00000159   Thumb Code     0  rtexit2.o(.ARM.Collect$$rtexit$$00000003)
    __rt_exit_prels_1                        0x00000159   Thumb Code     0  rtexit2.o(.ARM.Collect$$rtexit$$00000002)
    __rt_exit_exit                           0x0000015d   Thumb Code     0  rtexit2.o(.ARM.Collect$$rtexit$$00000004)
    Reset_Handler                            0x00000165   Thumb Code     8  startup_mkl05z4.o(.text)
    NMI_Handler                              0x0000016d   Thumb Code     2  startup_mkl05z4.o(.text)
    HardFault_Handler                        0x0000016f   Thumb Code     2  startup_mkl05z4.o(.text)
    SVC_Handler                              0x00000171   Thumb Code     2  startup_mkl05z4.o(.text)
    PendSV_Handler                           0x00000173   Thumb Code     2  startup_mkl05z4.o(.text)
    ADC0_IRQHandler                          0x00000177   Thumb Code     0  startup_mkl05z4.o(.text)
    CMP0_IRQHandler                          0x00000177   Thumb Code     0  startup_mkl05z4.o(.text)
    DAC0_IRQHandler                          0x00000177   Thumb Code     0  startup_mkl05z4.o(.text)
    DMA0_IRQHandler                          0x00000177   Thumb Code     0  startup_mkl05z4.o(.text)
    DMA1_IRQHandler                          0x00000177   Thumb Code     0  startup_mkl05z4.o(.text)
    DMA2_IRQHandler                          0x00000177   Thumb Code     0  startup_mkl05z4.o(.text)
    DMA3_IRQHandler                          0x00000177   Thumb Code     0  startup_mkl05z4.o(.text)
    DefaultISR                               0x00000177   Thumb Code     0  startup_mkl05z4.o(.text)
    FTFA_IRQHandler                          0x00000177   Thumb Code     0  startup_mkl05z4.o(.text)
    I2C0_IRQHandler                          0x00000177   Thumb Code     0  startup_mkl05z4.o(.text)
    LLW_IRQHandler                           0x00000177   Thumb Code     0  startup_mkl05z4.o(.text)
    LPTimer_IRQHandler                       0x00000177   Thumb Code     0  startup_mkl05z4.o(.text)
    LVD_LVW_IRQHandler                       0x00000177   Thumb Code     0  startup_mkl05z4.o(.text)
    MCG_IRQHandler                           0x00000177   Thumb Code     0  startup_mkl05z4.o(.text)
    PORTA_IRQHandler                         0x00000177   Thumb Code     0  startup_mkl05z4.o(.text)
    PORTB_IRQHandler                         0x00000177   Thumb Code     0  startup_mkl05z4.o(.text)
    RTC_IRQHandler                           0x00000177   Thumb Code     0  startup_mkl05z4.o(.text)
    RTC_Seconds_IRQHandler                   0x00000177   Thumb Code     0  startup_mkl05z4.o(.text)
    Reserved20_IRQHandler                    0x00000177   Thumb Code     0  startup_mkl05z4.o(.text)
    Reserved25_IRQHandler                    0x00000177   Thumb Code     0  startup_mkl05z4.o(.text)
    Reserved27_IRQHandler                    0x00000177   Thumb Code     0  startup_mkl05z4.o(.text)
    Reserved29_IRQHandler                    0x00000177   Thumb Code     0  startup_mkl05z4.o(.text)
    Reserved30_IRQHandler                    0x00000177   Thumb Code     0  startup_mkl05z4.o(.text)
    Reserved35_IRQHandler                    0x00000177   Thumb Code     0  startup_mkl05z4.o(.text)
    Reserved39_IRQHandler                    0x00000177   Thumb Code     0  startup_mkl05z4.o(.text)
    Reserved40_IRQHandler                    0x00000177   Thumb Code     0  startup_mkl05z4.o(.text)
    Reserved45_IRQHandler                    0x00000177   Thumb Code     0  startup_mkl05z4.o(.text)
    SPI0_IRQHandler                          0x00000177   Thumb Code     0  startup_mkl05z4.o(.text)
    TPM0_IRQHandler                          0x00000177   Thumb Code     0  startup_mkl05z4.o(.text)
    UART0_IRQHandler                         0x00000177   Thumb Code     0  startup_mkl05z4.o(.text)
    __user_initial_stackheap                 0x00000179   Thumb Code     0  startup_mkl05z4.o(.text)
    __use_two_region_memory                  0x00000199   Thumb Code     2  heapauxi.o(.text)
    __rt_heap_escrow$2region                 0x0000019b   Thumb Code     2  heapauxi.o(.text)
    __rt_heap_expand$2region                 0x0000019d   Thumb Code     2  heapauxi.o(.text)
    __aeabi_d2iz                             0x000001a1   Thumb Code     0  dfixi.o(.text)
    _dfix                                    0x000001a1   Thumb Code    98  dfixi.o(.text)
    __aeabi_i2d_normalise                    0x0000020d   Thumb Code    66  dflti.o(.text)
    __aeabi_i2d                              0x0000024f   Thumb Code    16  dflti.o(.text)
    _dflt                                    0x0000024f   Thumb Code     0  dflti.o(.text)
    __aeabi_ui2d                             0x0000025f   Thumb Code     6  dflti.o(.text)
    _dfltu                                   0x0000025f   Thumb Code     0  dflti.o(.text)
    __user_setup_stackheap                   0x00000265   Thumb Code    62  sys_stackheap_outer.o(.text)
    exit                                     0x000002a3   Thumb Code    16  exit.o(.text)
    __user_libspace                          0x000002b5   Thumb Code     8  libspace.o(.text)
    __user_perproc_libspace                  0x000002b5   Thumb Code     0  libspace.o(.text)
    __user_perthread_libspace                0x000002b5   Thumb Code     0  libspace.o(.text)
    _sys_exit                                0x000002bd   Thumb Code     8  sys_exit.o(.text)
    __I$use$semihosting                      0x000002c9   Thumb Code     0  use_no_semi.o(.text)
    __use_no_semihosting_swi                 0x000002c9   Thumb Code     2  use_no_semi.o(.text)
    __semihosting_library_function           0x000002cb   Thumb Code     0  indicate_semi.o(.text)
    I2C_Init                                 0x000002cd   Thumb Code   104  i2c.o(.text.I2C_Init)
    I2C_Write                                0x00000335   Thumb Code    64  i2c.o(.text.I2C_Write)
    LCD1602_ClearAll                         0x00000375   Thumb Code    12  lcd1602.o(.text.LCD1602_ClearAll)
    LCD1602_Init                             0x00000381   Thumb Code    76  lcd1602.o(.text.LCD1602_Init)
    LCD1602_Print                            0x000003cd   Thumb Code    32  lcd1602.o(.text.LCD1602_Print)
    LED_Welcome                              0x000003ed   Thumb Code    20  led.o(.text.LED_Welcome)
    __aeabi_ddiv                             0x00000411   Thumb Code     0  ddiv.o(.text)
    _ddiv                                    0x00000411   Thumb Code  1072  ddiv.o(.text)
    _drdiv                                   0x00000841   Thumb Code    20  ddiv.o(.text)
    __aeabi_dmul                             0x00000859   Thumb Code     0  dmul.o(.text)
    _dmul                                    0x00000859   Thumb Code   558  dmul.o(.text)
    LCD1602_PrintNum                         0x00000aa1   Thumb Code    44  lcd1602.o(.text.LCD1602_PrintNum)
    LCD1602_SetCursor                        0x00000acd   Thumb Code    24  lcd1602.o(.text.LCD1602_SetCursor)
    LCD1602_Write4                           0x00000ae5   Thumb Code    40  lcd1602.o(.text.LCD1602_Write4)
    LCD1602_Write8                           0x00000b0d   Thumb Code    26  lcd1602.o(.text.LCD1602_Write8)
    LED_Blink                                0x00000b29   Thumb Code    52  led.o(.text.LED_Blink)
    LED_Ctrl                                 0x00000b5d   Thumb Code    60  led.o(.text.LED_Ctrl)
    LED_Init                                 0x00000b99   Thumb Code    60  led.o(.text.LED_Init)
    PCF8574_Write                            0x00000bd5   Thumb Code    28  lcd1602.o(.text.PCF8574_Write)
    PIT_IRQHandler                           0x00000bf1   Thumb Code    32  pit.o(.text.PIT_IRQHandler)
    PIT_Init_Generator                       0x00000c11   Thumb Code    88  pit.o(.text.PIT_Init_Generator)
    PIT_SetTSV                               0x00000c69   Thumb Code    32  pit.o(.text.PIT_SetTSV)
    SysTick_Handler                          0x00000ca9   Thumb Code    24  main.o(.text.SysTick_Handler)
    SystemInit                               0x00000cc1   Thumb Code    76  system_mkl05z4.o(.text.SystemInit)
    TPM1_GetVal                              0x00000d0d   Thumb Code     8  tpm.o(.text.TPM1_GetVal)
    TPM1_IRQHandler                          0x00000d15   Thumb Code    48  tpm.o(.text.TPM1_IRQHandler)
    TPM1_Init_InputCapture                   0x00000d45   Thumb Code   112  tpm.o(.text.TPM1_Init_InputCapture)
    TSI0_IRQHandler                          0x00000db5   Thumb Code    24  tsi.o(.text.TSI0_IRQHandler)
    TSI_Init                                 0x00000dcd   Thumb Code    80  tsi.o(.text.TSI_Init)
    TSI_ReadSlider                           0x00000e1d   Thumb Code    80  tsi.o(.text.TSI_ReadSlider)
    change_electrode                         0x00000f1d   Thumb Code    76  tsi.o(.text.change_electrode)
    i2c_disable                              0x00000f69   Thumb Code    12  i2c.o(.text.i2c_disable)
    i2c_enable                               0x00000f75   Thumb Code    12  i2c.o(.text.i2c_enable)
    i2c_m_start                              0x00000f81   Thumb Code    12  i2c.o(.text.i2c_m_start)
    i2c_m_stop                               0x00000f8d   Thumb Code    12  i2c.o(.text.i2c_m_stop)
    i2c_send                                 0x00000f99   Thumb Code    12  i2c.o(.text.i2c_send)
    i2c_tran                                 0x00000fa5   Thumb Code    16  i2c.o(.text.i2c_tran)
    i2c_wait                                 0x00000fb5   Thumb Code    68  i2c.o(.text.i2c_wait)
    itoa                                     0x00000ff9   Thumb Code   118  lcd1602.o(.text.itoa)
    lcd_static                               0x00001071   Thumb Code    68  main.o(.text.lcd_static)
    lcd_update                               0x000010b5   Thumb Code    92  main.o(.text.lcd_update)
    main                                     0x00001111   Thumb Code   108  main.o(.text.main)
    self_calibration                         0x0000117d   Thumb Code   172  tsi.o(.text.self_calibration)
    __aeabi_uidiv                            0x00001229   Thumb Code    68  aeabi_sdivfast.o(.text_divfast)
    __aeabi_idiv                             0x0000126d   Thumb Code   434  aeabi_sdivfast.o(.text_divfast)
    __I$use$fp                               0x0000141e   Number         0  usenofp.o(x$fpl$usenofp)
    Region$$Table$$Base                      0x000014d0   Number         0  anon$$obj.o(Region$$Table)
    Region$$Table$$Limit                     0x000014f0   Number         0  anon$$obj.o(Region$$Table)
    __libspace_start                         0x1ffffc08   Data          96  libspace.o(.bss)
    __temporary_stack_top$libspace           0x1ffffc68   Data           0  libspace.o(.bss)



==============================================================================

Memory Map of the image

  Image Entry point : 0x000000c1

  Load Region LR_IROM1 (Base: 0x00000000, Size: 0x000014f8, Max: 0x00008000, ABSOLUTE)

    Execution Region ER_IROM1 (Exec base: 0x00000000, Load base: 0x00000000, Size: 0x000014f0, Max: 0x00008000, ABSOLUTE)

    Exec Addr    Load Addr    Size         Type   Attr      Idx    E Section Name        Object

    0x00000000   0x00000000   0x000000c0   Data   RO          180    RESET               startup_mkl05z4.o
    0x000000c0   0x000000c0   0x00000008   Code   RO          215  * !!!main             c_p.l(__main.o)
    0x000000c8   0x000000c8   0x0000003c   Code   RO          400    !!!scatter          c_p.l(__scatter.o)
    0x00000104   0x00000104   0x0000001a   Code   RO          402    !!handler_copy      c_p.l(__scatter_copy.o)
    0x0000011e   0x0000011e   0x00000002   PAD
    0x00000120   0x00000120   0x0000001c   Code   RO          404    !!handler_zi        c_p.l(__scatter_zi.o)
    0x0000013c   0x0000013c   0x00000002   Code   RO          263    .ARM.Collect$$libinit$$00000000  c_p.l(libinit.o)
    0x0000013e   0x0000013e   0x00000000   Code   RO          277    .ARM.Collect$$libinit$$00000002  c_p.l(libinit2.o)
    0x0000013e   0x0000013e   0x00000000   Code   RO          279    .ARM.Collect$$libinit$$00000004  c_p.l(libinit2.o)
    0x0000013e   0x0000013e   0x00000000   Code   RO          282    .ARM.Collect$$libinit$$0000000A  c_p.l(libinit2.o)
    0x0000013e   0x0000013e   0x00000000   Code   RO          284    .ARM.Collect$$libinit$$0000000C  c_p.l(libinit2.o)
    0x0000013e   0x0000013e   0x00000000   Code   RO          286    .ARM.Collect$$libinit$$0000000E  c_p.l(libinit2.o)
    0x0000013e   0x0000013e   0x00000000   Code   RO          289    .ARM.Collect$$libinit$$00000011  c_p.l(libinit2.o)
    0x0000013e   0x0000013e   0x00000000   Code   RO          291    .ARM.Collect$$libinit$$00000013  c_p.l(libinit2.o)
    0x0000013e   0x0000013e   0x00000000   Code   RO          293    .ARM.Collect$$libinit$$00000015  c_p.l(libinit2.o)
    0x0000013e   0x0000013e   0x00000000   Code   RO          295    .ARM.Collect$$libinit$$00000017  c_p.l(libinit2.o)
    0x0000013e   0x0000013e   0x00000000   Code   RO          297    .ARM.Collect$$libinit$$00000019  c_p.l(libinit2.o)
    0x0000013e   0x0000013e   0x00000000   Code   RO          299    .ARM.Collect$$libinit$$0000001B  c_p.l(libinit2.o)
    0x0000013e   0x0000013e   0x00000000   Code   RO          301    .ARM.Collect$$libinit$$0000001D  c_p.l(libinit2.o)
    0x0000013e   0x0000013e   0x00000000   Code   RO          303    .ARM.Collect$$libinit$$0000001F  c_p.l(libinit2.o)
    0x0000013e   0x0000013e   0x00000000   Code   RO          305    .ARM.Collect$$libinit$$00000021  c_p.l(libinit2.o)
    0x0000013e   0x0000013e   0x00000000   Code   RO          307    .ARM.Collect$$libinit$$00000023  c_p.l(libinit2.o)
    0x0000013e   0x0000013e   0x00000000   Code   RO          309    .ARM.Collect$$libinit$$00000025  c_p.l(libinit2.o)
    0x0000013e   0x0000013e   0x00000000   Code   RO          313    .ARM.Collect$$libinit$$0000002C  c_p.l(libinit2.o)
    0x0000013e   0x0000013e   0x00000000   Code   RO          315    .ARM.Collect$$libinit$$0000002E  c_p.l(libinit2.o)
    0x0000013e   0x0000013e   0x00000000   Code   RO          317    .ARM.Collect$$libinit$$00000030  c_p.l(libinit2.o)
    0x0000013e   0x0000013e   0x00000000   Code   RO          319    .ARM.Collect$$libinit$$00000032  c_p.l(libinit2.o)
    0x0000013e   0x0000013e   0x00000002   Code   RO          320    .ARM.Collect$$libinit$$00000033  c_p.l(libinit2.o)
    0x00000140   0x00000140   0x00000002   Code   RO          355    .ARM.Collect$$libshutdown$$00000000  c_p.l(libshutdown.o)
    0x00000142   0x00000142   0x00000000   Code   RO          383    .ARM.Collect$$libshutdown$$00000002  c_p.l(libshutdown2.o)
    0x00000142   0x00000142   0x00000000   Code   RO          385    .ARM.Collect$$libshutdown$$00000004  c_p.l(libshutdown2.o)
    0x00000142   0x00000142   0x00000000   Code   RO          388    .ARM.Collect$$libshutdown$$00000007  c_p.l(libshutdown2.o)
    0x00000142   0x00000142   0x00000000   Code   RO          391    .ARM.Collect$$libshutdown$$0000000A  c_p.l(libshutdown2.o)
    0x00000142   0x00000142   0x00000000   Code   RO          393    .ARM.Collect$$libshutdown$$0000000C  c_p.l(libshutdown2.o)
    0x00000142   0x00000142   0x00000000   Code   RO          396    .ARM.Collect$$libshutdown$$0000000F  c_p.l(libshutdown2.o)
    0x00000142   0x00000142   0x00000002   Code   RO          397    .ARM.Collect$$libshutdown$$00000010  c_p.l(libshutdown2.o)
    0x00000144   0x00000144   0x00000000   Code   RO          226    .ARM.Collect$$rtentry$$00000000  c_p.l(__rtentry.o)
    0x00000144   0x00000144   0x00000000   Code   RO          233    .ARM.Collect$$rtentry$$00000002  c_p.l(__rtentry2.o)
    0x00000144   0x00000144   0x00000006   Code   RO          245    .ARM.Collect$$rtentry$$00000004  c_p.l(__rtentry4.o)
    0x0000014a   0x0000014a   0x00000000   Code   RO          235    .ARM.Collect$$rtentry$$00000009  c_p.l(__rtentry2.o)
    0x0000014a   0x0000014a   0x00000004   Code   RO          236    .ARM.Collect$$rtentry$$0000000A  c_p.l(__rtentry2.o)
    0x0000014e   0x0000014e   0x00000000   Code   RO          238    .ARM.Collect$$rtentry$$0000000C  c_p.l(__rtentry2.o)
    0x0000014e   0x0000014e   0x00000008   Code   RO          239    .ARM.Collect$$rtentry$$0000000D  c_p.l(__rtentry2.o)
    0x00000156   0x00000156   0x00000002   Code   RO          268    .ARM.Collect$$rtexit$$00000000  c_p.l(rtexit.o)
    0x00000158   0x00000158   0x00000000   Code   RO          326    .ARM.Collect$$rtexit$$00000002  c_p.l(rtexit2.o)
    0x00000158   0x00000158   0x00000004   Code   RO          327    .ARM.Collect$$rtexit$$00000003  c_p.l(rtexit2.o)
    0x0000015c   0x0000015c   0x00000006   Code   RO          328    .ARM.Collect$$rtexit$$00000004  c_p.l(rtexit2.o)
    0x00000162   0x00000162   0x00000002   PAD
    0x00000164   0x00000164   0x00000034   Code   RO          182    .text               startup_mkl05z4.o
    0x00000198   0x00000198   0x00000006   Code   RO          213    .text               c_p.l(heapauxi.o)
    0x0000019e   0x0000019e   0x00000002   PAD
    0x000001a0   0x000001a0   0x0000006c   Code   RO          220    .text               fz_ps.l(dfixi.o)
    0x0000020c   0x0000020c   0x00000058   Code   RO          222    .text               fz_ps.l(dflti.o)
    0x00000264   0x00000264   0x0000003e   Code   RO          249    .text               c_p.l(sys_stackheap_outer.o)
    0x000002a2   0x000002a2   0x00000010   Code   RO          252    .text               c_p.l(exit.o)
    0x000002b2   0x000002b2   0x00000002   PAD
    0x000002b4   0x000002b4   0x00000008   Code   RO          264    .text               c_p.l(libspace.o)
    0x000002bc   0x000002bc   0x0000000c   Code   RO          321    .text               c_p.l(sys_exit.o)
    0x000002c8   0x000002c8   0x00000002   Code   RO          344    .text               c_p.l(use_no_semi.o)
    0x000002ca   0x000002ca   0x00000000   Code   RO          346    .text               c_p.l(indicate_semi.o)
    0x000002ca   0x000002ca   0x00000002   PAD
    0x000002cc   0x000002cc   0x00000068   Code   RO            2    .text.I2C_Init      i2c.o
    0x00000334   0x00000334   0x00000040   Code   RO            4    .text.I2C_Write     i2c.o
    0x00000374   0x00000374   0x0000000c   Code   RO           39    .text.LCD1602_ClearAll  lcd1602.o
    0x00000380   0x00000380   0x0000004c   Code   RO           31    .text.LCD1602_Init  lcd1602.o
    0x000003cc   0x000003cc   0x00000020   Code   RO           41    .text.LCD1602_Print  lcd1602.o
    0x000003ec   0x000003ec   0x00000014   Code   RO           66    .text.LED_Welcome   led.o
    0x00000400   0x00000400   0x00000010   Code   RO          181    .ARM.__at_0x400     startup_mkl05z4.o
    0x00000410   0x00000410   0x00000448   Code   RO          217    .text               fz_ps.l(ddiv.o)
    0x00000858   0x00000858   0x00000248   Code   RO          224    .text               fz_ps.l(dmul.o)
    0x00000aa0   0x00000aa0   0x0000002c   Code   RO           43    .text.LCD1602_PrintNum  lcd1602.o
    0x00000acc   0x00000acc   0x00000018   Code   RO           37    .text.LCD1602_SetCursor  lcd1602.o
    0x00000ae4   0x00000ae4   0x00000028   Code   RO           49    .text.LCD1602_Write4  lcd1602.o
    0x00000b0c   0x00000b0c   0x0000001a   Code   RO           35    .text.LCD1602_Write8  lcd1602.o
    0x00000b26   0x00000b26   0x00000002   PAD
    0x00000b28   0x00000b28   0x00000034   Code   RO           64    .text.LED_Blink     led.o
    0x00000b5c   0x00000b5c   0x0000003c   Code   RO           62    .text.LED_Ctrl      led.o
    0x00000b98   0x00000b98   0x0000003c   Code   RO           60    .text.LED_Init      led.o
    0x00000bd4   0x00000bd4   0x0000001c   Code   RO           33    .text.PCF8574_Write  lcd1602.o
    0x00000bf0   0x00000bf0   0x00000020   Code   RO          141    .text.PIT_IRQHandler  pit.o
    0x00000c10   0x00000c10   0x00000058   Code   RO          131    .text.PIT_Init_Generator  pit.o
    0x00000c68   0x00000c68   0x00000020   Code   RO          139    .text.PIT_SetTSV    pit.o
    0x00000c88   0x00000c88   0x00000020   Code   RO          110    .text.SysTick_Config  main.o
    0x00000ca8   0x00000ca8   0x00000018   Code   RO          114    .text.SysTick_Handler  main.o
    0x00000cc0   0x00000cc0   0x0000004c   Code   RO          191    .text.SystemInit    system_mkl05z4.o
    0x00000d0c   0x00000d0c   0x00000008   Code   RO          162    .text.TPM1_GetVal   tpm.o
    0x00000d14   0x00000d14   0x00000030   Code   RO          166    .text.TPM1_IRQHandler  tpm.o
    0x00000d44   0x00000d44   0x00000070   Code   RO          152    .text.TPM1_Init_InputCapture  tpm.o
    0x00000db4   0x00000db4   0x00000018   Code   RO           91    .text.TSI0_IRQHandler  tsi.o
    0x00000dcc   0x00000dcc   0x00000050   Code   RO           77    .text.TSI_Init      tsi.o
    0x00000e1c   0x00000e1c   0x00000050   Code   RO           87    .text.TSI_ReadSlider  tsi.o
    0x00000e6c   0x00000e6c   0x0000000c   Code   RO           81    .text.__NVIC_ClearPendingIRQ  tsi.o
    0x00000e78   0x00000e78   0x0000000c   Code   RO          135    .text.__NVIC_ClearPendingIRQ  pit.o
    0x00000e84   0x00000e84   0x00000010   Code   RO          156    .text.__NVIC_ClearPendingIRQ  tpm.o
    0x00000e94   0x00000e94   0x0000000c   Code   RO           83    .text.__NVIC_EnableIRQ  tsi.o
    0x00000ea0   0x00000ea0   0x0000000c   Code   RO          137    .text.__NVIC_EnableIRQ  pit.o
    0x00000eac   0x00000eac   0x00000010   Code   RO          158    .text.__NVIC_EnableIRQ  tpm.o
    0x00000ebc   0x00000ebc   0x00000018   Code   RO           79    .text.__NVIC_SetPriority  tsi.o
    0x00000ed4   0x00000ed4   0x00000018   Code   RO          116    .text.__NVIC_SetPriority  main.o
    0x00000eec   0x00000eec   0x00000018   Code   RO          133    .text.__NVIC_SetPriority  pit.o
    0x00000f04   0x00000f04   0x00000018   Code   RO          154    .text.__NVIC_SetPriority  tpm.o
    0x00000f1c   0x00000f1c   0x0000004c   Code   RO           89    .text.change_electrode  tsi.o
    0x00000f68   0x00000f68   0x0000000c   Code   RO           18    .text.i2c_disable   i2c.o
    0x00000f74   0x00000f74   0x0000000c   Code   RO            6    .text.i2c_enable    i2c.o
    0x00000f80   0x00000f80   0x0000000c   Code   RO           10    .text.i2c_m_start   i2c.o
    0x00000f8c   0x00000f8c   0x0000000c   Code   RO           16    .text.i2c_m_stop    i2c.o
    0x00000f98   0x00000f98   0x0000000c   Code   RO           12    .text.i2c_send      i2c.o
    0x00000fa4   0x00000fa4   0x00000010   Code   RO            8    .text.i2c_tran      i2c.o
    0x00000fb4   0x00000fb4   0x00000044   Code   RO           14    .text.i2c_wait      i2c.o
    0x00000ff8   0x00000ff8   0x00000076   Code   RO           45    .text.itoa          lcd1602.o
    0x0000106e   0x0000106e   0x00000002   PAD
    0x00001070   0x00001070   0x00000044   Code   RO          108    .text.lcd_static    main.o
    0x000010b4   0x000010b4   0x0000005c   Code   RO          112    .text.lcd_update    main.o
    0x00001110   0x00001110   0x0000006c   Code   RO          106    .text.main          main.o
    0x0000117c   0x0000117c   0x000000ac   Code   RO           85    .text.self_calibration  tsi.o
    0x00001228   0x00001228   0x000001f6   Code   RO          206    .text_divfast       c_p.l(aeabi_sdivfast.o)
    0x0000141e   0x0000141e   0x00000000   Code   RO          231    x$fpl$usenofp       fz_ps.l(usenofp.o)
    0x0000141e   0x0000141e   0x00000080   Data   RO          218    .constdata          fz_ps.l(ddiv.o)
    0x0000149e   0x0000149e   0x00000002   Data   RO           95    .rodata.elec_array  tsi.o
    0x000014a0   0x000014a0   0x00000030   Data   RO           68    .rodata.led         led.o
    0x000014d0   0x000014d0   0x00000020   Data   RO          399    Region$$Table       anon$$obj.o


    Execution Region RW_IRAM1 (Exec base: 0x1ffffc00, Load base: 0x000014f0, Size: 0x00000180, Max: 0x00001000, ABSOLUTE)

    Exec Addr    Load Addr    Size         Type   Attr      Idx    E Section Name        Object

    0x1ffffc00   0x000014f0   0x00000001   Data   RW           51    .data.lcd_backlight  lcd1602.o
    0x1ffffc01   0x000014f1   0x00000001   Data   RW          120    .data.sliderVal     main.o
    0x1ffffc02   0x000014f2   0x00000006   PAD
    0x1ffffc08        -       0x00000060   Zero   RW          265    .bss                c_p.l(libspace.o)
    0x1ffffc68        -       0x00000001   Zero   RW           93    .bss.end_flag       tsi.o
    0x1ffffc69        -       0x00000001   Zero   RW           22    .bss.error          i2c.o
    0x1ffffc6a        -       0x00000004   Zero   RW           96    .bss.gu16Baseline   tsi.o
    0x1ffffc6e        -       0x00000004   Zero   RW           94    .bss.gu16Delta      tsi.o
    0x1ffffc72        -       0x00000001   Zero   RW          119    .bss.msTicks        main.o
    0x1ffffc73        -       0x00000001   Zero   RW          118    .bss.newTick        main.o
    0x1ffffc74        -       0x00000001   Zero   RW           97    .bss.ongoing_elec   tsi.o
    0x1ffffc75        -       0x00000001   Zero   RW          143    .bss.pitEnabled     pit.o
    0x1ffffc76        -       0x00000001   Zero   RW          121    .bss.sliderOld      main.o
    0x1ffffc77   0x000014f2   0x00000001   PAD
    0x1ffffc78        -       0x00000002   Zero   RW          169    .bss.tpm1Diff       tpm.o
    0x1ffffc7a        -       0x00000002   Zero   RW          170    .bss.tpm1New        tpm.o
    0x1ffffc7c   0x000014f2   0x00000004   PAD
    0x1ffffc80        -       0x00000000   Zero   RW          179    HEAP                startup_mkl05z4.o
    0x1ffffc80        -       0x00000100   Zero   RW          178    STACK               startup_mkl05z4.o


==============================================================================

Image component sizes


      Code (inc. data)   RO Data    RW Data    ZI Data      Debug   Object Name

       312         36          0          0          1       2988   i2c.o
       400         20          0          1          0       2889   lcd1602.o
       192          8         48          0          0       2964   led.o
       348         80          0          1          3       3132   main.o
       200         36          0          0          1       3961   pit.o
        68         38        192          0        256        808   startup_mkl05z4.o
        76         16          0          0          0       2309   system_mkl05z4.o
       224         36          0          0          4       4457   tpm.o
       480         52          2          0         10       4718   tsi.o

    ----------------------------------------------------------------------
      2304        322        274          4        284      28226   Object Totals
         0          0         32          0          0          0   (incl. Generated)
         4          0          0          2          9          0   (incl. Padding)

    ----------------------------------------------------------------------

      Code (inc. data)   RO Data    RW Data    ZI Data      Debug   Library Member Name

         8          0          0          0          0         68   __main.o
         0          0          0          0          0          0   __rtentry.o
        12          0          0          0          0          0   __rtentry2.o
         6          0          0          0          0          0   __rtentry4.o
        60          8          0          0          0          0   __scatter.o
        26          0          0          0          0          0   __scatter_copy.o
        28          0          0          0          0          0   __scatter_zi.o
       502          0          0          0          0         92   aeabi_sdivfast.o
        16          0          0          0          0         68   exit.o
         6          0          0          0          0        136   heapauxi.o
         0          0          0          0          0          0   indicate_semi.o
         2          0          0          0          0          0   libinit.o
         2          0          0          0          0          0   libinit2.o
         2          0          0          0          0          0   libshutdown.o
         2          0          0          0          0          0   libshutdown2.o
         8          4          0          0         96         68   libspace.o
         2          0          0          0          0          0   rtexit.o
        10          0          0          0          0          0   rtexit2.o
        12          4          0          0          0         60   sys_exit.o
        62          0          0          0          0         80   sys_stackheap_outer.o
         2          0          0          0          0         68   use_no_semi.o
      1096         26        128          0          0        112   ddiv.o
       108         10          0          0          0         72   dfixi.o
        88          0          0          0          0         92   dflti.o
       584         26          0          0          0         84   dmul.o
         0          0          0          0          0          0   usenofp.o

    ----------------------------------------------------------------------
      2654         78        128          0         96       1000   Library Totals
        10          0          0          0          0          0   (incl. Padding)

    ----------------------------------------------------------------------

      Code (inc. data)   RO Data    RW Data    ZI Data      Debug   Library Name

       768         16          0          0         96        640   c_p.l
      1876         62        128          0          0        360   fz_ps.l

    ----------------------------------------------------------------------
      2654         78        128          0         96       1000   Library Totals

    ----------------------------------------------------------------------

==============================================================================


      Code (inc. data)   RO Data    RW Data    ZI Data      Debug   

      4958        400        402          4        380      28794   Grand Totals
      4958        400        402          4        380      28794   ELF Image Totals
      4958        400        402          4          0          0   ROM Totals

==============================================================================

    Total RO  Size (Code + RO Data)                 5360 (   5.23kB)
    Total RW  Size (RW Data + ZI Data)               384 (   0.38kB)
    Total ROM Size (Code + RO Data + RW Data)       5364 (   5.24kB)

==============================================================================

