<html>
<body>
<pre>
<h1>µVision Build Log</h1>
<h2>Tool Versions:</h2>
IDE-Version: µVision V5.31.0.0
Copyright (C) 2020 ARM Ltd and ARM Germany GmbH. All rights reserved.
License Information: Adrian Smo³a, AGH, LIC=----
 
Tool Versions:
Toolchain:       MDK-Lite  Version: 5.31.0.0
Toolchain Path:  C:\Keil_v5\ARM\ARMCLANG\Bin
C Compiler:      ArmClang.exe V6.14
Assembler:       Armasm.exe V6.14
Linker/Locator:  ArmLink.exe V6.14
Library Manager: ArmAr.exe V6.14
Hex Converter:   FromElf.exe V6.14
CPU DLL:         SARMCM3.DLL V5.31.0.0
Dialog DLL:      DARMCM1.DLL V1.19.3.0
Target DLL:      Segger\JL2CM3.dll V2.99.38.0
Dialog DLL:      TARMCM1.DLL V1.14.2.0
 
<h2>Project:</h2>
C:\Users\strze\Dev\MPT\lab_2\ex10_2\rgb_button.uvprojx
Project File Date:  10/16/2020

<h2>Output:</h2>
*** Using Compiler 'V6.14', folder: 'C:\Keil_v5\ARM\ARMCLANG\Bin'
Build target 'Target 1'
main.c(9): warning: no previous prototype for function 'delay_ms' [-Wmissing-prototypes]
void delay_ms( int n) {
     ^
main.c(9): note: declare 'static' if the function is not intended to be used outside of this translation unit
void delay_ms( int n) {
^
static 
main.c(20): warning: binary integer literals are a GNU extension [-Wgnu-binary-literal]
PTB->PDDR |= (0b111<<RED_LED_POS); /* Set RED LED pin as output */
              ^
main.c(21): warning: binary integer literals are a GNU extension [-Wgnu-binary-literal]
PTB->PSOR |= (0b111<<RED_LED_POS); /* Turn off RED LED */
              ^
main.c(31): warning: no newline at end of file [-Wnewline-eof]
}
 ^
4 warnings generated.
compiling main.c...
linking...
Program Size: Code=500 RO-data=540 RW-data=0 ZI-data=352  
".\Objects\rgb_button.axf" - 0 Error(s), 4 Warning(s).

<h2>Software Packages used:</h2>

Package Vendor: ARM
                http://www.keil.com/pack/ARM.CMSIS.5.7.0.pack
                ARM.CMSIS.5.7.0
                CMSIS (Cortex Microcontroller Software Interface Standard)
   * Component: CORE Version: 5.4.0

Package Vendor: Keil
                http://www.keil.com/pack/Keil.Kinetis_KLxx_DFP.1.15.0.pack
                Keil.Kinetis_KLxx_DFP.1.15.0
                NXP Kinetis KLxx Series Device Support and Examples
   * Component: Startup Version: 1.0.0

<h2>Collection of Component include folders:</h2>
  .\RTE\_Target_1
  C:\Users\strze\AppData\Local\Arm\Packs\ARM\CMSIS\5.7.0\CMSIS\Core\Include
  C:\Users\strze\AppData\Local\Arm\Packs\Keil\Kinetis_KLxx_DFP\1.15.0\Device\Include

<h2>Collection of Component Files used:</h2>

   * Component: ARM::CMSIS:CORE:5.4.0

   * Component: Keil::Device:Startup:1.0.0
      Source file:   Device\Source\ARM\startup_MKL05Z4.s
      Source file:   Device\Source\system_MKL05Z4.c
Build Time Elapsed:  00:00:00
</pre>
</body>
</html>
